Using given USB port: /dev/ttyUSB0 for LVPS microcontroller board
Staring Master Control at: 14-03-2024 01-45-46
Using given USB port: /dev/ttyUSB0 for LVPS microcontroller board
Staring Master Control at: 14-03-2024 01-57-40
 Queue: /CStoRC, message received: aa0100000000000000
A sequence was received. Starting to execute the sequence. Here is the sequence payload: 0100000000000000
Sequence ID: 1 was received.
Loading the filename: /home/trinity/Programs/Trinity/control_software/sequences/power_on_seq.txt
# Initializing the SIAB Process and Sleeping for 2 seconds
sequence message: 100300000000000000
CPU Time is: 240314_015908
delaying for 2 seconds.
# Initializing the TRGB Process and Sleeping for 2 seconds
sequence message: 100400000000000000
CPU Time is: 240314_015910
delaying for 2 seconds.
# Initializing the COBO Process and Sleeping for 2 seconds
sequence message: 100500000000000000
CPU Time is: 240314_015912
delaying for 2 seconds.
# Initializing the LVPS Process and Sleeping for 5 seconds
sequence message: 100600000000000000
CPU Time is: 240314_015914
delaying for 5 seconds.
Finished loading this sequence: /home/trinity/Programs/Trinity/control_software/sequences/power_on_seq.txt
 Queue: /CStoRC, message received: aa0200000000000000
A sequence was received. Starting to execute the sequence. Here is the sequence payload: 0200000000000000
Sequence ID: 2 was received.
Loading the filename: /home/trinity/Programs/Trinity/control_software/sequences/init_seq.txt
# Turning on Music Chips on SIABs and Sleeping for 4 seconds
sequence message: 200000FFFF08000000
CPU Time is: 240314_015928
delaying for 4 seconds.
# Initializing the Music SPI communication and Sleeping for 4 seconds
sequence message: 200000FFFF10000000
CPU Time is: 240314_015932
delaying for 4 seconds.
# Initializing the Trigger Board and Sleeping for 3 seconds
sequence message: 300200000000000000
CPU Time is: 240314_015936
delaying for 3 seconds.
# Preparing the Trigger Board and Sleeping for 3 seconds
sequence message: 300400640000000000
CPU Time is: 240314_015939
delaying for 3 seconds.
# Running the getEccServer and Sleeping for 5 seconds
sequence message: 400100000000000000
CPU Time is: 240314_015942
delaying for 5 seconds.
# Running the DataRouter and Sleeping for 5 seconds
sequence message: 400200000000000000
CPU Time is: 240314_015947
delaying for 5 seconds.
Finished loading this sequence: /home/trinity/Programs/Trinity/control_software/sequences/init_seq.txt
 Queue: /CStoRC, message received: 100c00000000000000
CPU Time is: 240314_020003
 Queue: /CStoRC, message received: 100d00000000000000
CPU Time is: 240314_020146
 Queue: /CStoRC, message received: aa0302000000000000
A sequence was received. Starting to execute the sequence. Here is the sequence payload: 0302000000000000
Sequence ID: 3 was received.
Loading the filename: /home/trinity/Programs/Trinity/control_software/sequences/config_seq_02.txt
# Load the bottom Music Configuration from EEPROM and Sleeping for 5 Seconds
sequence message: 200000FFFF11010000
CPU Time is: 240314_020204
delaying for 5 seconds.
# Load the top Music Configuration from EEPROM and Sleeping for 5 Seconds
sequence message: 200000FFFF11020000
CPU Time is: 240314_020209
delaying for 5 seconds.
# Write the Loaded Configuration into bottom Music chips and Sleeping for 30 Seconds
sequence message: 200000FFFF13010000
CPU Time is: 240314_020214
delaying for 15 seconds.
# Write the Loaded Configuration into top Music chips and Sleeping for 30 Seconds
sequence message: 200000FFFF13020000
CPU Time is: 240314_020229
delaying for 15 seconds.
 Queue: /CStoRC, message received: 100c00000000000000
CPU Time is: 240314_020244
# Load the Bias Voltage into top and Bottom Music chips and Sleeping for 90 Seconds
sequence message: 200000FFFF24000000
CPU Time is: 240314_020244
delaying for 50 seconds.
# Configure the Trigger Board and Sleeping for 5 seconds
sequence message: 3005040502000F51C3
CPU Time is: 240314_020334
delaying for 5 seconds.
# Initialize the CoBo and Sleeping for 30 seconds
sequence message: 400300000000000000
CPU Time is: 240314_020339
delaying for 30 seconds.
Finished loading this sequence: /home/trinity/Programs/Trinity/control_software/sequences/config_seq_02.txt
 Queue: /CStoRC, message received: aa0400000000000000
A sequence was received. Starting to execute the sequence. Here is the sequence payload: 0400000000000000
Sequence ID: 4 was received.
Loading the filename: /home/trinity/Programs/Trinity/control_software/sequences/start_daq_seq.txt
# Starting the Global Run in Master Control and sleeping for 15 seconds
sequence message: 100A00000000000000
CPU Time is: 240314_020606

---------------------
Starting the run#0
Please wait 10 seconds before stopping the run
You can stop the run manually now, if you want!
delaying for 15 seconds.
Finished loading this sequence: /home/trinity/Programs/Trinity/control_software/sequences/start_daq_seq.txt
Stopping the Run automatically ...
Stopping the run#0
Disabling the Global Trigger
Stopping the CoBo ...
Saving All Counters on TB Memory ...
Recording the Global Counters ...
 Queue: /writetoRC, message received: TB0x0A0x00000059
Number of Triggered Events: 89
Recording the Channel Counters ...
Saving the Events data ...
Clearing the Counters ...
---------------------
Starting the Run automatically ...

---------------------
Starting the run#1
Please wait 10 seconds before stopping the run
You can stop the run manually now, if you want!
Stopping the Run automatically ...
Stopping the run#1
Disabling the Global Trigger
Stopping the CoBo ...
Saving All Counters on TB Memory ...
Recording the Global Counters ...
 Queue: /writetoRC, message received: TB0x0A0x00000066
Number of Triggered Events: 102
Recording the Channel Counters ...
Saving the Events data ...
Clearing the Counters ...
---------------------
Starting the Run automatically ...

---------------------
Starting the run#2
Please wait 10 seconds before stopping the run
You can stop the run manually now, if you want!
Stopping the Run automatically ...
Stopping the run#2
Disabling the Global Trigger
Stopping the CoBo ...
Saving All Counters on TB Memory ...
Recording the Global Counters ...
 Queue: /writetoRC, message received: TB0x0A0x00000066
Number of Triggered Events: 102
Recording the Channel Counters ...
Saving the Events data ...
Clearing the Counters ...
---------------------
Starting the Run automatically ...

---------------------
Starting the run#3
Please wait 10 seconds before stopping the run
You can stop the run manually now, if you want!
Stopping the Run automatically ...
Stopping the run#3
Disabling the Global Trigger
Stopping the CoBo ...
Saving All Counters on TB Memory ...
Recording the Global Counters ...
 Queue: /writetoRC, message received: TB0x0A0x00000066
Number of Triggered Events: 102
Recording the Channel Counters ...
Saving the Events data ...
Clearing the Counters ...
---------------------
Starting the Run automatically ...

---------------------
Starting the run#4
Please wait 10 seconds before stopping the run
You can stop the run manually now, if you want!
Stopping the Run automatically ...
Stopping the run#4
Disabling the Global Trigger
Stopping the CoBo ...
Saving All Counters on TB Memory ...
Recording the Global Counters ...
 Queue: /writetoRC, message received: TB0x0A0x00000066
Number of Triggered Events: 102
Recording the Channel Counters ...
Saving the Events data ...
Clearing the Counters ...
---------------------
Starting the Run automatically ...

---------------------
Starting the run#5
Please wait 10 seconds before stopping the run
You can stop the run manually now, if you want!
Stopping the Run automatically ...
Stopping the run#5
Disabling the Global Trigger
Stopping the CoBo ...
Saving All Counters on TB Memory ...
Recording the Global Counters ...
 Queue: /writetoRC, message received: TB0x0A0x00000066
Number of Triggered Events: 102
Recording the Channel Counters ...
Saving the Events data ...
Clearing the Counters ...
---------------------
Starting the Run automatically ...

---------------------
Starting the run#6
Please wait 10 seconds before stopping the run
You can stop the run manually now, if you want!
Stopping the Run automatically ...
Stopping the run#6
Disabling the Global Trigger
Stopping the CoBo ...
Saving All Counters on TB Memory ...
Recording the Global Counters ...
 Queue: /writetoRC, message received: TB0x0A0x00000066
Number of Triggered Events: 102
Recording the Channel Counters ...
Saving the Events data ...
Clearing the Counters ...
---------------------
Starting the Run automatically ...

---------------------
Starting the run#7
Please wait 10 seconds before stopping the run
You can stop the run manually now, if you want!
Stopping the Run automatically ...
Stopping the run#7
Disabling the Global Trigger
Stopping the CoBo ...
Saving All Counters on TB Memory ...
Recording the Global Counters ...
 Queue: /writetoRC, message received: TB0x0A0x00000066
Number of Triggered Events: 102
Recording the Channel Counters ...
Saving the Events data ...
Clearing the Counters ...
---------------------
Starting the Run automatically ...

---------------------
Starting the run#8
Please wait 10 seconds before stopping the run
You can stop the run manually now, if you want!
Stopping the Run automatically ...
Stopping the run#8
Disabling the Global Trigger
Stopping the CoBo ...
Saving All Counters on TB Memory ...
Recording the Global Counters ...
 Queue: /writetoRC, message received: TB0x0A0x00000066
Number of Triggered Events: 102
Recording the Channel Counters ...
Saving the Events data ...
Clearing the Counters ...
---------------------
Starting the Run automatically ...

---------------------
Starting the run#9
Please wait 10 seconds before stopping the run
You can stop the run manually now, if you want!
Stopping the Run automatically ...
Stopping the run#9
Disabling the Global Trigger
Stopping the CoBo ...
Saving All Counters on TB Memory ...
Recording the Global Counters ...
 Queue: /writetoRC, message received: TB0x0A0x00000066
Number of Triggered Events: 102
Recording the Channel Counters ...
Saving the Events data ...
Clearing the Counters ...
---------------------
Starting the Run automatically ...

---------------------
Starting the run#10
Please wait 10 seconds before stopping the run
You can stop the run manually now, if you want!
Stopping the Run automatically ...
Stopping the run#10
Disabling the Global Trigger
Stopping the CoBo ...
Saving All Counters on TB Memory ...
Recording the Global Counters ...
 Queue: /writetoRC, message received: TB0x0A0x00000066
 Queue: /CStoRC, message received: aa0500000000000000
A sequence was received. Starting to execute the sequence. Here is the sequence payload: 0500000000000000
Sequence ID: 5 was received.
Loading the filename: /home/trinity/Programs/Trinity/control_software/sequences/stop_daq_seq.txt
# Stopping the Global Run on Master Control and sleeping for 10 seconds
sequence message: 100B00000000000000
Number of Triggered Events: 102
Recording the Channel Counters ...
CPU Time is: 240314_022747
Waiting 2 Seconds for Run Timer to finish ...
Saving the Events data ...
Waiting 2 Seconds for Run Timer to finish ...
Waiting 2 Seconds for Run Timer to finish ...
Clearing the Counters ...
---------------------
Waiting 2 Seconds for Run Timer to finish ...
Starting the Run automatically ...

---------------------
Starting the run#11
Please wait 10 seconds before stopping the run
Waiting 2 Seconds for Run Timer to finish ...
Waiting 2 Seconds for Run Timer to finish ...
Waiting 2 Seconds for Run Timer to finish ...
Waiting 2 Seconds for Run Timer to finish ...
Waiting 2 Seconds for Run Timer to finish ...
You can stop the run manually now, if you want!
Disabling Run_Enabled Flag ...
Stopping the Run Manually ...
Stopping the run#11
Disabling the Global Trigger
Stopping the CoBo ...
Saving All Counters on TB Memory ...
Recording the Global Counters ...
 Queue: /writetoRC, message received: TB0x0A0x00000008
Number of Triggered Events: 8
Recording the Channel Counters ...
Saving the Events data ...
Clearing the Counters ...
---------------------
Run is stopped Manually.
---------------------
delaying for 10 seconds.
Finished loading this sequence: /home/trinity/Programs/Trinity/control_software/sequences/stop_daq_seq.txt
 Queue: /CStoRC, message received: aa0500000000000000
A sequence was received. Starting to execute the sequence. Here is the sequence payload: 0500000000000000
Sequence ID: 5 was received.
Loading the filename: /home/trinity/Programs/Trinity/control_software/sequences/stop_daq_seq.txt
# Stopping the Global Run on Master Control and sleeping for 10 seconds
sequence message: 100B00000000000000
CPU Time is: 240314_044447
delaying for 10 seconds.
Finished loading this sequence: /home/trinity/Programs/Trinity/control_software/sequences/stop_daq_seq.txt
 Queue: /CStoRC, message received: 100d00000000000000
CPU Time is: 240314_044527
 Queue: /CStoRC, message received: aa0600000000000000
A sequence was received. Starting to execute the sequence. Here is the sequence payload: 0600000000000000
Sequence ID: 6 was received.
Loading the filename: /home/trinity/Programs/Trinity/control_software/sequences/power_off_seq.txt
# Disabling State Messages and Sleeping for 10 seconds
sequence message: 100D00000000000000
CPU Time is: 240314_044547
delaying for 10 seconds.
# Resetting All the SIABs and Sleeping for 5 seconds
sequence message: 200000FFFF01000000
CPU Time is: 240314_044557
delaying for 5 seconds.
# Killing All Client Processes (SIAB, TRGB, CoBo, LVPS, getEccServer, dataRouter) and Sleeping for 5 seconds
sequence message: 101700000000000000
CPU Time is: 240314_044602
Killing the CoBo Process

Killing the SIAB Process

Killing the Trigger Board Process

Killing the LVPS Process

Killing the getEccServer

Killing the dataRouter

delaying for 5 seconds.
Finished loading this sequence: /home/trinity/Programs/Trinity/control_software/sequences/power_off_seq.txt
