This file contains any messages produced by compilers while
running configure, to aid debugging if configure makes a mistake.

It was created by CoBoFrameViewer configure 1.1.0, which was
generated by GNU Autoconf 2.69.  Invocation command line was

  $ ./configure 

## --------- ##
## Platform. ##
## --------- ##

hostname = CT-CPU
uname -m = x86_64
uname -r = 4.19.0-18-amd64
uname -s = Linux
uname -v = #1 SMP Debian 4.19.208-1 (2021-09-29)

/usr/bin/uname -p = unknown
/bin/uname -X     = unknown

/bin/arch              = x86_64
/usr/bin/arch -k       = unknown
/usr/convex/getsysinfo = unknown
/usr/bin/hostinfo      = unknown
/bin/machine           = unknown
/usr/bin/oslevel       = unknown
/bin/universe          = unknown

PATH: /usr/lib/root/bin
PATH: /usr/local/bin
PATH: /usr/bin
PATH: /bin
PATH: /usr/local/games
PATH: /usr/games


## ----------- ##
## Core tests. ##
## ----------- ##

configure:2625: checking for a BSD-compatible install
configure:2693: result: /usr/bin/install -c
configure:2704: checking whether build environment is sane
configure:2759: result: yes
configure:2908: checking for a thread-safe mkdir -p
configure:2947: result: /usr/bin/mkdir -p
configure:2954: checking for gawk
configure:2970: found /usr/bin/gawk
configure:2981: result: gawk
configure:2992: checking whether make sets $(MAKE)
configure:3014: result: yes
configure:3043: checking whether make supports nested variables
configure:3060: result: yes
configure:3190: checking whether make supports the include directive
configure:3205: make -f confmf.GNU && cat confinc.out
this is the am__doit target
configure:3208: $? = 0
configure:3227: result: yes (GNU style)
configure:3297: checking for gcc
configure:3313: found /usr/bin/gcc
configure:3324: result: gcc
configure:3553: checking for C compiler version
configure:3562: gcc --version >&5
gcc (Debian 8.3.0-6) 8.3.0
Copyright (C) 2018 Free Software Foundation, Inc.
This is free software; see the source for copying conditions.  There is NO
warranty; not even for MERCHANTABILITY or FITNESS FOR A PARTICULAR PURPOSE.

configure:3573: $? = 0
configure:3562: gcc -v >&5
Using built-in specs.
COLLECT_GCC=gcc
COLLECT_LTO_WRAPPER=/usr/lib/gcc/x86_64-linux-gnu/8/lto-wrapper
OFFLOAD_TARGET_NAMES=nvptx-none
OFFLOAD_TARGET_DEFAULT=1
Target: x86_64-linux-gnu
Configured with: ../src/configure -v --with-pkgversion='Debian 8.3.0-6' --with-bugurl=file:///usr/share/doc/gcc-8/README.Bugs --enable-languages=c,ada,c++,go,brig,d,fortran,objc,obj-c++ --prefix=/usr --with-gcc-major-version-only --program-suffix=-8 --program-prefix=x86_64-linux-gnu- --enable-shared --enable-linker-build-id --libexecdir=/usr/lib --without-included-gettext --enable-threads=posix --libdir=/usr/lib --enable-nls --enable-bootstrap --enable-clocale=gnu --enable-libstdcxx-debug --enable-libstdcxx-time=yes --with-default-libstdcxx-abi=new --enable-gnu-unique-object --disable-vtable-verify --enable-libmpx --enable-plugin --enable-default-pie --with-system-zlib --with-target-system-zlib --enable-objc-gc=auto --enable-multiarch --disable-werror --with-arch-32=i686 --with-abi=m64 --with-multilib-list=m32,m64,mx32 --enable-multilib --with-tune=generic --enable-offload-targets=nvptx-none --without-cuda-driver --enable-checking=release --build=x86_64-linux-gnu --host=x86_64-linux-gnu --target=x86_64-linux-gnu
Thread model: posix
gcc version 8.3.0 (Debian 8.3.0-6) 
configure:3573: $? = 0
configure:3562: gcc -V >&5
gcc: error: unrecognized command line option '-V'
gcc: fatal error: no input files
compilation terminated.
configure:3573: $? = 1
configure:3562: gcc -qversion >&5
gcc: error: unrecognized command line option '-qversion'; did you mean '--version'?
gcc: fatal error: no input files
compilation terminated.
configure:3573: $? = 1
configure:3593: checking whether the C compiler works
configure:3615: gcc    conftest.c  >&5
configure:3619: $? = 0
configure:3667: result: yes
configure:3670: checking for C compiler default output file name
configure:3672: result: a.out
configure:3678: checking for suffix of executables
configure:3685: gcc -o conftest    conftest.c  >&5
configure:3689: $? = 0
configure:3711: result: 
configure:3733: checking whether we are cross compiling
configure:3741: gcc -o conftest    conftest.c  >&5
configure:3745: $? = 0
configure:3752: ./conftest
configure:3756: $? = 0
configure:3744: result: no
configure:3749: checking for suffix of object files
configure:3771: gcc -c   conftest.c >&5
configure:3775: $? = 0
configure:3796: result: o
configure:3800: checking whether we are using the GNU C compiler
configure:3819: gcc -c   conftest.c >&5
configure:3819: $? = 0
configure:3828: result: yes
configure:3837: checking whether gcc accepts -g
configure:3857: gcc -c -g  conftest.c >&5
configure:3857: $? = 0
configure:3898: result: yes
configure:3915: checking for gcc option to accept ISO C89
configure:3978: gcc  -c -g -O2  conftest.c >&5
configure:3978: $? = 0
configure:3991: result: none needed
configure:4016: checking whether gcc understands -c and -o together
configure:4038: gcc -c conftest.c -o conftest2.o
configure:4041: $? = 0
configure:4038: gcc -c conftest.c -o conftest2.o
configure:4041: $? = 0
configure:4053: result: yes
configure:4072: checking dependency style of gcc
configure:4183: result: gcc3
configure:4248: checking for ar
configure:4264: found /usr/bin/ar
configure:4275: result: ar
configure:4301: checking the archiver (ar) interface
configure:4317: gcc -c -g -O2  conftest.c >&5
configure:4317: $? = 0
configure:4319: ar cru libconftest.a conftest.o >&5
ar: `u' modifier ignored since `D' is the default (see `U')
configure:4322: $? = 0
configure:4321: result: ar
configure:4423: checking for g++
configure:4439: found /usr/bin/g++
configure:4450: result: g++
configure:4477: checking for C++ compiler version
configure:4486: g++ --version >&5
g++ (Debian 8.3.0-6) 8.3.0
Copyright (C) 2018 Free Software Foundation, Inc.
This is free software; see the source for copying conditions.  There is NO
warranty; not even for MERCHANTABILITY or FITNESS FOR A PARTICULAR PURPOSE.

configure:4497: $? = 0
configure:4486: g++ -v >&5
Using built-in specs.
COLLECT_GCC=g++
COLLECT_LTO_WRAPPER=/usr/lib/gcc/x86_64-linux-gnu/8/lto-wrapper
OFFLOAD_TARGET_NAMES=nvptx-none
OFFLOAD_TARGET_DEFAULT=1
Target: x86_64-linux-gnu
Configured with: ../src/configure -v --with-pkgversion='Debian 8.3.0-6' --with-bugurl=file:///usr/share/doc/gcc-8/README.Bugs --enable-languages=c,ada,c++,go,brig,d,fortran,objc,obj-c++ --prefix=/usr --with-gcc-major-version-only --program-suffix=-8 --program-prefix=x86_64-linux-gnu- --enable-shared --enable-linker-build-id --libexecdir=/usr/lib --without-included-gettext --enable-threads=posix --libdir=/usr/lib --enable-nls --enable-bootstrap --enable-clocale=gnu --enable-libstdcxx-debug --enable-libstdcxx-time=yes --with-default-libstdcxx-abi=new --enable-gnu-unique-object --disable-vtable-verify --enable-libmpx --enable-plugin --enable-default-pie --with-system-zlib --with-target-system-zlib --enable-objc-gc=auto --enable-multiarch --disable-werror --with-arch-32=i686 --with-abi=m64 --with-multilib-list=m32,m64,mx32 --enable-multilib --with-tune=generic --enable-offload-targets=nvptx-none --without-cuda-driver --enable-checking=release --build=x86_64-linux-gnu --host=x86_64-linux-gnu --target=x86_64-linux-gnu
Thread model: posix
gcc version 8.3.0 (Debian 8.3.0-6) 
configure:4497: $? = 0
configure:4486: g++ -V >&5
g++: error: unrecognized command line option '-V'
g++: fatal error: no input files
compilation terminated.
configure:4497: $? = 1
configure:4486: g++ -qversion >&5
g++: error: unrecognized command line option '-qversion'; did you mean '--version'?
g++: fatal error: no input files
compilation terminated.
configure:4497: $? = 1
configure:4501: checking whether we are using the GNU C++ compiler
configure:4520: g++ -c -Wall -Wno-deprecated-declarations -Wextra   conftest.cpp >&5
configure:4520: $? = 0
configure:4529: result: yes
configure:4538: checking whether g++ accepts -g
configure:4558: g++ -c -g  conftest.cpp >&5
configure:4558: $? = 0
configure:4599: result: yes
configure:4624: checking dependency style of g++
configure:4735: result: gcc3
configure:4779: checking build system type
configure:4793: result: x86_64-pc-linux-gnu
configure:4813: checking host system type
configure:4826: result: x86_64-pc-linux-gnu
configure:4867: checking how to print strings
configure:4894: result: printf
configure:4915: checking for a sed that does not truncate output
configure:4979: result: /usr/bin/sed
configure:4997: checking for grep that handles long lines and -e
configure:5055: result: /usr/bin/grep
configure:5060: checking for egrep
configure:5122: result: /usr/bin/grep -E
configure:5127: checking for fgrep
configure:5189: result: /usr/bin/grep -F
configure:5224: checking for ld used by gcc
configure:5291: result: /usr/bin/ld
configure:5298: checking if the linker (/usr/bin/ld) is GNU ld
configure:5313: result: yes
configure:5325: checking for BSD- or MS-compatible name lister (nm)
configure:5379: result: /usr/bin/nm -B
configure:5509: checking the name lister (/usr/bin/nm -B) interface
configure:5516: gcc -c -Wall -Wextra -g -O2  conftest.c >&5
configure:5519: /usr/bin/nm -B "conftest.o"
configure:5522: output
0000000000000000 B some_variable
configure:5523: result: BSD nm
configure:5526: checking whether ln -s works
configure:5530: result: yes
configure:5538: checking the maximum length of command line arguments
configure:5669: result: 1572864
configure:5717: checking how to convert x86_64-pc-linux-gnu file names to x86_64-pc-linux-gnu format
configure:5757: result: func_convert_file_noop
configure:5764: checking how to convert x86_64-pc-linux-gnu file names to toolchain format
configure:5784: result: func_convert_file_noop
configure:5791: checking for /usr/bin/ld option to reload object files
configure:5798: result: -r
configure:5872: checking for objdump
configure:5888: found /usr/bin/objdump
configure:5899: result: objdump
configure:5931: checking how to recognize dependent libraries
configure:6131: result: pass_all
configure:6216: checking for dlltool
configure:6246: result: no
configure:6276: checking how to associate runtime and link libraries
configure:6303: result: printf %s\n
configure:6427: checking for archiver @FILE support
configure:6444: gcc -c -Wall -Wextra -g -O2  conftest.c >&5
configure:6444: $? = 0
configure:6447: ar cru libconftest.a @conftest.lst >&5
ar: `u' modifier ignored since `D' is the default (see `U')
configure:6450: $? = 0
configure:6455: ar cru libconftest.a @conftest.lst >&5
ar: `u' modifier ignored since `D' is the default (see `U')
ar: conftest.o: No such file or directory
configure:6458: $? = 1
configure:6457: result: @
configure:6515: checking for strip
configure:6531: found /usr/bin/strip
configure:6542: result: strip
configure:6614: checking for ranlib
configure:6630: found /usr/bin/ranlib
configure:6641: result: ranlib
configure:6743: checking command to parse /usr/bin/nm -B output from gcc object
configure:6896: gcc -c -Wall -Wextra -g -O2  conftest.c >&5
configure:6899: $? = 0
configure:6903: /usr/bin/nm -B conftest.o | sed -n -e 's/^.*[	 ]\([ABCDGIRSTW][ABCDGIRSTW]*\)[	 ][	 ]*\([_A-Za-z][_A-Za-z0-9]*\)$/\1 \2 \2/p' | sed '/ __gnu_lto/d' > conftest.nm
configure:6969: gcc -o conftest -Wall -Wextra -g -O2   conftest.c conftstm.o >&5
configure:6972: $? = 0
configure:7010: result: ok
configure:7057: checking for sysroot
configure:7087: result: no
configure:7094: checking for a working dd
configure:7132: result: /usr/bin/dd
configure:7136: checking how to truncate binary pipes
configure:7151: result: /usr/bin/dd bs=4096 count=1
configure:7287: gcc -c -Wall -Wextra -g -O2  conftest.c >&5
configure:7290: $? = 0
configure:7480: checking for mt
configure:7496: found /usr/bin/mt
configure:7507: result: mt
configure:7530: checking if mt is a manifest tool
configure:7536: mt '-?'
configure:7544: result: no
configure:8221: checking how to run the C preprocessor
configure:8252: gcc -E  conftest.c
configure:8252: $? = 0
configure:8266: gcc -E  conftest.c
conftest.c:11:10: fatal error: ac_nonexistent.h: No such file or directory
 #include <ac_nonexistent.h>
          ^~~~~~~~~~~~~~~~~~
compilation terminated.
configure:8266: $? = 1
configure: failed program was:
| /* confdefs.h */
| #define PACKAGE_NAME "CoBoFrameViewer"
| #define PACKAGE_TARNAME "CoBoFrameViewer"
| #define PACKAGE_VERSION "1.1.0"
| #define PACKAGE_STRING "CoBoFrameViewer 1.1.0"
| #define PACKAGE_BUGREPORT "patrick.sizun@cea.fr"
| #define PACKAGE_URL ""
| #define PACKAGE "CoBoFrameViewer"
| #define VERSION "1.1.0"
| /* end confdefs.h.  */
| #include <ac_nonexistent.h>
configure:8291: result: gcc -E
configure:8311: gcc -E  conftest.c
configure:8311: $? = 0
configure:8325: gcc -E  conftest.c
conftest.c:11:10: fatal error: ac_nonexistent.h: No such file or directory
 #include <ac_nonexistent.h>
          ^~~~~~~~~~~~~~~~~~
compilation terminated.
configure:8325: $? = 1
configure: failed program was:
| /* confdefs.h */
| #define PACKAGE_NAME "CoBoFrameViewer"
| #define PACKAGE_TARNAME "CoBoFrameViewer"
| #define PACKAGE_VERSION "1.1.0"
| #define PACKAGE_STRING "CoBoFrameViewer 1.1.0"
| #define PACKAGE_BUGREPORT "patrick.sizun@cea.fr"
| #define PACKAGE_URL ""
| #define PACKAGE "CoBoFrameViewer"
| #define VERSION "1.1.0"
| /* end confdefs.h.  */
| #include <ac_nonexistent.h>
configure:8354: checking for ANSI C header files
configure:8374: gcc -c -Wall -Wextra -g -O2  conftest.c >&5
configure:8374: $? = 0
configure:8447: gcc -o conftest -Wall -Wextra -g -O2   conftest.c  >&5
configure:8447: $? = 0
configure:8447: ./conftest
configure:8447: $? = 0
configure:8458: result: yes
configure:8471: checking for sys/types.h
configure:8471: gcc -c -Wall -Wextra -g -O2  conftest.c >&5
configure:8471: $? = 0
configure:8471: result: yes
configure:8471: checking for sys/stat.h
configure:8471: gcc -c -Wall -Wextra -g -O2  conftest.c >&5
configure:8471: $? = 0
configure:8471: result: yes
configure:8471: checking for stdlib.h
configure:8471: gcc -c -Wall -Wextra -g -O2  conftest.c >&5
configure:8471: $? = 0
configure:8471: result: yes
configure:8471: checking for string.h
configure:8471: gcc -c -Wall -Wextra -g -O2  conftest.c >&5
configure:8471: $? = 0
configure:8471: result: yes
configure:8471: checking for memory.h
configure:8471: gcc -c -Wall -Wextra -g -O2  conftest.c >&5
configure:8471: $? = 0
configure:8471: result: yes
configure:8471: checking for strings.h
configure:8471: gcc -c -Wall -Wextra -g -O2  conftest.c >&5
configure:8471: $? = 0
configure:8471: result: yes
configure:8471: checking for inttypes.h
configure:8471: gcc -c -Wall -Wextra -g -O2  conftest.c >&5
configure:8471: $? = 0
configure:8471: result: yes
configure:8471: checking for stdint.h
configure:8471: gcc -c -Wall -Wextra -g -O2  conftest.c >&5
configure:8471: $? = 0
configure:8471: result: yes
configure:8471: checking for unistd.h
configure:8471: gcc -c -Wall -Wextra -g -O2  conftest.c >&5
configure:8471: $? = 0
configure:8471: result: yes
configure:8485: checking for dlfcn.h
configure:8485: gcc -c -Wall -Wextra -g -O2  conftest.c >&5
configure:8485: $? = 0
configure:8485: result: yes
configure:8752: checking for objdir
configure:8767: result: .libs
configure:9031: checking if gcc supports -fno-rtti -fno-exceptions
configure:9049: gcc -c -Wall -Wextra -g -O2  -fno-rtti -fno-exceptions conftest.c >&5
cc1: warning: command line option '-fno-rtti' is valid for C++/ObjC++ but not for C
configure:9053: $? = 0
configure:9066: result: no
configure:9424: checking for gcc option to produce PIC
configure:9431: result: -fPIC -DPIC
configure:9439: checking if gcc PIC flag -fPIC -DPIC works
configure:9457: gcc -c -Wall -Wextra -g -O2  -fPIC -DPIC -DPIC conftest.c >&5
configure:9461: $? = 0
configure:9474: result: yes
configure:9503: checking if gcc static flag -static works
configure:9531: result: yes
configure:9546: checking if gcc supports -c -o file.o
configure:9567: gcc -c -Wall -Wextra -g -O2  -o out/conftest2.o conftest.c >&5
configure:9571: $? = 0
configure:9593: result: yes
configure:9601: checking if gcc supports -c -o file.o
configure:9648: result: yes
configure:9681: checking whether the gcc linker (/usr/bin/ld -m elf_x86_64) supports shared libraries
configure:10944: result: yes
configure:10981: checking whether -lc should be explicitly linked in
configure:10989: gcc -c -Wall -Wextra -g -O2  conftest.c >&5
configure:10992: $? = 0
configure:11007: gcc -shared  -fPIC -DPIC conftest.o  -v -Wl,-soname -Wl,conftest -o conftest 2\>\&1 \| /usr/bin/grep  -lc  \>/dev/null 2\>\&1
configure:11010: $? = 0
configure:11024: result: no
configure:11184: checking dynamic linker characteristics
configure:11765: gcc -o conftest -Wall -Wextra -g -O2   -Wl,-rpath -Wl,/foo conftest.c  >&5
configure:11765: $? = 0
configure:12014: result: GNU/Linux ld.so
configure:12136: checking how to hardcode library paths into programs
configure:12161: result: immediate
configure:12709: checking whether stripping libraries is possible
configure:12714: result: yes
configure:12749: checking if libtool supports shared libraries
configure:12751: result: yes
configure:12754: checking whether to build shared libraries
configure:12779: result: yes
configure:12782: checking whether to build static libraries
configure:12786: result: yes
configure:9585: checking how to run the C++ preprocessor
configure:9612: g++ -E  conftest.cpp
configure:9612: $? = 0
configure:9626: g++ -E  conftest.cpp
conftest.cpp:23:10: fatal error: ac_nonexistent.h: No such file or directory
 #include <ac_nonexistent.h>
          ^~~~~~~~~~~~~~~~~~
compilation terminated.
configure:9626: $? = 1
configure: failed program was:
| /* confdefs.h */
| #define PACKAGE_NAME "CoBoFrameViewer"
| #define PACKAGE_TARNAME "CoBoFrameViewer"
| #define PACKAGE_VERSION "1.1.0"
| #define PACKAGE_STRING "CoBoFrameViewer 1.1.0"
| #define PACKAGE_BUGREPORT "patrick.sizun@cea.fr"
| #define PACKAGE_URL ""
| #define PACKAGE "CoBoFrameViewer"
| #define VERSION "1.1.0"
| #define STDC_HEADERS 1
| #define HAVE_SYS_TYPES_H 1
| #define HAVE_SYS_STAT_H 1
| #define HAVE_STDLIB_H 1
| #define HAVE_STRING_H 1
| #define HAVE_MEMORY_H 1
| #define HAVE_STRINGS_H 1
| #define HAVE_INTTYPES_H 1
| #define HAVE_STDINT_H 1
| #define HAVE_UNISTD_H 1
| #define HAVE_DLFCN_H 1
| #define LT_OBJDIR ".libs/"
| /* end confdefs.h.  */
| #include <ac_nonexistent.h>
configure:9651: result: g++ -E
configure:9671: g++ -E  conftest.cpp
configure:9671: $? = 0
configure:9685: g++ -E  conftest.cpp
conftest.cpp:23:10: fatal error: ac_nonexistent.h: No such file or directory
 #include <ac_nonexistent.h>
          ^~~~~~~~~~~~~~~~~~
compilation terminated.
configure:9685: $? = 1
configure: failed program was:
| /* confdefs.h */
| #define PACKAGE_NAME "CoBoFrameViewer"
| #define PACKAGE_TARNAME "CoBoFrameViewer"
| #define PACKAGE_VERSION "1.1.0"
| #define PACKAGE_STRING "CoBoFrameViewer 1.1.0"
| #define PACKAGE_BUGREPORT "patrick.sizun@cea.fr"
| #define PACKAGE_URL ""
| #define PACKAGE "CoBoFrameViewer"
| #define VERSION "1.1.0"
| #define STDC_HEADERS 1
| #define HAVE_SYS_TYPES_H 1
| #define HAVE_SYS_STAT_H 1
| #define HAVE_STDLIB_H 1
| #define HAVE_STRING_H 1
| #define HAVE_MEMORY_H 1
| #define HAVE_STRINGS_H 1
| #define HAVE_INTTYPES_H 1
| #define HAVE_STDINT_H 1
| #define HAVE_UNISTD_H 1
| #define HAVE_DLFCN_H 1
| #define LT_OBJDIR ".libs/"
| /* end confdefs.h.  */
| #include <ac_nonexistent.h>
configure:9847: checking for ld used by g++
configure:9914: result: /usr/bin/ld -m elf_x86_64
configure:9921: checking if the linker (/usr/bin/ld -m elf_x86_64) is GNU ld
configure:9936: result: yes
configure:9991: checking whether the g++ linker (/usr/bin/ld -m elf_x86_64) supports shared libraries
configure:11064: result: yes
configure:11100: g++ -c -Wall -Wno-deprecated-declarations -Wextra   conftest.cpp >&5
configure:11103: $? = 0
configure:11584: checking for g++ option to produce PIC
configure:11591: result: -fPIC -DPIC
configure:11599: checking if g++ PIC flag -fPIC -DPIC works
configure:11617: g++ -c -Wall -Wno-deprecated-declarations -Wextra   -fPIC -DPIC -DPIC conftest.cpp >&5
configure:11621: $? = 0
configure:11634: result: yes
configure:11657: checking if g++ static flag -static works
configure:11685: result: yes
configure:11697: checking if g++ supports -c -o file.o
configure:11718: g++ -c -Wall -Wno-deprecated-declarations -Wextra   -o out/conftest2.o conftest.cpp >&5
configure:11722: $? = 0
configure:11744: result: yes
configure:11749: checking if g++ supports -c -o file.o
configure:11796: result: yes
configure:11826: checking whether the g++ linker (/usr/bin/ld -m elf_x86_64) supports shared libraries
configure:11869: result: yes
configure:12010: checking dynamic linker characteristics
configure:12767: result: GNU/Linux ld.so
configure:12832: checking how to hardcode library paths into programs
configure:12857: result: immediate
configure:11763: checking exception usability
configure:11763: g++ -c -Wall -Wno-deprecated-declarations -Wextra   conftest.cpp >&5
configure:11763: $? = 0
configure:11763: result: yes
configure:11763: checking exception presence
configure:11763: g++ -E  conftest.cpp
configure:11763: $? = 0
configure:11763: result: yes
configure:11763: checking for exception
configure:11763: result: yes
configure:11763: checking iostream usability
configure:11763: g++ -c -Wall -Wno-deprecated-declarations -Wextra   conftest.cpp >&5
configure:11763: $? = 0
configure:11763: result: yes
configure:11763: checking iostream presence
configure:11763: g++ -E  conftest.cpp
configure:11763: $? = 0
configure:11763: result: yes
configure:11763: checking for iostream
configure:11763: result: yes
configure:11763: checking list usability
configure:11763: g++ -c -Wall -Wno-deprecated-declarations -Wextra   conftest.cpp >&5
configure:11763: $? = 0
configure:11763: result: yes
configure:11763: checking list presence
configure:11763: g++ -E  conftest.cpp
configure:11763: $? = 0
configure:11763: result: yes
configure:11763: checking for list
configure:11763: result: yes
configure:11763: checking memory usability
configure:11763: g++ -c -Wall -Wno-deprecated-declarations -Wextra   conftest.cpp >&5
configure:11763: $? = 0
configure:11763: result: yes
configure:11763: checking memory presence
configure:11763: g++ -E  conftest.cpp
configure:11763: $? = 0
configure:11763: result: yes
configure:11763: checking for memory
configure:11763: result: yes
configure:11763: checking set usability
configure:11763: g++ -c -Wall -Wno-deprecated-declarations -Wextra   conftest.cpp >&5
configure:11763: $? = 0
configure:11763: result: yes
configure:11763: checking set presence
configure:11763: g++ -E  conftest.cpp
configure:11763: $? = 0
configure:11763: result: yes
configure:11763: checking for set
configure:11763: result: yes
configure:11763: checking sstream usability
configure:11763: g++ -c -Wall -Wno-deprecated-declarations -Wextra   conftest.cpp >&5
configure:11763: $? = 0
configure:11763: result: yes
configure:11763: checking sstream presence
configure:11763: g++ -E  conftest.cpp
configure:11763: $? = 0
configure:11763: result: yes
configure:11763: checking for sstream
configure:11763: result: yes
configure:11763: checking string usability
configure:11763: g++ -c -Wall -Wno-deprecated-declarations -Wextra   conftest.cpp >&5
configure:11763: $? = 0
configure:11763: result: yes
configure:11763: checking string presence
configure:11763: g++ -E  conftest.cpp
configure:11763: $? = 0
configure:11763: result: yes
configure:11763: checking for string
configure:11763: result: yes
configure:11763: checking utility usability
configure:11763: g++ -c -Wall -Wno-deprecated-declarations -Wextra   conftest.cpp >&5
configure:11763: $? = 0
configure:11763: result: yes
configure:11763: checking utility presence
configure:11763: g++ -E  conftest.cpp
configure:11763: $? = 0
configure:11763: result: yes
configure:11763: checking for utility
configure:11763: result: yes
configure:11763: checking vector usability
configure:11763: g++ -c -Wall -Wno-deprecated-declarations -Wextra   conftest.cpp >&5
configure:11763: $? = 0
configure:11763: result: yes
configure:11763: checking vector presence
configure:11763: g++ -E  conftest.cpp
configure:11763: $? = 0
configure:11763: result: yes
configure:11763: checking for vector
configure:11763: result: yes
configure:11828: checking for boostlib >= 1.20.0
configure:11901: g++ -c -Wall -Wno-deprecated-declarations -Wextra  -I/usr/include  conftest.cpp >&5
configure:11901: $? = 0
configure:11903: result: yes
configure:12088: checking whether the Boost::Program_Options library is available
configure:12112: g++ -c -Wall -Wno-deprecated-declarations -Wextra   -D__STDC_CONSTANT_MACROS -DBOOST_NO_CWCHAR -I/usr/include conftest.cpp >&5
configure:12112: $? = 0
configure:12126: result: yes
configure:12138: checking for exit in -lboost_program_options
configure:12163: g++ -o conftest -Wall -Wno-deprecated-declarations -Wextra   -D__STDC_CONSTANT_MACROS -DBOOST_NO_CWCHAR -I/usr/include  -L/usr/lib/x86_64-linux-gnu conftest.cpp -lboost_program_options   >&5
conftest.cpp:41:6: warning: declaration of 'char exit()' conflicts with built-in declaration 'void exit(int)' [-Wbuiltin-declaration-mismatch]
 char exit ();
      ^~~~
configure:12163: $? = 0
configure:12173: result: yes
configure:12319: checking whether the Boost::Filesystem library is available
configure:12343: g++ -c -Wall -Wno-deprecated-declarations -Wextra   -D__STDC_CONSTANT_MACROS -DBOOST_NO_CWCHAR -I/usr/include conftest.cpp >&5
configure:12343: $? = 0
configure:12357: result: yes
configure:12368: checking for exit in -lboost_filesystem
configure:12393: g++ -o conftest -Wall -Wno-deprecated-declarations -Wextra   -D__STDC_CONSTANT_MACROS -DBOOST_NO_CWCHAR -I/usr/include  -L/usr/lib/x86_64-linux-gnu conftest.cpp -lboost_filesystem    >&5
conftest.cpp:42:6: warning: declaration of 'char exit()' conflicts with built-in declaration 'void exit(int)' [-Wbuiltin-declaration-mismatch]
 char exit ();
      ^~~~
configure:12393: $? = 0
configure:12403: result: yes
configure:12555: checking whether the Boost::System library is available
configure:12579: g++ -c -Wall -Wno-deprecated-declarations -Wextra   -D__STDC_CONSTANT_MACROS -DBOOST_NO_CWCHAR -I/usr/include conftest.cpp >&5
conftest.cpp: In function 'int main()':
conftest.cpp:40:3: warning: statement is a reference, not call, to function 'boost::system::system_category' [-Waddress]
   ;
   ^
conftest.cpp:40:3: warning: statement has no effect [-Wunused-value]
configure:12579: $? = 0
configure:12594: result: yes
configure:12609: checking for exit in -lboost_system
configure:12634: g++ -o conftest -Wall -Wno-deprecated-declarations -Wextra   -D__STDC_CONSTANT_MACROS -DBOOST_NO_CWCHAR -I/usr/include  -L/usr/lib/x86_64-linux-gnu conftest.cpp -lboost_system   >&5
conftest.cpp:43:6: warning: declaration of 'char exit()' conflicts with built-in declaration 'void exit(int)' [-Wbuiltin-declaration-mismatch]
 char exit ();
      ^~~~
configure:12634: $? = 0
configure:12644: result: yes
configure:12779: checking whether make supports nested variables
configure:12796: result: yes
configure:12966: We are on Linux: Thread and System boost libraries needed.
configure:13000: checking whether the Boost::System library is available
configure:13039: result: yes
configure:13054: checking for exit in -lboost_system
configure:13089: result: yes
configure:13241: checking whether the Boost::Thread library is available
configure:13273: g++ -c -pthread -g0 -O3 -Wall -Wno-deprecated-declarations -Wextra  -DUTL_LOG_LEVEL=0 -DNDEBUG  -D__STDC_CONSTANT_MACROS -DBOOST_NO_CWCHAR -I/usr/include conftest.cpp >&5
configure:13273: $? = 0
configure:13288: result: yes
configure:13317: checking for exit in -lboost_thread
configure:13342: g++ -o conftest -g0 -O3 -Wall -Wno-deprecated-declarations -Wextra  -DUTL_LOG_LEVEL=0 -DNDEBUG  -D__STDC_CONSTANT_MACROS -DBOOST_NO_CWCHAR -I/usr/include  -L/usr/lib/x86_64-linux-gnu -lboost_system conftest.cpp -lboost_thread   >&5
conftest.cpp:45:6: warning: declaration of 'char exit()' conflicts with built-in declaration 'void exit(int)' [-Wbuiltin-declaration-mismatch]
 char exit ();
      ^~~~
configure:13342: $? = 0
configure:13352: result: yes
configure: this is autotroll.m4 serial 5
configure:13547: checking for qmake
configure:13566: found /usr/bin/qmake
configure:13578: result: /usr/bin/qmake
configure:13601: checking for moc
configure:13620: found /usr/bin/moc
configure:13632: result: /usr/bin/moc
configure:13661: checking for uic
configure:13680: found /usr/bin/uic
configure:13692: result: /usr/bin/uic
configure:13721: checking for rcc
configure:13740: found /usr/bin/rcc
configure:13752: result: /usr/bin/rcc
configure:13777: checking whether host operating system is Darwin
configure:13791: result: no
configure:13881: Invoking /usr/bin/qmake on conftest.dir.pro
| ######################################################################
| # Automatically generated by qmake (2.01a) Sun Feb 20 22:36:14 2022
| ######################################################################
| 
| TEMPLATE = app
| TARGET = 
| DEPENDPATH += .
| INCLUDEPATH += .
| 
| # Input
| HEADERS += conftest.h
| SOURCES += conftest.cpp
| CONFIG += release
| CONFIG -= debug_and_release
| QT += opengl widgets svg printsupport
configure:13898: fixing the Makefiles: Makefile
Makefile: updated 0 relative paths and 0 backslash-style paths
configure:13980: checking whether we can build a simple Qt app
g++ -c -m64 -pipe -O2 -Wall -W -D_REENTRANT -DQT_NO_DEBUG -DQT_SVG_LIB -DQT_OPENGL_LIB -DQT_GUI_LIB -DQT_CORE_LIB -DQT_SHARED -I/usr/share/qt4/mkspecs/linux-g++-64 -I. -I/usr/include/qt4/QtCore -I/usr/include/qt4/QtGui -I/usr/include/qt4/QtOpenGL -I/usr/include/qt4/QtSvg -I/usr/include/qt4 -I. -I/usr/X11R6/include -I. -o conftest.o conftest.cpp
/usr/lib/x86_64-linux-gnu/qt4/bin/moc -DQT_NO_DEBUG -DQT_SVG_LIB -DQT_OPENGL_LIB -DQT_GUI_LIB -DQT_CORE_LIB -DQT_SHARED -I/usr/share/qt4/mkspecs/linux-g++-64 -I. -I/usr/include/qt4/QtCore -I/usr/include/qt4/QtGui -I/usr/include/qt4/QtOpenGL -I/usr/include/qt4/QtSvg -I/usr/include/qt4 -I. -I/usr/X11R6/include -I. conftest.h -o moc_conftest.cpp
g++ -c -m64 -pipe -O2 -Wall -W -D_REENTRANT -DQT_NO_DEBUG -DQT_SVG_LIB -DQT_OPENGL_LIB -DQT_GUI_LIB -DQT_CORE_LIB -DQT_SHARED -I/usr/share/qt4/mkspecs/linux-g++-64 -I. -I/usr/include/qt4/QtCore -I/usr/include/qt4/QtGui -I/usr/include/qt4/QtOpenGL -I/usr/include/qt4/QtSvg -I/usr/include/qt4 -I. -I/usr/X11R6/include -I. -o moc_conftest.o moc_conftest.cpp
g++ -m64 -Wl,-O1 -o conftest conftest.o moc_conftest.o    -L/usr/lib/x86_64-linux-gnu -L/usr/X11R6/lib64 -lQtSvg -lQtOpenGL -lQtGui -lQtCore -lGL -lpthread 
configure:14040: result: ok, looks like Qt 4
configure:14077: checking for the DEFINES to use with Qt
configure:14084: result: -DQT_NO_DEBUG -DQT_SVG_LIB -DQT_OPENGL_LIB -DQT_GUI_LIB -DQT_CORE_LIB -DQT_SHARED
configure:14090: checking for the CFLAGS to use with Qt
configure:14097: result: -m64 -pipe -O2 -Wall -W -D_REENTRANT $(QT_DEFINES)
configure:14103: checking for the CXXFLAGS to use with Qt
configure:14110: result: -m64 -pipe -O2 -Wall -W -D_REENTRANT $(QT_DEFINES)
configure:14116: checking for the INCPATH to use with Qt
configure:14123: result: -I/usr/share/qt4/mkspecs/linux-g++-64 -I. -I/usr/include/qt4/QtCore -I/usr/include/qt4/QtGui -I/usr/include/qt4/QtOpenGL -I/usr/include/qt4/QtSvg -I/usr/include/qt4 -I. -I/usr/X11R6/include -I.
configure:14132: checking for flags to use with moc
configure:14139: result: -I/usr/share/qt4/mkspecs/linux-g++-64 -I. -I/usr/include/qt4/QtCore -I/usr/include/qt4/QtGui -I/usr/include/qt4/QtOpenGL -I/usr/include/qt4/QtSvg -I/usr/include/qt4 -I. -I/usr/X11R6/include -I.
configure:14145: checking for the LDFLAGS to use with Qt
configure:14152: result: -m64 -Wl,-O1
configure:14160: checking for the LIBS to use with Qt
configure:14175: result: -L/usr/lib/x86_64-linux-gnu -L/usr/X11R6/lib64 -lQtSvg -lQtOpenGL -lQtGui -lQtCore -lGL -lpthread 
configure:14197: checking for Qt's version
configure:14202: Running /usr/bin/qmake --version:
QMake version 2.01a
Using Qt version 4.8.7 in /usr/lib/x86_64-linux-gnu
configure:14207: result: 4.8.7
configure:14375: checking for /usr/include/qwt.h
configure:14389: result: no
configure:14375: checking for /usr/include/qwt/qwt.h
configure:14389: result: yes
configure:14442: checking qwt.h usability
configure:14442: g++ -c -g0 -O3 -Wall -Wno-deprecated-declarations -Wextra  -m64 -pipe -O2 -Wall -W -D_REENTRANT -DQT_NO_DEBUG -DQT_SVG_LIB -DQT_OPENGL_LIB -DQT_GUI_LIB -DQT_CORE_LIB -DQT_SHARED -DUTL_LOG_LEVEL=0 -DNDEBUG  -DQT_NO_DEBUG -DQT_SVG_LIB -DQT_OPENGL_LIB -DQT_GUI_LIB -DQT_CORE_LIB -DQT_SHARED -I/usr/share/qt4/mkspecs/linux-g++-64 -I. -I/usr/include/qt4/QtCore -I/usr/include/qt4/QtGui -I/usr/include/qt4/QtOpenGL -I/usr/include/qt4/QtSvg -I/usr/include/qt4 -I. -I/usr/X11R6/include -I. -I/usr/include/qwt conftest.cpp >&5
configure:14442: $? = 0
configure:14442: result: yes
configure:14442: checking qwt.h presence
configure:14442: g++ -E -DUTL_LOG_LEVEL=0 -DNDEBUG  -DQT_NO_DEBUG -DQT_SVG_LIB -DQT_OPENGL_LIB -DQT_GUI_LIB -DQT_CORE_LIB -DQT_SHARED -I/usr/share/qt4/mkspecs/linux-g++-64 -I. -I/usr/include/qt4/QtCore -I/usr/include/qt4/QtGui -I/usr/include/qt4/QtOpenGL -I/usr/include/qt4/QtSvg -I/usr/include/qt4 -I. -I/usr/X11R6/include -I. -I/usr/include/qwt conftest.cpp
configure:14442: $? = 0
configure:14442: result: yes
configure:14442: checking for qwt.h
configure:14442: result: yes
configure:14458: checking Qt version for Qwt
configure:14462: result: 4
configure:14465: checking for Qwt library
configure:14697: g++ -o conftest -g0 -O3 -Wall -Wno-deprecated-declarations -Wextra  -m64 -pipe -O2 -Wall -W -D_REENTRANT -DQT_NO_DEBUG -DQT_SVG_LIB -DQT_OPENGL_LIB -DQT_GUI_LIB -DQT_CORE_LIB -DQT_SHARED -DUTL_LOG_LEVEL=0 -DNDEBUG  -DQT_NO_DEBUG -DQT_SVG_LIB -DQT_OPENGL_LIB -DQT_GUI_LIB -DQT_CORE_LIB -DQT_SHARED -I/usr/share/qt4/mkspecs/linux-g++-64 -I. -I/usr/include/qt4/QtCore -I/usr/include/qt4/QtGui -I/usr/include/qt4/QtOpenGL -I/usr/include/qt4/QtSvg -I/usr/include/qt4 -I. -I/usr/X11R6/include -I. -I/usr/include/qwt  -m64 -Wl,-O1 -L/usr/lib conftest.cpp -lqwt6-qt4  -L/usr/lib/x86_64-linux-gnu -L/usr/X11R6/lib64 -lQtSvg -lQtOpenGL -lQtGui -lQtCore -lGL -lpthread >&5
/usr/bin/ld: cannot find -lqwt6-qt4
collect2: error: ld returned 1 exit status
configure:14697: $? = 1
configure: failed program was:
| /* confdefs.h */
| #define PACKAGE_NAME "CoBoFrameViewer"
| #define PACKAGE_TARNAME "CoBoFrameViewer"
| #define PACKAGE_VERSION "1.1.0"
| #define PACKAGE_STRING "CoBoFrameViewer 1.1.0"
| #define PACKAGE_BUGREPORT "patrick.sizun@cea.fr"
| #define PACKAGE_URL ""
| #define PACKAGE "CoBoFrameViewer"
| #define VERSION "1.1.0"
| #define STDC_HEADERS 1
| #define HAVE_SYS_TYPES_H 1
| #define HAVE_SYS_STAT_H 1
| #define HAVE_STDLIB_H 1
| #define HAVE_STRING_H 1
| #define HAVE_MEMORY_H 1
| #define HAVE_STRINGS_H 1
| #define HAVE_INTTYPES_H 1
| #define HAVE_STDINT_H 1
| #define HAVE_UNISTD_H 1
| #define HAVE_DLFCN_H 1
| #define LT_OBJDIR ".libs/"
| #define HAVE_EXCEPTION 1
| #define HAVE_IOSTREAM 1
| #define HAVE_LIST 1
| #define HAVE_MEMORY 1
| #define HAVE_SET 1
| #define HAVE_SSTREAM 1
| #define HAVE_STRING 1
| #define HAVE_UTILITY 1
| #define HAVE_VECTOR 1
| #define HAVE_BOOST /**/
| #define HAVE_BOOST_PROGRAM_OPTIONS /**/
| #define HAVE_BOOST_FILESYSTEM /**/
| #define HAVE_BOOST_SYSTEM /**/
| #define HAVE_BOOST_SYSTEM /**/
| #define HAVE_BOOST_THREAD /**/
| /* end confdefs.h.  */
| 
| 
| 						#include <qwt_plot.h>
| 						#include <QApplication>
| 						int main(int argc, char** argv)
| 						{
| 							QApplication a(argc, argv);
| 							QwtPlot plot;
| 							plot.resize(600,400);
| 	    					plot.show();
| 	    					return a.exec();
| 	    				}
| 
| 
configure:14728: g++ -o conftest -g0 -O3 -Wall -Wno-deprecated-declarations -Wextra  -m64 -pipe -O2 -Wall -W -D_REENTRANT -DQT_NO_DEBUG -DQT_SVG_LIB -DQT_OPENGL_LIB -DQT_GUI_LIB -DQT_CORE_LIB -DQT_SHARED -DUTL_LOG_LEVEL=0 -DNDEBUG  -DQT_NO_DEBUG -DQT_SVG_LIB -DQT_OPENGL_LIB -DQT_GUI_LIB -DQT_CORE_LIB -DQT_SHARED -I/usr/share/qt4/mkspecs/linux-g++-64 -I. -I/usr/include/qt4/QtCore -I/usr/include/qt4/QtGui -I/usr/include/qt4/QtOpenGL -I/usr/include/qt4/QtSvg -I/usr/include/qt4 -I. -I/usr/X11R6/include -I. -I/usr/include/qwt  -m64 -Wl,-O1 -L/usr/lib conftest.cpp -lqwt5-qt4  -L/usr/lib/x86_64-linux-gnu -L/usr/X11R6/lib64 -lQtSvg -lQtOpenGL -lQtGui -lQtCore -lGL -lpthread >&5
/usr/bin/ld: cannot find -lqwt5-qt4
collect2: error: ld returned 1 exit status
configure:14728: $? = 1
configure: failed program was:
| /* confdefs.h */
| #define PACKAGE_NAME "CoBoFrameViewer"
| #define PACKAGE_TARNAME "CoBoFrameViewer"
| #define PACKAGE_VERSION "1.1.0"
| #define PACKAGE_STRING "CoBoFrameViewer 1.1.0"
| #define PACKAGE_BUGREPORT "patrick.sizun@cea.fr"
| #define PACKAGE_URL ""
| #define PACKAGE "CoBoFrameViewer"
| #define VERSION "1.1.0"
| #define STDC_HEADERS 1
| #define HAVE_SYS_TYPES_H 1
| #define HAVE_SYS_STAT_H 1
| #define HAVE_STDLIB_H 1
| #define HAVE_STRING_H 1
| #define HAVE_MEMORY_H 1
| #define HAVE_STRINGS_H 1
| #define HAVE_INTTYPES_H 1
| #define HAVE_STDINT_H 1
| #define HAVE_UNISTD_H 1
| #define HAVE_DLFCN_H 1
| #define LT_OBJDIR ".libs/"
| #define HAVE_EXCEPTION 1
| #define HAVE_IOSTREAM 1
| #define HAVE_LIST 1
| #define HAVE_MEMORY 1
| #define HAVE_SET 1
| #define HAVE_SSTREAM 1
| #define HAVE_STRING 1
| #define HAVE_UTILITY 1
| #define HAVE_VECTOR 1
| #define HAVE_BOOST /**/
| #define HAVE_BOOST_PROGRAM_OPTIONS /**/
| #define HAVE_BOOST_FILESYSTEM /**/
| #define HAVE_BOOST_SYSTEM /**/
| #define HAVE_BOOST_SYSTEM /**/
| #define HAVE_BOOST_THREAD /**/
| /* end confdefs.h.  */
| 
| 
| 						#include <qwt_plot.h>
| 						#include <QApplication>
| 						int main(int argc, char** argv)
| 						{
| 							QApplication a(argc, argv);
| 							QwtPlot plot;
| 							plot.resize(600,400);
| 	    					plot.show();
| 	    					return a.exec();
| 	    				}
| 
| 
configure:14759: g++ -o conftest -g0 -O3 -Wall -Wno-deprecated-declarations -Wextra  -m64 -pipe -O2 -Wall -W -D_REENTRANT -DQT_NO_DEBUG -DQT_SVG_LIB -DQT_OPENGL_LIB -DQT_GUI_LIB -DQT_CORE_LIB -DQT_SHARED -DUTL_LOG_LEVEL=0 -DNDEBUG  -DQT_NO_DEBUG -DQT_SVG_LIB -DQT_OPENGL_LIB -DQT_GUI_LIB -DQT_CORE_LIB -DQT_SHARED -I/usr/share/qt4/mkspecs/linux-g++-64 -I. -I/usr/include/qt4/QtCore -I/usr/include/qt4/QtGui -I/usr/include/qt4/QtOpenGL -I/usr/include/qt4/QtSvg -I/usr/include/qt4 -I. -I/usr/X11R6/include -I. -I/usr/include/qwt  -m64 -Wl,-O1 -L/usr/lib conftest.cpp -lqwt-qt4  -L/usr/lib/x86_64-linux-gnu -L/usr/X11R6/lib64 -lQtSvg -lQtOpenGL -lQtGui -lQtCore -lGL -lpthread >&5
/usr/bin/ld: cannot find -lqwt-qt4
collect2: error: ld returned 1 exit status
configure:14759: $? = 1
configure: failed program was:
| /* confdefs.h */
| #define PACKAGE_NAME "CoBoFrameViewer"
| #define PACKAGE_TARNAME "CoBoFrameViewer"
| #define PACKAGE_VERSION "1.1.0"
| #define PACKAGE_STRING "CoBoFrameViewer 1.1.0"
| #define PACKAGE_BUGREPORT "patrick.sizun@cea.fr"
| #define PACKAGE_URL ""
| #define PACKAGE "CoBoFrameViewer"
| #define VERSION "1.1.0"
| #define STDC_HEADERS 1
| #define HAVE_SYS_TYPES_H 1
| #define HAVE_SYS_STAT_H 1
| #define HAVE_STDLIB_H 1
| #define HAVE_STRING_H 1
| #define HAVE_MEMORY_H 1
| #define HAVE_STRINGS_H 1
| #define HAVE_INTTYPES_H 1
| #define HAVE_STDINT_H 1
| #define HAVE_UNISTD_H 1
| #define HAVE_DLFCN_H 1
| #define LT_OBJDIR ".libs/"
| #define HAVE_EXCEPTION 1
| #define HAVE_IOSTREAM 1
| #define HAVE_LIST 1
| #define HAVE_MEMORY 1
| #define HAVE_SET 1
| #define HAVE_SSTREAM 1
| #define HAVE_STRING 1
| #define HAVE_UTILITY 1
| #define HAVE_VECTOR 1
| #define HAVE_BOOST /**/
| #define HAVE_BOOST_PROGRAM_OPTIONS /**/
| #define HAVE_BOOST_FILESYSTEM /**/
| #define HAVE_BOOST_SYSTEM /**/
| #define HAVE_BOOST_SYSTEM /**/
| #define HAVE_BOOST_THREAD /**/
| /* end confdefs.h.  */
| 
| 
| 						#include <qwt_plot.h>
| 						#include <QApplication>
| 						int main(int argc, char** argv)
| 						{
| 							QApplication a(argc, argv);
| 							QwtPlot plot;
| 							plot.resize(600,400);
| 	    					plot.show();
| 	    					return a.exec();
| 	    				}
| 
| 
configure:14790: g++ -o conftest -g0 -O3 -Wall -Wno-deprecated-declarations -Wextra  -m64 -pipe -O2 -Wall -W -D_REENTRANT -DQT_NO_DEBUG -DQT_SVG_LIB -DQT_OPENGL_LIB -DQT_GUI_LIB -DQT_CORE_LIB -DQT_SHARED -DUTL_LOG_LEVEL=0 -DNDEBUG  -DQT_NO_DEBUG -DQT_SVG_LIB -DQT_OPENGL_LIB -DQT_GUI_LIB -DQT_CORE_LIB -DQT_SHARED -I/usr/share/qt4/mkspecs/linux-g++-64 -I. -I/usr/include/qt4/QtCore -I/usr/include/qt4/QtGui -I/usr/include/qt4/QtOpenGL -I/usr/include/qt4/QtSvg -I/usr/include/qt4 -I. -I/usr/X11R6/include -I. -I/usr/include/qwt  -m64 -Wl,-O1 -L/usr/lib conftest.cpp -lqwt6  -L/usr/lib/x86_64-linux-gnu -L/usr/X11R6/lib64 -lQtSvg -lQtOpenGL -lQtGui -lQtCore -lGL -lpthread >&5
/usr/bin/ld: cannot find -lqwt6
collect2: error: ld returned 1 exit status
configure:14790: $? = 1
configure: failed program was:
| /* confdefs.h */
| #define PACKAGE_NAME "CoBoFrameViewer"
| #define PACKAGE_TARNAME "CoBoFrameViewer"
| #define PACKAGE_VERSION "1.1.0"
| #define PACKAGE_STRING "CoBoFrameViewer 1.1.0"
| #define PACKAGE_BUGREPORT "patrick.sizun@cea.fr"
| #define PACKAGE_URL ""
| #define PACKAGE "CoBoFrameViewer"
| #define VERSION "1.1.0"
| #define STDC_HEADERS 1
| #define HAVE_SYS_TYPES_H 1
| #define HAVE_SYS_STAT_H 1
| #define HAVE_STDLIB_H 1
| #define HAVE_STRING_H 1
| #define HAVE_MEMORY_H 1
| #define HAVE_STRINGS_H 1
| #define HAVE_INTTYPES_H 1
| #define HAVE_STDINT_H 1
| #define HAVE_UNISTD_H 1
| #define HAVE_DLFCN_H 1
| #define LT_OBJDIR ".libs/"
| #define HAVE_EXCEPTION 1
| #define HAVE_IOSTREAM 1
| #define HAVE_LIST 1
| #define HAVE_MEMORY 1
| #define HAVE_SET 1
| #define HAVE_SSTREAM 1
| #define HAVE_STRING 1
| #define HAVE_UTILITY 1
| #define HAVE_VECTOR 1
| #define HAVE_BOOST /**/
| #define HAVE_BOOST_PROGRAM_OPTIONS /**/
| #define HAVE_BOOST_FILESYSTEM /**/
| #define HAVE_BOOST_SYSTEM /**/
| #define HAVE_BOOST_SYSTEM /**/
| #define HAVE_BOOST_THREAD /**/
| /* end confdefs.h.  */
| 
| 
| 						#include <qwt_plot.h>
| 						#include <QApplication>
| 						int main(int argc, char** argv)
| 						{
| 							QApplication a(argc, argv);
| 							QwtPlot plot;
| 							plot.resize(600,400);
| 	    					plot.show();
| 	    					return a.exec();
| 	    				}
| 
| 
configure:14821: g++ -o conftest -g0 -O3 -Wall -Wno-deprecated-declarations -Wextra  -m64 -pipe -O2 -Wall -W -D_REENTRANT -DQT_NO_DEBUG -DQT_SVG_LIB -DQT_OPENGL_LIB -DQT_GUI_LIB -DQT_CORE_LIB -DQT_SHARED -DUTL_LOG_LEVEL=0 -DNDEBUG  -DQT_NO_DEBUG -DQT_SVG_LIB -DQT_OPENGL_LIB -DQT_GUI_LIB -DQT_CORE_LIB -DQT_SHARED -I/usr/share/qt4/mkspecs/linux-g++-64 -I. -I/usr/include/qt4/QtCore -I/usr/include/qt4/QtGui -I/usr/include/qt4/QtOpenGL -I/usr/include/qt4/QtSvg -I/usr/include/qt4 -I. -I/usr/X11R6/include -I. -I/usr/include/qwt  -m64 -Wl,-O1 -L/usr/lib conftest.cpp -lqwt5  -L/usr/lib/x86_64-linux-gnu -L/usr/X11R6/lib64 -lQtSvg -lQtOpenGL -lQtGui -lQtCore -lGL -lpthread >&5
/usr/bin/ld: cannot find -lqwt5
collect2: error: ld returned 1 exit status
configure:14821: $? = 1
configure: failed program was:
| /* confdefs.h */
| #define PACKAGE_NAME "CoBoFrameViewer"
| #define PACKAGE_TARNAME "CoBoFrameViewer"
| #define PACKAGE_VERSION "1.1.0"
| #define PACKAGE_STRING "CoBoFrameViewer 1.1.0"
| #define PACKAGE_BUGREPORT "patrick.sizun@cea.fr"
| #define PACKAGE_URL ""
| #define PACKAGE "CoBoFrameViewer"
| #define VERSION "1.1.0"
| #define STDC_HEADERS 1
| #define HAVE_SYS_TYPES_H 1
| #define HAVE_SYS_STAT_H 1
| #define HAVE_STDLIB_H 1
| #define HAVE_STRING_H 1
| #define HAVE_MEMORY_H 1
| #define HAVE_STRINGS_H 1
| #define HAVE_INTTYPES_H 1
| #define HAVE_STDINT_H 1
| #define HAVE_UNISTD_H 1
| #define HAVE_DLFCN_H 1
| #define LT_OBJDIR ".libs/"
| #define HAVE_EXCEPTION 1
| #define HAVE_IOSTREAM 1
| #define HAVE_LIST 1
| #define HAVE_MEMORY 1
| #define HAVE_SET 1
| #define HAVE_SSTREAM 1
| #define HAVE_STRING 1
| #define HAVE_UTILITY 1
| #define HAVE_VECTOR 1
| #define HAVE_BOOST /**/
| #define HAVE_BOOST_PROGRAM_OPTIONS /**/
| #define HAVE_BOOST_FILESYSTEM /**/
| #define HAVE_BOOST_SYSTEM /**/
| #define HAVE_BOOST_SYSTEM /**/
| #define HAVE_BOOST_THREAD /**/
| /* end confdefs.h.  */
| 
| 
| 						#include <qwt_plot.h>
| 						#include <QApplication>
| 						int main(int argc, char** argv)
| 						{
| 							QApplication a(argc, argv);
| 							QwtPlot plot;
| 							plot.resize(600,400);
| 	    					plot.show();
| 	    					return a.exec();
| 	    				}
| 
| 
configure:14852: g++ -o conftest -g0 -O3 -Wall -Wno-deprecated-declarations -Wextra  -m64 -pipe -O2 -Wall -W -D_REENTRANT -DQT_NO_DEBUG -DQT_SVG_LIB -DQT_OPENGL_LIB -DQT_GUI_LIB -DQT_CORE_LIB -DQT_SHARED -DUTL_LOG_LEVEL=0 -DNDEBUG  -DQT_NO_DEBUG -DQT_SVG_LIB -DQT_OPENGL_LIB -DQT_GUI_LIB -DQT_CORE_LIB -DQT_SHARED -I/usr/share/qt4/mkspecs/linux-g++-64 -I. -I/usr/include/qt4/QtCore -I/usr/include/qt4/QtGui -I/usr/include/qt4/QtOpenGL -I/usr/include/qt4/QtSvg -I/usr/include/qt4 -I. -I/usr/X11R6/include -I. -I/usr/include/qwt  -m64 -Wl,-O1 -L/usr/lib conftest.cpp -lqwt  -L/usr/lib/x86_64-linux-gnu -L/usr/X11R6/lib64 -lQtSvg -lQtOpenGL -lQtGui -lQtCore -lGL -lpthread >&5
configure:14852: $? = 0
configure:14876: result: yes
configure:14928: checking for /usr/include/qwt/qwt_global.h
configure:14942: result: yes
configure:14946: checking for grep that handles long lines and -e
configure:15004: result: /usr/bin/grep
configure:15013: checking for gawk
configure:15040: result: gawk
configure:15051: checking for version of Qwt
configure:15054: result: 6.1.4
configure:15133: checking for QwtPlot3d
configure:15162: result: yes
configure:15171: checking for QwtPlot3d headers
configure:15174: result: /usr/include/qwtplot3d
configure:15185: checking for QwtPlot3d library
configure:15233: g++ -o conftest -m64 -pipe -O2 -Wall -W -D_REENTRANT -DQT_NO_DEBUG -DQT_SVG_LIB -DQT_OPENGL_LIB -DQT_GUI_LIB -DQT_CORE_LIB -DQT_SHARED -DQT_NO_DEBUG -DQT_SVG_LIB -DQT_OPENGL_LIB -DQT_GUI_LIB -DQT_CORE_LIB -DQT_SHARED -I/usr/share/qt4/mkspecs/linux-g++-64 -I. -I/usr/include/qt4/QtCore -I/usr/include/qt4/QtGui -I/usr/include/qt4/QtOpenGL -I/usr/include/qt4/QtSvg -I/usr/include/qt4 -I. -I/usr/X11R6/include -I. -DHAVE_QWT_PLOT_3D -I/usr/include/qwtplot3d -DUTL_LOG_LEVEL=0 -DNDEBUG  -m64 -Wl,-O1 -L/usr/lib  conftest.cpp -L/usr/lib/x86_64-linux-gnu -L/usr/X11R6/lib64 -lQtSvg -lQtOpenGL -lQtGui -lQtCore -lGL -lpthread -lqwtplot3d >&5
/usr/bin/ld: cannot find -lqwtplot3d
collect2: error: ld returned 1 exit status
configure:15233: $? = 1
configure: failed program was:
| /* confdefs.h */
| #define PACKAGE_NAME "CoBoFrameViewer"
| #define PACKAGE_TARNAME "CoBoFrameViewer"
| #define PACKAGE_VERSION "1.1.0"
| #define PACKAGE_STRING "CoBoFrameViewer 1.1.0"
| #define PACKAGE_BUGREPORT "patrick.sizun@cea.fr"
| #define PACKAGE_URL ""
| #define PACKAGE "CoBoFrameViewer"
| #define VERSION "1.1.0"
| #define STDC_HEADERS 1
| #define HAVE_SYS_TYPES_H 1
| #define HAVE_SYS_STAT_H 1
| #define HAVE_STDLIB_H 1
| #define HAVE_STRING_H 1
| #define HAVE_MEMORY_H 1
| #define HAVE_STRINGS_H 1
| #define HAVE_INTTYPES_H 1
| #define HAVE_STDINT_H 1
| #define HAVE_UNISTD_H 1
| #define HAVE_DLFCN_H 1
| #define LT_OBJDIR ".libs/"
| #define HAVE_EXCEPTION 1
| #define HAVE_IOSTREAM 1
| #define HAVE_LIST 1
| #define HAVE_MEMORY 1
| #define HAVE_SET 1
| #define HAVE_SSTREAM 1
| #define HAVE_STRING 1
| #define HAVE_UTILITY 1
| #define HAVE_VECTOR 1
| #define HAVE_BOOST /**/
| #define HAVE_BOOST_PROGRAM_OPTIONS /**/
| #define HAVE_BOOST_FILESYSTEM /**/
| #define HAVE_BOOST_SYSTEM /**/
| #define HAVE_BOOST_SYSTEM /**/
| #define HAVE_BOOST_THREAD /**/
| #define HAVE_QWT 1
| /* end confdefs.h.  */
| 
| 					#include <QApplication>
| 						#include <qwt3d_surfaceplot.h>
| int
| main ()
| {
| 
| 						int argc = 0;
| 						char** argv=0;
| 						QApplication a(argc, argv);
| 						Qwt3D::SurfacePlot plot;
| 						plot.resize(800,600);
| 						plot.show();
| 						return a.exec();
|   ;
|   return 0;
| }
configure:15233: g++ -o conftest -m64 -pipe -O2 -Wall -W -D_REENTRANT -DQT_NO_DEBUG -DQT_SVG_LIB -DQT_OPENGL_LIB -DQT_GUI_LIB -DQT_CORE_LIB -DQT_SHARED -DQT_NO_DEBUG -DQT_SVG_LIB -DQT_OPENGL_LIB -DQT_GUI_LIB -DQT_CORE_LIB -DQT_SHARED -I/usr/share/qt4/mkspecs/linux-g++-64 -I. -I/usr/include/qt4/QtCore -I/usr/include/qt4/QtGui -I/usr/include/qt4/QtOpenGL -I/usr/include/qt4/QtSvg -I/usr/include/qt4 -I. -I/usr/X11R6/include -I. -DHAVE_QWT_PLOT_3D -I/usr/include/qwtplot3d -DUTL_LOG_LEVEL=0 -DNDEBUG  -m64 -Wl,-O1 -L/usr/lib  conftest.cpp -L/usr/lib/x86_64-linux-gnu -L/usr/X11R6/lib64 -lQtSvg -lQtOpenGL -lQtGui -lQtCore -lGL -lpthread -lqwtplot3d-qt5 >&5
configure:15233: $? = 0
configure:15248: result: -L/usr/lib -lqwtplot3d-qt5
configure:15347: checking for pkg-config
configure:15365: found /usr/bin/pkg-config
configure:15377: result: /usr/bin/pkg-config
configure:15402: checking pkg-config is at least version 0.9.0
configure:15405: result: yes
configure:15415: checking for MFM
configure:15422: $PKG_CONFIG --exists --print-errors "$MFM_LIB_NAME >= 2.8.1"
configure:15425: $? = 0
configure:15439: $PKG_CONFIG --exists --print-errors "$MFM_LIB_NAME >= 2.8.1"
configure:15442: $? = 0
configure:15500: result: yes
configure:15512: checking for UTILS
configure:15519: $PKG_CONFIG --exists --print-errors "Utilities >= 1.2.1"
configure:15522: $? = 0
configure:15536: $PKG_CONFIG --exists --print-errors "Utilities >= 1.2.1"
configure:15539: $? = 0
configure:15597: result: yes
configure:15633: checking for root-config
configure:15651: found /usr/lib/root/bin/root-config
configure:15664: result: /usr/lib/root/bin/root-config
configure:15674: checking for root
configure:15692: found /usr/lib/root/bin/root
configure:15705: result: /usr/lib/root/bin/root
configure:15715: checking for rootcint
configure:15733: found /usr/lib/root/bin/rootcint
configure:15746: result: /usr/lib/root/bin/rootcint
configure:15810: checking for ROOT major version
configure:15813: result: 6
configure:15823: checking whether g++ supports C++11 features by default
configure:15880: g++ -c -g0 -O3 -Wall -Wno-deprecated-declarations -Wextra -DUTL_LOG_LEVEL=0 -DNDEBUG  conftest.cpp >&5
configure:15880: $? = 0
configure:15887: result: yes
configure:16116: checking for CCFITS
configure:16123: $PKG_CONFIG --exists --print-errors "cfitsio CCfits >= 2.5"
Package CCfits was not found in the pkg-config search path.
Perhaps you should add the directory containing `CCfits.pc'
to the PKG_CONFIG_PATH environment variable
No package 'CCfits' found
configure:16126: $? = 1
configure:16140: $PKG_CONFIG --exists --print-errors "cfitsio CCfits >= 2.5"
Package CCfits was not found in the pkg-config search path.
Perhaps you should add the directory containing `CCfits.pc'
to the PKG_CONFIG_PATH environment variable
No package 'CCfits' found
configure:16143: $? = 1
configure:16157: result: no
No package 'CCfits' found
configure:16173: WARNING: To install the raw to FITS data converter, install the CCfits library
configure:16305: checking that generated files are newer than configure
configure:16311: result: done
configure:16358: creating ./config.status

## ---------------------- ##
## Running config.status. ##
## ---------------------- ##

This file was extended by CoBoFrameViewer config.status 1.1.0, which was
generated by GNU Autoconf 2.69.  Invocation command line was

  CONFIG_FILES    = 
  CONFIG_HEADERS  = 
  CONFIG_LINKS    = 
  CONFIG_COMMANDS = 
  $ ./config.status 

on CT-CPU

config.status:1250: creating Makefile
config.status:1250: creating src/Makefile
config.status:1250: creating src/get/Makefile
config.status:1250: creating src/graw2gmat/Makefile
config.status:1250: creating src/root/Makefile
config.status:1250: creating src/graw2root/Makefile
config.status:1250: creating src/root2disp/Makefile
config.status:1250: creating src/merge/Makefile
config.status:1250: creating src/graw2fits/Makefile
config.status:1250: creating data/Makefile
config.status:1250: creating config.h
config.status:1431: config.h is unchanged
config.status:1479: executing depfiles commands
config.status:1556: cd src/get       && sed -e '/# am--include-marker/d' Makefile         | make -f - am--depfiles
make: Nothing to be done for 'am--depfiles'.
config.status:1561: $? = 0
config.status:1556: cd src/graw2gmat       && sed -e '/# am--include-marker/d' Makefile         | make -f - am--depfiles
make: Nothing to be done for 'am--depfiles'.
config.status:1561: $? = 0
config.status:1556: cd src/root       && sed -e '/# am--include-marker/d' Makefile         | make -f - am--depfiles
make: Nothing to be done for 'am--depfiles'.
config.status:1561: $? = 0
config.status:1556: cd src/graw2root       && sed -e '/# am--include-marker/d' Makefile         | make -f - am--depfiles
make: Nothing to be done for 'am--depfiles'.
config.status:1561: $? = 0
config.status:1556: cd src/root2disp       && sed -e '/# am--include-marker/d' Makefile         | make -f - am--depfiles
make: Nothing to be done for 'am--depfiles'.
config.status:1561: $? = 0
config.status:1556: cd src/merge       && sed -e '/# am--include-marker/d' Makefile         | make -f - am--depfiles
make: Nothing to be done for 'am--depfiles'.
config.status:1561: $? = 0
config.status:1556: cd src/graw2fits       && sed -e '/# am--include-marker/d' Makefile         | make -f - am--depfiles
make: Nothing to be done for 'am--depfiles'.
config.status:1561: $? = 0
config.status:1479: executing libtool commands

## ---------------- ##
## Cache variables. ##
## ---------------- ##

ac_cv_build=x86_64-pc-linux-gnu
ac_cv_c_compiler_gnu=yes
ac_cv_cxx_compiler_gnu=yes
ac_cv_env_CCC_set=
ac_cv_env_CCC_value=
ac_cv_env_CCFITS_CFLAGS_set=
ac_cv_env_CCFITS_CFLAGS_value=
ac_cv_env_CCFITS_LIBS_set=
ac_cv_env_CCFITS_LIBS_value=
ac_cv_env_CC_set=
ac_cv_env_CC_value=
ac_cv_env_CFLAGS_set=
ac_cv_env_CFLAGS_value=
ac_cv_env_CPPFLAGS_set=
ac_cv_env_CPPFLAGS_value=
ac_cv_env_CPP_set=
ac_cv_env_CPP_value=
ac_cv_env_CXXCPP_set=
ac_cv_env_CXXCPP_value=
ac_cv_env_CXXFLAGS_set=
ac_cv_env_CXXFLAGS_value=
ac_cv_env_CXX_set=
ac_cv_env_CXX_value=
ac_cv_env_LDFLAGS_set=
ac_cv_env_LDFLAGS_value=
ac_cv_env_LIBS_set=
ac_cv_env_LIBS_value=
ac_cv_env_LT_SYS_LIBRARY_PATH_set=
ac_cv_env_LT_SYS_LIBRARY_PATH_value=
ac_cv_env_MFM_CFLAGS_set=
ac_cv_env_MFM_CFLAGS_value=
ac_cv_env_MFM_LIBS_set=
ac_cv_env_MFM_LIBS_value=
ac_cv_env_MOC_set=
ac_cv_env_MOC_value=
ac_cv_env_PKG_CONFIG_LIBDIR_set=
ac_cv_env_PKG_CONFIG_LIBDIR_value=
ac_cv_env_PKG_CONFIG_PATH_set=
ac_cv_env_PKG_CONFIG_PATH_value=
ac_cv_env_PKG_CONFIG_set=
ac_cv_env_PKG_CONFIG_value=
ac_cv_env_QMAKE_set=
ac_cv_env_QMAKE_value=
ac_cv_env_QT_PATH_set=
ac_cv_env_QT_PATH_value=
ac_cv_env_RCC_set=
ac_cv_env_RCC_value=
ac_cv_env_UIC_set=
ac_cv_env_UIC_value=
ac_cv_env_UTILS_CFLAGS_set=
ac_cv_env_UTILS_CFLAGS_value=
ac_cv_env_UTILS_LIBS_set=
ac_cv_env_UTILS_LIBS_value=
ac_cv_env_build_alias_set=
ac_cv_env_build_alias_value=
ac_cv_env_host_alias_set=
ac_cv_env_host_alias_value=
ac_cv_env_target_alias_set=
ac_cv_env_target_alias_value=
ac_cv_file__usr_include_qwt_h=no
ac_cv_file__usr_include_qwt_qwt_global_h=yes
ac_cv_file__usr_include_qwt_qwt_h=yes
ac_cv_header_dlfcn_h=yes
ac_cv_header_exception=yes
ac_cv_header_inttypes_h=yes
ac_cv_header_iostream=yes
ac_cv_header_list=yes
ac_cv_header_memory=yes
ac_cv_header_memory_h=yes
ac_cv_header_qwt_h=yes
ac_cv_header_set=yes
ac_cv_header_sstream=yes
ac_cv_header_stdc=yes
ac_cv_header_stdint_h=yes
ac_cv_header_stdlib_h=yes
ac_cv_header_string=yes
ac_cv_header_string_h=yes
ac_cv_header_strings_h=yes
ac_cv_header_sys_stat_h=yes
ac_cv_header_sys_types_h=yes
ac_cv_header_unistd_h=yes
ac_cv_header_utility=yes
ac_cv_header_vector=yes
ac_cv_host=x86_64-pc-linux-gnu
ac_cv_lib_boost_filesystem___exit=yes
ac_cv_lib_boost_program_options___exit=yes
ac_cv_lib_boost_system___exit=yes
ac_cv_lib_boost_thread___exit=yes
ac_cv_objext=o
ac_cv_path_EGREP='/usr/bin/grep -E'
ac_cv_path_FGREP='/usr/bin/grep -F'
ac_cv_path_GREP=/usr/bin/grep
ac_cv_path_MOC=/usr/bin/moc
ac_cv_path_QMAKE=/usr/bin/qmake
ac_cv_path_RCC=/usr/bin/rcc
ac_cv_path_ROOTCINT=/usr/lib/root/bin/rootcint
ac_cv_path_ROOTCONF=/usr/lib/root/bin/root-config
ac_cv_path_ROOTEXEC=/usr/lib/root/bin/root
ac_cv_path_SED=/usr/bin/sed
ac_cv_path_UIC=/usr/bin/uic
ac_cv_path_ac_pt_PKG_CONFIG=/usr/bin/pkg-config
ac_cv_path_install='/usr/bin/install -c'
ac_cv_path_lt_DD=/usr/bin/dd
ac_cv_path_mkdir=/usr/bin/mkdir
ac_cv_prog_AWK=gawk
ac_cv_prog_CPP='gcc -E'
ac_cv_prog_CXXCPP='g++ -E'
ac_cv_prog_ac_ct_AR=ar
ac_cv_prog_ac_ct_CC=gcc
ac_cv_prog_ac_ct_CXX=g++
ac_cv_prog_ac_ct_MANIFEST_TOOL=mt
ac_cv_prog_ac_ct_OBJDUMP=objdump
ac_cv_prog_ac_ct_RANLIB=ranlib
ac_cv_prog_ac_ct_STRIP=strip
ac_cv_prog_cc_c89=
ac_cv_prog_cc_g=yes
ac_cv_prog_cxx_g=yes
ac_cv_prog_make_make_set=yes
am_cv_CC_dependencies_compiler_type=gcc3
am_cv_CXX_dependencies_compiler_type=gcc3
am_cv_ar_interface=ar
am_cv_make_support_nested_variables=yes
am_cv_prog_cc_c_o=yes
at_cv_QT_VERSION=4.8.7
at_cv_env_QT_CFLAGS='-m64 -pipe -O2 -Wall -W -D_REENTRANT $(QT_DEFINES)'
at_cv_env_QT_CXXFLAGS='-m64 -pipe -O2 -Wall -W -D_REENTRANT $(QT_DEFINES)'
at_cv_env_QT_DEFINES='-DQT_NO_DEBUG -DQT_SVG_LIB -DQT_OPENGL_LIB -DQT_GUI_LIB -DQT_CORE_LIB -DQT_SHARED'
at_cv_env_QT_INCPATH='-I/usr/share/qt4/mkspecs/linux-g++-64 -I. -I/usr/include/qt4/QtCore -I/usr/include/qt4/QtGui -I/usr/include/qt4/QtOpenGL -I/usr/include/qt4/QtSvg -I/usr/include/qt4 -I. -I/usr/X11R6/include -I.'
at_cv_env_QT_LDFLAGS='-m64 -Wl,-O1'
at_cv_env_QT_LIBS='-L/usr/lib/x86_64-linux-gnu -L/usr/X11R6/lib64 -lQtSvg -lQtOpenGL -lQtGui -lQtCore -lGL -lpthread '
at_cv_env_QT_MOCFLAGS='-I/usr/share/qt4/mkspecs/linux-g++-64 -I. -I/usr/include/qt4/QtCore -I/usr/include/qt4/QtGui -I/usr/include/qt4/QtOpenGL -I/usr/include/qt4/QtSvg -I/usr/include/qt4 -I. -I/usr/X11R6/include -I.'
at_cv_qt_build='ok, looks like Qt 4'
ax_cv_boost_filesystem=yes
ax_cv_boost_program_options=yes
ax_cv_boost_system=yes
ax_cv_boost_thread=yes
ax_cv_cxx_compile_cxx11=yes
ax_qwt_cv_QT_VERSION_MAJOR=4
lt_cv_ar_at_file=@
lt_cv_archive_cmds_need_lc=no
lt_cv_deplibs_check_method=pass_all
lt_cv_file_magic_cmd='$MAGIC_CMD'
lt_cv_file_magic_test_file=
lt_cv_ld_reload_flag=-r
lt_cv_nm_interface='BSD nm'
lt_cv_objdir=.libs
lt_cv_path_LD=/usr/bin/ld
lt_cv_path_LDCXX='/usr/bin/ld -m elf_x86_64'
lt_cv_path_NM='/usr/bin/nm -B'
lt_cv_path_mainfest_tool=no
lt_cv_prog_compiler_c_o=yes
lt_cv_prog_compiler_c_o_CXX=yes
lt_cv_prog_compiler_pic='-fPIC -DPIC'
lt_cv_prog_compiler_pic_CXX='-fPIC -DPIC'
lt_cv_prog_compiler_pic_works=yes
lt_cv_prog_compiler_pic_works_CXX=yes
lt_cv_prog_compiler_rtti_exceptions=no
lt_cv_prog_compiler_static_works=yes
lt_cv_prog_compiler_static_works_CXX=yes
lt_cv_prog_gnu_ld=yes
lt_cv_prog_gnu_ldcxx=yes
lt_cv_sharedlib_from_linklib_cmd='printf %s\n'
lt_cv_shlibpath_overrides_runpath=yes
lt_cv_sys_global_symbol_pipe='sed -n -e '\''s/^.*[	 ]\([ABCDGIRSTW][ABCDGIRSTW]*\)[	 ][	 ]*\([_A-Za-z][_A-Za-z0-9]*\)$/\1 \2 \2/p'\'' | sed '\''/ __gnu_lto/d'\'''
lt_cv_sys_global_symbol_to_c_name_address='sed -n -e '\''s/^: \(.*\) .*$/  {"\1", (void *) 0},/p'\'' -e '\''s/^[ABCDGIRSTW][ABCDGIRSTW]* .* \(.*\)$/  {"\1", (void *) \&\1},/p'\'''
lt_cv_sys_global_symbol_to_c_name_address_lib_prefix='sed -n -e '\''s/^: \(.*\) .*$/  {"\1", (void *) 0},/p'\'' -e '\''s/^[ABCDGIRSTW][ABCDGIRSTW]* .* \(lib.*\)$/  {"\1", (void *) \&\1},/p'\'' -e '\''s/^[ABCDGIRSTW][ABCDGIRSTW]* .* \(.*\)$/  {"lib\1", (void *) \&\1},/p'\'''
lt_cv_sys_global_symbol_to_cdecl='sed -n -e '\''s/^T .* \(.*\)$/extern int \1();/p'\'' -e '\''s/^[ABCDGIRSTW][ABCDGIRSTW]* .* \(.*\)$/extern char \1;/p'\'''
lt_cv_sys_global_symbol_to_import=
lt_cv_sys_max_cmd_len=1572864
lt_cv_to_host_file_cmd=func_convert_file_noop
lt_cv_to_tool_file_cmd=func_convert_file_noop
lt_cv_truncate_bin='/usr/bin/dd bs=4096 count=1'
pkg_cv_MFM_CFLAGS='-pthread -DWORDS_LITTLE_ENDIAN=1 -DTIXML_USE_STL -I/usr/local/include'
pkg_cv_MFM_LIBS='-L/usr/local/lib -lMultiFrame -lUtilities -lrt -lCompoundConfig -ltinyxml'
pkg_cv_UTILS_CFLAGS='-pthread -I/usr/local/include'
pkg_cv_UTILS_LIBS='-L/usr/local/lib -lUtilities -lrt'

## ----------------- ##
## Output variables. ##
## ----------------- ##

ACLOCAL='${SHELL} /home/cherenkov/Desktop/CoBoFrameViewer/m4/missing aclocal-1.16'
AMDEPBACKSLASH='\'
AMDEP_FALSE='#'
AMDEP_TRUE=''
AMTAR='$${TAR-tar}'
AM_BACKSLASH='\'
AM_DEFAULT_V='$(AM_DEFAULT_VERBOSITY)'
AM_DEFAULT_VERBOSITY='0'
AM_V='$(V)'
AR='ar'
AUTOCONF='${SHELL} /home/cherenkov/Desktop/CoBoFrameViewer/m4/missing autoconf'
AUTOHEADER='${SHELL} /home/cherenkov/Desktop/CoBoFrameViewer/m4/missing autoheader'
AUTOMAKE='${SHELL} /home/cherenkov/Desktop/CoBoFrameViewer/m4/missing automake-1.16'
AWK='gawk'
BOOST_CPPFLAGS='-pthread -D__STDC_CONSTANT_MACROS -DBOOST_NO_CWCHAR -I/usr/include'
BOOST_FILESYSTEM_LIB='-lboost_filesystem'
BOOST_LDFLAGS='-L/usr/lib/x86_64-linux-gnu'
BOOST_PROGRAM_OPTIONS_LIB='-lboost_program_options'
BOOST_SYSTEM_LIB='-lboost_system'
BOOST_THREAD_LIB='-lboost_thread'
BUILD_3DVIEWER_FALSE='#'
BUILD_3DVIEWER_TRUE=''
BUILD_GRAW2ROOT_FALSE='#'
BUILD_GRAW2ROOT_TRUE=''
CC='gcc'
CCDEPMODE='depmode=gcc3'
CCFITS_CFLAGS=''
CCFITS_LIBS=''
CFLAGS='-g0 -O3 -Wall -Wextra -g -O2'
CPP='gcc -E'
CPPFLAGS='-DUTL_LOG_LEVEL=0 -DNDEBUG '
CXX='g++'
CXXCPP='g++ -E'
CXXDEPMODE='depmode=gcc3'
CXXFLAGS='-g0 -O3 -Wall -Wno-deprecated-declarations -Wextra'
CYGPATH_W='echo'
DEBUG_SUFFIX=''
DEFS='-DHAVE_CONFIG_H'
DEPDIR='.deps'
DISTCHECK_CONFIGURE_FLAGS='--with-qt=/usr/bin '
DLLTOOL='false'
DSYMUTIL=''
DUMPBIN=''
ECHO_C=''
ECHO_N='-n'
ECHO_T=''
EGREP='/usr/bin/grep -E'
EXEEXT=''
FGREP='/usr/bin/grep -F'
GREP='/usr/bin/grep'
HAVE_CCFITS_FALSE=''
HAVE_CCFITS_TRUE='#'
HAVE_CXX11=''
HAVE_ROOT6_FALSE='#'
HAVE_ROOT6_TRUE=''
INSTALL_DATA='${INSTALL} -m 644'
INSTALL_PROGRAM='${INSTALL}'
INSTALL_SCRIPT='${INSTALL}'
INSTALL_STRIP_PROGRAM='$(install_sh) -c -s'
LD='/usr/bin/ld -m elf_x86_64'
LDFLAGS=''
LIBOBJS=''
LIBS=' -L/usr/lib/x86_64-linux-gnu -L/usr/X11R6/lib64 -lQtSvg -lQtOpenGL -lQtGui -lQtCore -lGL -lpthread'
LIBTOOL='$(SHELL) $(top_builddir)/libtool'
LIPO=''
LN_S='ln -s'
LTLIBOBJS=''
LT_SYS_LIBRARY_PATH=''
MAKEINFO='${SHELL} /home/cherenkov/Desktop/CoBoFrameViewer/m4/missing makeinfo'
MANIFEST_TOOL=':'
MFM_CFLAGS='-pthread -DWORDS_LITTLE_ENDIAN=1 -DTIXML_USE_STL -I/usr/local/include'
MFM_LIBS='-L/usr/local/lib -lMultiFrame -lUtilities -lrt -lCompoundConfig -ltinyxml'
MFM_LIB_NAME='MultiFrame'
MKDIR_P='/usr/bin/mkdir -p'
MOC='/usr/bin/moc'
NM='/usr/bin/nm -B'
NMEDIT=''
OBJDUMP='objdump'
OBJEXT='o'
OTOOL64=''
OTOOL=''
PACKAGE='CoBoFrameViewer'
PACKAGE_BUGREPORT='patrick.sizun@cea.fr'
PACKAGE_NAME='CoBoFrameViewer'
PACKAGE_STRING='CoBoFrameViewer 1.1.0'
PACKAGE_TARNAME='CoBoFrameViewer'
PACKAGE_URL=''
PACKAGE_VERSION='1.1.0'
PATH_SEPARATOR=':'
PKG_CONFIG='/usr/bin/pkg-config'
PKG_CONFIG_LIBDIR=''
PKG_CONFIG_PATH=''
QMAKE='/usr/bin/qmake'
QT_CFLAGS='-m64 -pipe -O2 -Wall -W -D_REENTRANT $(QT_DEFINES)'
QT_CPPFLAGS='-DQT_NO_DEBUG -DQT_SVG_LIB -DQT_OPENGL_LIB -DQT_GUI_LIB -DQT_CORE_LIB -DQT_SHARED -I/usr/share/qt4/mkspecs/linux-g++-64 -I. -I/usr/include/qt4/QtCore -I/usr/include/qt4/QtGui -I/usr/include/qt4/QtOpenGL -I/usr/include/qt4/QtSvg -I/usr/include/qt4 -I. -I/usr/X11R6/include -I.'
QT_CXXFLAGS='-m64 -pipe -O2 -Wall -W -D_REENTRANT -DQT_NO_DEBUG -DQT_SVG_LIB -DQT_OPENGL_LIB -DQT_GUI_LIB -DQT_CORE_LIB -DQT_SHARED'
QT_DEFINES='-DQT_NO_DEBUG -DQT_SVG_LIB -DQT_OPENGL_LIB -DQT_GUI_LIB -DQT_CORE_LIB -DQT_SHARED'
QT_INCPATH='-I/usr/share/qt4/mkspecs/linux-g++-64 -I. -I/usr/include/qt4/QtCore -I/usr/include/qt4/QtGui -I/usr/include/qt4/QtOpenGL -I/usr/include/qt4/QtSvg -I/usr/include/qt4 -I. -I/usr/X11R6/include -I.'
QT_LDFLAGS='-m64 -Wl,-O1'
QT_LFLAGS='-m64 -Wl,-O1'
QT_LIBS='-L/usr/lib/x86_64-linux-gnu -L/usr/X11R6/lib64 -lQtSvg -lQtOpenGL -lQtGui -lQtCore -lGL -lpthread'
QT_MOCFLAGS='-I/usr/share/qt4/mkspecs/linux-g++-64 -I. -I/usr/include/qt4/QtCore -I/usr/include/qt4/QtGui -I/usr/include/qt4/QtOpenGL -I/usr/include/qt4/QtSvg -I/usr/include/qt4 -I. -I/usr/X11R6/include -I.'
QT_PATH='/usr/bin'
QT_VERSION='4.8.7'
QT_VERSION_MAJOR='4'
QWT_CPPFLAGS='-I/usr/include/qwt'
QWT_LDFLAGS='-L/usr/lib'
QWT_LIBS='-lqwt'
QWT_PLOT_3D_CPPFLAGS='-DHAVE_QWT_PLOT_3D -I/usr/include/qwtplot3d'
QWT_PLOT_3D_LDFLAGS='-L/usr/lib'
QWT_PLOT_3D_LIBS='-lqwtplot3d-qt5'
QWT_VERSION_MAJOR='6'
QWT_VERSION_STR='6.1.4'
RANLIB='ranlib'
RCC='/usr/bin/rcc'
ROOTAUXCFLAGS='-pthread -std=c++14 -m64'
ROOTAUXLIBS='-pthread -lm -ldl -rdynamic'
ROOTCFLAGS='-I/usr/lib/root/include'
ROOTCINT='/usr/lib/root/bin/rootcint'
ROOTCONF='/usr/lib/root/bin/root-config'
ROOTETCDIR='/usr/lib/root/etc'
ROOTEXEC='/usr/lib/root/bin/root'
ROOTGLIBS='-lGui -lCore -lImt -lRIO -lNet -lHist -lGraf -lGraf3d -lGpad -lROOTVecOps -lTree -lTreePlayer -lRint -lPostscript -lMatrix -lPhysics -lMathCore -lThread -lMultiProc -lROOTDataFrame'
ROOTINCDIR='/usr/lib/root/include'
ROOTLIBDIR='/usr/lib/root/lib'
ROOTLIBS='-lCore -lImt -lRIO -lNet -lHist -lGraf -lGraf3d -lGpad -lROOTVecOps -lTree -lTreePlayer -lRint -lPostscript -lMatrix -lPhysics -lMathCore -lThread -lMultiProc -lROOTDataFrame'
ROOTRPATH='/usr/lib/root/lib'
ROOTSOVERSION='6.24'
ROOTVERSION='6.24/06'
SED='/usr/bin/sed'
SET_MAKE=''
SHELL='/bin/bash'
STRIP='strip'
UIC='/usr/bin/uic'
UTILS_CFLAGS='-pthread -I/usr/local/include'
UTILS_LIBS='-L/usr/local/lib -lUtilities -lrt'
UTL_LOG_THREADSAFE_CPPFLAGS='-DUTL_LOG_THREADSAFE=1'
UTL_LOG_THREADSAFE_LIBS='-lboost_system -lboost_thread'
VERSION='1.1.0'
WINDOWS_FALSE=''
WINDOWS_TRUE='#'
ac_ct_AR='ar'
ac_ct_CC='gcc'
ac_ct_CXX='g++'
ac_ct_DUMPBIN=''
am__EXEEXT_FALSE=''
am__EXEEXT_TRUE='#'
am__fastdepCC_FALSE='#'
am__fastdepCC_TRUE=''
am__fastdepCXX_FALSE='#'
am__fastdepCXX_TRUE=''
am__include='include'
am__isrc=''
am__leading_dot='.'
am__nodep='_no'
am__quote=''
am__tar='$${TAR-tar} chof - "$$tardir"'
am__untar='$${TAR-tar} xf -'
bindir='${exec_prefix}/bin'
build='x86_64-pc-linux-gnu'
build_alias=''
build_cpu='x86_64'
build_os='linux-gnu'
build_vendor='pc'
datadir='${datarootdir}'
datarootdir='${prefix}/share'
docdir='${datarootdir}/doc/${PACKAGE_TARNAME}'
dvidir='${docdir}'
exec_prefix='${prefix}'
host='x86_64-pc-linux-gnu'
host_alias=''
host_cpu='x86_64'
host_os='linux-gnu'
host_vendor='pc'
htmldir='${docdir}'
includedir='${prefix}/include'
infodir='${datarootdir}/info'
install_sh='${SHELL} /home/cherenkov/Desktop/CoBoFrameViewer/m4/install-sh'
libdir='${exec_prefix}/lib'
libexecdir='${exec_prefix}/libexec'
localedir='${datarootdir}/locale'
localstatedir='${prefix}/var'
mandir='${datarootdir}/man'
mkdir_p='$(MKDIR_P)'
moc_verbose='$(moc_verbose_$(V))'
moc_verbose_='$(moc_verbose_$(AM_DEFAULT_VERBOSITY))'
oldincludedir='/usr/include'
pdfdir='${docdir}'
prefix='/usr/local'
program_transform_name='s,x,x,'
psdir='${docdir}'
rcc_verbose='$(rcc_verbose_$(V))'
rcc_verbose_='$(rcc_verbose_$(AM_DEFAULT_VERBOSITY))'
runstatedir='${localstatedir}/run'
sbindir='${exec_prefix}/sbin'
sharedstatedir='${prefix}/com'
sysconfdir='${prefix}/etc'
target_alias=''
uic_verbose='$(uic_verbose_$(V))'
uic_verbose_='$(uic_verbose_$(AM_DEFAULT_VERBOSITY))'

## ----------- ##
## confdefs.h. ##
## ----------- ##

/* confdefs.h */
#define PACKAGE_NAME "CoBoFrameViewer"
#define PACKAGE_TARNAME "CoBoFrameViewer"
#define PACKAGE_VERSION "1.1.0"
#define PACKAGE_STRING "CoBoFrameViewer 1.1.0"
#define PACKAGE_BUGREPORT "patrick.sizun@cea.fr"
#define PACKAGE_URL ""
#define PACKAGE "CoBoFrameViewer"
#define VERSION "1.1.0"
#define STDC_HEADERS 1
#define HAVE_SYS_TYPES_H 1
#define HAVE_SYS_STAT_H 1
#define HAVE_STDLIB_H 1
#define HAVE_STRING_H 1
#define HAVE_MEMORY_H 1
#define HAVE_STRINGS_H 1
#define HAVE_INTTYPES_H 1
#define HAVE_STDINT_H 1
#define HAVE_UNISTD_H 1
#define HAVE_DLFCN_H 1
#define LT_OBJDIR ".libs/"
#define HAVE_EXCEPTION 1
#define HAVE_IOSTREAM 1
#define HAVE_LIST 1
#define HAVE_MEMORY 1
#define HAVE_SET 1
#define HAVE_SSTREAM 1
#define HAVE_STRING 1
#define HAVE_UTILITY 1
#define HAVE_VECTOR 1
#define HAVE_BOOST /**/
#define HAVE_BOOST_PROGRAM_OPTIONS /**/
#define HAVE_BOOST_FILESYSTEM /**/
#define HAVE_BOOST_SYSTEM /**/
#define HAVE_BOOST_SYSTEM /**/
#define HAVE_BOOST_THREAD /**/
#define HAVE_QWT 1
#define HAVE_QWT_PLOT_3D 1
#define HAVE_ROOT 1

configure: exit 0
