Available Storage: 74%Tue Jan  2 17:52:56 2024
Available Storage: 74% Tue Jan  2 17:55:29 2024
Used Storage: 74% Tue Jan  2 18:04:42 2024
Used Storage: 74% Tue Jan  2 18:05:26 2024
successfully sent the mailTue Jan  2 18:05:33 2024
Used Storage: 74% Tue Jan  2 18:08:15 2024
successfully sent the mail Tue Jan  2 18:08:16 2024
Used Storage: 74% Tue Jan  2 18:09:18 2024
successfully sent the mail Tue Jan  2 18:09:19 2024
Used Storage: 74% Tue Jan  2 18:09:31 2024
successfully sent the mail Tue Jan  2 18:09:33 2024
Used Storage: 74 Tue Jan  2 18:10:53 2024
successfully sent the mail Tue Jan  2 18:10:55 2024
Used Storage: 74% Tue Jan  2 18:12:19 2024
Successfully sent email Tue Jan  2 18:12:20 2024
Used Storage: 59% Fri Mar  1 21:41:13 2024
Used Storage: 59% Sat Mar  2 12:00:01 2024
Used Storage: 59% Sun Mar  3 12:00:02 2024
Used Storage: 60% Mon Mar  4 12:00:01 2024
Used Storage: 60% Tue Mar  5 12:00:01 2024
Used Storage: 60% Wed Mar  6 12:00:01 2024
Used Storage: 60% Thu Mar  7 12:00:01 2024
Used Storage: 60% Fri Mar  8 12:00:01 2024
Used Storage: 60% Sat Mar  9 12:00:01 2024
Used Storage: 61% Sun Mar 10 12:00:01 2024
Used Storage: 70% Mon Mar 11 12:00:01 2024
Used Storage: 72% Tue Mar 12 12:00:01 2024
Used Storage: 72% Wed Mar 13 12:00:01 2024
Used Storage: 72% Thu Mar 14 12:00:01 2024
Used Storage: 72% Fri Mar 15 12:00:01 2024
Used Storage: 73% Sat Mar 16 12:00:02 2024
Used Storage: 73% Sun Mar 17 12:00:01 2024
Used Storage: 73% Mon Mar 18 12:00:01 2024
Used Storage: 73% Tue Mar 19 12:00:01 2024
Used Storage: 74% Wed Mar 20 12:00:01 2024
Used Storage: 74% Thu Mar 21 12:00:01 2024
Used Storage: 74% Fri Mar 22 12:00:01 2024
Used Storage: 76% Sat Mar 23 12:00:01 2024
Used Storage: 76% Sun Mar 24 12:00:01 2024
Used Storage: 76% Mon Mar 25 12:00:01 2024
Used Storage: 80% Tue Mar 26 12:00:01 2024
Used Storage: 81% Wed Mar 27 12:00:01 2024
Successfully sent email Wed Mar 27 12:00:08 2024
Used Storage: 81% Thu Mar 28 12:00:02 2024
Successfully sent email Thu Mar 28 12:00:09 2024
Used Storage: 81% Fri Mar 29 12:00:01 2024
Successfully sent email Fri Mar 29 12:00:09 2024
Used Storage: 81% Sat Mar 30 12:00:01 2024
Successfully sent email Sat Mar 30 12:00:08 2024
Used Storage: 81% Sun Mar 31 12:00:01 2024
Successfully sent email Sun Mar 31 12:00:08 2024
Used Storage: 81% Mon Apr  1 12:00:01 2024
Successfully sent email Mon Apr  1 12:00:08 2024
Used Storage: 81% Tue Apr  2 12:00:01 2024
Successfully sent email Tue Apr  2 12:00:08 2024
Used Storage: 40% Wed Apr  3 12:00:01 2024
Used Storage: 40% Thu Apr  4 12:00:01 2024
Used Storage: 40% Fri Apr  5 12:00:01 2024
Used Storage: 40% Sat Apr  6 12:00:01 2024
Used Storage: 40% Sun Apr  7 12:00:01 2024
Used Storage: 41% Mon Apr  8 12:00:01 2024
Used Storage: 45% Tue Apr  9 12:00:01 2024
Used Storage: 48% Wed Apr 10 12:00:01 2024
Used Storage: 51% Thu Apr 11 12:00:01 2024
Used Storage: 51% Fri Apr 12 12:00:02 2024
Used Storage: 52% Sat Apr 13 12:00:02 2024
Used Storage: 53% Sun Apr 14 12:00:01 2024
Used Storage: 53% Mon Apr 15 12:00:01 2024
Used Storage: 54% Tue Apr 16 12:00:01 2024
Used Storage: 54% Wed Apr 17 12:00:01 2024
Used Storage: 55% Thu Apr 18 12:00:01 2024
Used Storage: 55% Fri Apr 19 12:00:01 2024
Used Storage: 55% Sat Apr 20 12:00:01 2024
Used Storage: 55% Sun Apr 21 12:00:01 2024
Used Storage: 55% Mon Apr 22 12:00:01 2024
Used Storage: 55% Tue Apr 23 12:00:02 2024
Used Storage: 55% Wed Apr 24 12:00:01 2024
Used Storage: 55% Thu Apr 25 12:00:01 2024
Used Storage: 55% Fri Apr 26 12:00:01 2024
Used Storage: 55% Sat Apr 27 12:00:01 2024
Used Storage: 55% Sun Apr 28 12:00:01 2024
Used Storage: 59% Mon Apr 29 12:00:01 2024
Used Storage: 61% Tue Apr 30 12:00:02 2024
Used Storage: 63% Wed May  1 12:00:01 2024
Used Storage: 64% Thu May  2 12:00:01 2024
Used Storage: 64% Fri May  3 12:00:01 2024
Used Storage: 64% Fri May  3 18:54:52 2024
Used Storage: 71% Sat May  4 12:00:01 2024
Used Storage: 71% Sun May  5 12:00:02 2024
Used Storage: 72% Mon May  6 12:00:01 2024
Used Storage: 21% Tue May  7 12:00:01 2024
Used Storage: 22% Wed May  8 12:00:01 2024
Used Storage: 22% Thu May  9 12:00:01 2024
Used Storage: 23% Fri May 10 12:00:01 2024
