INFO:root:Added sunrise_time: 2024-05-04 11:38:13 
INFO:root:Added sunrise_time: 2024-05-04 11:38:13 
INFO:root:Added sunrise_time: 2024-05-04 11:38:13 
INFO:root:Before Sunrise 
2024-05-03 19:40:42 - Added sunrise_time: 2024-05-04 11:38:13 
2024-05-03 19:40:45 - Before Sunrise 
2024-05-03 19:41:20 - Passed Sunrise 
2024-05-03 19:41:20 - Shutting Down Camera 
2024-05-03 19:42:40 - Shut down camera Successful 
2024-05-03 19:42:40 - CTM complete. Powering Down MagnaPS 
2024-05-03 19:42:42 - Shutdown Complete 
2024-05-03 19:43:13 - Passed Sunrise 
2024-05-03 19:43:13 - CT Camera not operating 
2024-05-03 19:43:24 - Passed Sunrise 
2024-05-03 19:43:24 - CT Camera not operating 
2024-05-03 19:43:43 - Passed Sunrise 
2024-05-03 19:43:43 - CT Camera not operating 
2024-05-03 20:09:42 - Added sunrise_time: 2024-05-04 11:38:13 
2024-05-03 20:11:45 - Added sunrise_time: 2024-05-04 11:38:13 
2024-05-03 20:16:09 - Added sunrise_time: 2024-05-04 11:38:13 
2024-05-03 20:19:56 - Added sunrise_time: 2024-05-04 11:38:13 
2024-05-03 20:29:06 - Added sunrise_time: 2024-05-04 11:38:13 
Traceback (most recent call last):
  File "/home/trinity/control_software/FailSAFE/sunrise.py", line 1, in <module>
    import ephem
ModuleNotFoundError: No module named 'ephem'
2024-05-03 20:36:40 - Added sunrise_time: 2024-05-04 11:38:13 
Traceback (most recent call last):
  File "/home/trinity/control_software/FailSAFE/sunrise.py", line 1, in <module>
    import ephem
ModuleNotFoundError: No module named 'ephem'
2024-05-03 20:44:01 - Added sunrise_time: 2024-05-04 11:38:13 
2024-05-04 10:00:01 - Before Sunrise 
2024-05-04 10:10:01 - Before Sunrise 
2024-05-04 10:20:01 - Before Sunrise 
2024-05-04 10:30:01 - Before Sunrise 
2024-05-04 10:40:01 - Before Sunrise 
2024-05-04 10:50:01 - Before Sunrise 
2024-05-04 11:00:01 - Before Sunrise 
2024-05-04 11:10:01 - Before Sunrise 
2024-05-04 11:20:01 - Before Sunrise 
2024-05-04 11:30:01 - Before Sunrise 
2024-05-04 11:40:01 - Passed Sunrise 
2024-05-04 11:40:01 - CT Camera not operating 
2024-05-04 11:50:01 - Passed Sunrise 
2024-05-04 11:50:01 - CT Camera not operating 
2024-05-04 12:00:01 - Passed Sunrise 
2024-05-04 12:00:01 - CT Camera not operating 
2024-05-04 12:10:02 - Passed Sunrise 
2024-05-04 12:10:02 - CT Camera not operating 
2024-05-04 12:20:01 - Passed Sunrise 
2024-05-04 12:20:01 - CT Camera not operating 
2024-05-04 12:30:01 - Passed Sunrise 
2024-05-04 12:30:01 - CT Camera not operating 
2024-05-04 12:40:01 - Passed Sunrise 
2024-05-04 12:40:01 - CT Camera not operating 
2024-05-04 12:50:01 - Passed Sunrise 
2024-05-04 12:50:01 - CT Camera not operating 
2024-05-04 13:00:01 - Passed Sunrise 
2024-05-04 13:00:01 - CT Camera not operating 
2024-05-04 13:10:02 - Passed Sunrise 
2024-05-04 13:10:02 - CT Camera not operating 
2024-05-04 13:20:01 - Passed Sunrise 
2024-05-04 13:20:01 - CT Camera not operating 
2024-05-04 13:30:01 - Passed Sunrise 
2024-05-04 13:30:01 - CT Camera not operating 
2024-05-04 13:40:01 - Passed Sunrise 
2024-05-04 13:40:01 - CT Camera not operating 
2024-05-04 13:50:01 - Passed Sunrise 
2024-05-04 13:50:01 - CT Camera not operating 
2024-05-04 14:00:01 - Passed Sunrise 
2024-05-04 14:00:01 - CT Camera not operating 
2024-05-04 14:10:02 - Passed Sunrise 
2024-05-04 14:10:02 - CT Camera not operating 
2024-05-04 14:20:01 - Passed Sunrise 
2024-05-04 14:20:01 - CT Camera not operating 
2024-05-04 14:30:01 - Passed Sunrise 
2024-05-04 14:30:01 - CT Camera not operating 
2024-05-04 14:40:01 - Passed Sunrise 
2024-05-04 14:40:01 - CT Camera not operating 
2024-05-04 14:50:01 - Passed Sunrise 
2024-05-04 14:50:01 - CT Camera not operating 
2024-05-04 15:00:01 - Passed Sunrise 
2024-05-04 15:00:01 - CT Camera not operating 
2024-05-04 15:10:01 - Passed Sunrise 
2024-05-04 15:10:01 - CT Camera not operating 
2024-05-04 15:20:01 - Passed Sunrise 
2024-05-04 15:20:01 - CT Camera not operating 
2024-05-04 15:30:01 - Passed Sunrise 
2024-05-04 15:30:01 - CT Camera not operating 
2024-05-04 15:40:01 - Passed Sunrise 
2024-05-04 15:40:01 - CT Camera not operating 
2024-05-04 15:50:01 - Passed Sunrise 
2024-05-04 15:50:01 - CT Camera not operating 
2024-05-04 16:00:01 - Passed Sunrise 
2024-05-04 16:00:01 - CT Camera not operating 
2024-05-04 16:10:01 - Passed Sunrise 
2024-05-04 16:10:01 - CT Camera not operating 
2024-05-04 16:20:01 - Passed Sunrise 
2024-05-04 16:20:01 - CT Camera not operating 
2024-05-04 16:30:01 - Passed Sunrise 
2024-05-04 16:30:01 - CT Camera not operating 
2024-05-04 16:40:01 - Passed Sunrise 
2024-05-04 16:40:01 - CT Camera not operating 
2024-05-04 16:50:01 - Passed Sunrise 
2024-05-04 16:50:01 - CT Camera not operating 
2024-05-04 20:01:02 - Added sunrise_time: 2024-05-05 11:36:56 
2024-05-05 10:00:02 - Before Sunrise 
2024-05-05 10:10:01 - Before Sunrise 
2024-05-05 10:20:01 - Before Sunrise 
2024-05-05 10:30:01 - Before Sunrise 
2024-05-05 10:40:01 - Before Sunrise 
2024-05-05 10:50:01 - Before Sunrise 
2024-05-05 11:00:02 - Before Sunrise 
2024-05-05 11:10:01 - Before Sunrise 
2024-05-05 11:20:01 - Before Sunrise 
2024-05-05 11:30:01 - Before Sunrise 
2024-05-05 11:40:01 - Passed Sunrise 
2024-05-05 11:40:01 - CT Camera not operating 
2024-05-05 11:50:01 - Passed Sunrise 
2024-05-05 11:50:01 - CT Camera not operating 
2024-05-05 12:00:02 - Passed Sunrise 
2024-05-05 12:00:02 - CT Camera not operating 
2024-05-05 12:10:01 - Passed Sunrise 
2024-05-05 12:10:01 - CT Camera not operating 
2024-05-05 12:20:01 - Passed Sunrise 
2024-05-05 12:20:01 - CT Camera not operating 
2024-05-05 12:30:01 - Passed Sunrise 
2024-05-05 12:30:01 - CT Camera not operating 
2024-05-05 12:40:01 - Passed Sunrise 
2024-05-05 12:40:01 - CT Camera not operating 
2024-05-05 12:50:02 - Passed Sunrise 
2024-05-05 12:50:02 - CT Camera not operating 
2024-05-05 13:00:01 - Passed Sunrise 
2024-05-05 13:00:01 - CT Camera not operating 
2024-05-05 13:10:01 - Passed Sunrise 
2024-05-05 13:10:01 - CT Camera not operating 
2024-05-05 13:20:01 - Passed Sunrise 
2024-05-05 13:20:01 - CT Camera not operating 
2024-05-05 13:30:01 - Passed Sunrise 
2024-05-05 13:30:01 - CT Camera not operating 
2024-05-05 13:40:01 - Passed Sunrise 
2024-05-05 13:40:01 - CT Camera not operating 
2024-05-05 13:50:02 - Passed Sunrise 
2024-05-05 13:50:02 - CT Camera not operating 
2024-05-05 14:00:01 - Passed Sunrise 
2024-05-05 14:00:01 - CT Camera not operating 
2024-05-05 14:10:01 - Passed Sunrise 
2024-05-05 14:10:01 - CT Camera not operating 
2024-05-05 14:20:01 - Passed Sunrise 
2024-05-05 14:20:01 - CT Camera not operating 
2024-05-05 14:30:01 - Passed Sunrise 
2024-05-05 14:30:01 - CT Camera not operating 
2024-05-05 14:40:01 - Passed Sunrise 
2024-05-05 14:40:01 - CT Camera not operating 
2024-05-05 14:50:02 - Passed Sunrise 
2024-05-05 14:50:02 - CT Camera not operating 
2024-05-05 15:00:01 - Passed Sunrise 
2024-05-05 15:00:01 - CT Camera not operating 
2024-05-05 15:10:01 - Passed Sunrise 
2024-05-05 15:10:01 - CT Camera not operating 
2024-05-05 15:20:01 - Passed Sunrise 
2024-05-05 15:20:01 - CT Camera not operating 
2024-05-05 15:30:01 - Passed Sunrise 
2024-05-05 15:30:01 - CT Camera not operating 
2024-05-05 15:40:01 - Passed Sunrise 
2024-05-05 15:40:01 - CT Camera not operating 
2024-05-05 15:50:01 - Passed Sunrise 
2024-05-05 15:50:01 - CT Camera not operating 
2024-05-05 16:00:01 - Passed Sunrise 
2024-05-05 16:00:01 - CT Camera not operating 
2024-05-05 16:10:01 - Passed Sunrise 
2024-05-05 16:10:01 - CT Camera not operating 
2024-05-05 16:20:01 - Passed Sunrise 
2024-05-05 16:20:01 - CT Camera not operating 
2024-05-05 16:30:01 - Passed Sunrise 
2024-05-05 16:30:01 - CT Camera not operating 
2024-05-05 16:40:01 - Passed Sunrise 
2024-05-05 16:40:01 - CT Camera not operating 
2024-05-05 16:50:01 - Passed Sunrise 
2024-05-05 16:50:01 - CT Camera not operating 
2024-05-05 20:01:01 - Added sunrise_time: 2024-05-06 11:35:40 
2024-05-06 10:00:01 - Before Sunrise 
2024-05-06 10:10:01 - Before Sunrise 
2024-05-06 10:20:01 - Before Sunrise 
2024-05-06 10:30:01 - Before Sunrise 
2024-05-06 10:40:01 - Before Sunrise 
2024-05-06 10:50:01 - Before Sunrise 
2024-05-06 11:00:01 - Before Sunrise 
2024-05-06 11:10:01 - Before Sunrise 
2024-05-06 11:20:01 - Before Sunrise 
2024-05-06 11:30:02 - Before Sunrise 
2024-05-06 11:40:01 - Passed Sunrise 
2024-05-06 11:40:01 - CT Camera not operating 
2024-05-06 11:50:01 - Passed Sunrise 
2024-05-06 11:50:01 - CT Camera not operating 
2024-05-06 12:00:01 - Passed Sunrise 
2024-05-06 12:00:01 - CT Camera not operating 
2024-05-06 12:10:01 - Passed Sunrise 
2024-05-06 12:10:01 - CT Camera not operating 
2024-05-06 12:20:01 - Passed Sunrise 
2024-05-06 12:20:01 - CT Camera not operating 
2024-05-06 12:30:02 - Passed Sunrise 
2024-05-06 12:30:02 - CT Camera not operating 
2024-05-06 12:40:01 - Passed Sunrise 
2024-05-06 12:40:01 - CT Camera not operating 
2024-05-06 12:50:01 - Passed Sunrise 
2024-05-06 12:50:01 - CT Camera not operating 
2024-05-06 13:00:01 - Passed Sunrise 
2024-05-06 13:00:01 - CT Camera not operating 
2024-05-06 13:10:01 - Passed Sunrise 
2024-05-06 13:10:01 - CT Camera not operating 
2024-05-06 13:20:01 - Passed Sunrise 
2024-05-06 13:20:01 - CT Camera not operating 
2024-05-06 13:30:02 - Passed Sunrise 
2024-05-06 13:30:02 - CT Camera not operating 
2024-05-06 13:40:01 - Passed Sunrise 
2024-05-06 13:40:01 - CT Camera not operating 
2024-05-06 13:50:01 - Passed Sunrise 
2024-05-06 13:50:01 - CT Camera not operating 
2024-05-06 14:00:01 - Passed Sunrise 
2024-05-06 14:00:01 - CT Camera not operating 
2024-05-06 14:10:01 - Passed Sunrise 
2024-05-06 14:10:01 - CT Camera not operating 
2024-05-06 14:20:01 - Passed Sunrise 
2024-05-06 14:20:01 - CT Camera not operating 
2024-05-06 14:30:02 - Passed Sunrise 
2024-05-06 14:30:02 - CT Camera not operating 
2024-05-06 14:40:01 - Passed Sunrise 
2024-05-06 14:40:01 - CT Camera not operating 
2024-05-06 14:50:01 - Passed Sunrise 
2024-05-06 14:50:01 - CT Camera not operating 
2024-05-06 15:00:01 - Passed Sunrise 
2024-05-06 15:00:01 - CT Camera not operating 
2024-05-06 15:10:01 - Passed Sunrise 
2024-05-06 15:10:01 - CT Camera not operating 
2024-05-06 15:20:02 - Passed Sunrise 
2024-05-06 15:20:02 - CT Camera not operating 
2024-05-06 15:30:01 - Passed Sunrise 
2024-05-06 15:30:01 - CT Camera not operating 
2024-05-06 15:40:01 - Passed Sunrise 
2024-05-06 15:40:01 - CT Camera not operating 
2024-05-06 15:50:01 - Passed Sunrise 
2024-05-06 15:50:01 - CT Camera not operating 
2024-05-06 16:00:01 - Passed Sunrise 
2024-05-06 16:00:01 - CT Camera not operating 
2024-05-06 16:10:01 - Passed Sunrise 
2024-05-06 16:10:01 - CT Camera not operating 
2024-05-06 16:20:02 - Passed Sunrise 
2024-05-06 16:20:02 - CT Camera not operating 
2024-05-06 16:30:01 - Passed Sunrise 
2024-05-06 16:30:01 - CT Camera not operating 
2024-05-06 16:40:01 - Passed Sunrise 
2024-05-06 16:40:01 - CT Camera not operating 
2024-05-06 16:50:01 - Passed Sunrise 
2024-05-06 16:50:01 - CT Camera not operating 
2024-05-06 20:01:01 - Added sunrise_time: 2024-05-07 11:34:26 
2024-05-07 10:00:01 - Before Sunrise 
2024-05-07 10:10:01 - Before Sunrise 
2024-05-07 10:20:01 - Before Sunrise 
2024-05-07 10:30:01 - Before Sunrise 
2024-05-07 10:40:01 - Before Sunrise 
2024-05-07 10:50:01 - Before Sunrise 
2024-05-07 11:00:01 - Before Sunrise 
2024-05-07 11:10:01 - Before Sunrise 
2024-05-07 11:20:01 - Before Sunrise 
2024-05-07 11:30:02 - Before Sunrise 
2024-05-07 11:40:01 - Passed Sunrise 
2024-05-07 11:40:01 - CT Camera not operating 
2024-05-07 11:50:01 - Passed Sunrise 
2024-05-07 11:50:01 - CT Camera not operating 
2024-05-07 12:00:01 - Passed Sunrise 
2024-05-07 12:00:01 - CT Camera not operating 
2024-05-07 12:10:01 - Passed Sunrise 
2024-05-07 12:10:01 - CT Camera not operating 
2024-05-07 12:20:01 - Passed Sunrise 
2024-05-07 12:20:01 - CT Camera not operating 
2024-05-07 12:30:02 - Passed Sunrise 
2024-05-07 12:30:02 - CT Camera not operating 
2024-05-07 12:40:01 - Passed Sunrise 
2024-05-07 12:40:01 - CT Camera not operating 
2024-05-07 12:50:01 - Passed Sunrise 
2024-05-07 12:50:01 - CT Camera not operating 
2024-05-07 13:00:01 - Passed Sunrise 
2024-05-07 13:00:01 - CT Camera not operating 
2024-05-07 13:10:01 - Passed Sunrise 
2024-05-07 13:10:01 - CT Camera not operating 
2024-05-07 13:20:01 - Passed Sunrise 
2024-05-07 13:20:01 - CT Camera not operating 
2024-05-07 13:30:02 - Passed Sunrise 
2024-05-07 13:30:02 - CT Camera not operating 
2024-05-07 13:40:01 - Passed Sunrise 
2024-05-07 13:40:01 - CT Camera not operating 
2024-05-07 13:50:01 - Passed Sunrise 
2024-05-07 13:50:01 - CT Camera not operating 
2024-05-07 14:00:01 - Passed Sunrise 
2024-05-07 14:00:01 - CT Camera not operating 
2024-05-07 14:10:01 - Passed Sunrise 
2024-05-07 14:10:01 - CT Camera not operating 
2024-05-07 14:20:01 - Passed Sunrise 
2024-05-07 14:20:01 - CT Camera not operating 
2024-05-07 14:30:02 - Passed Sunrise 
2024-05-07 14:30:02 - CT Camera not operating 
2024-05-07 14:40:01 - Passed Sunrise 
2024-05-07 14:40:01 - CT Camera not operating 
2024-05-07 14:50:01 - Passed Sunrise 
2024-05-07 14:50:01 - CT Camera not operating 
2024-05-07 15:00:01 - Passed Sunrise 
2024-05-07 15:00:01 - CT Camera not operating 
2024-05-07 15:10:01 - Passed Sunrise 
2024-05-07 15:10:01 - CT Camera not operating 
2024-05-07 15:20:01 - Passed Sunrise 
2024-05-07 15:20:01 - CT Camera not operating 
2024-05-07 15:30:02 - Passed Sunrise 
2024-05-07 15:30:02 - CT Camera not operating 
2024-05-07 15:40:01 - Passed Sunrise 
2024-05-07 15:40:01 - CT Camera not operating 
2024-05-07 15:50:01 - Passed Sunrise 
2024-05-07 15:50:01 - CT Camera not operating 
2024-05-07 16:00:01 - Passed Sunrise 
2024-05-07 16:00:01 - CT Camera not operating 
2024-05-07 16:10:01 - Passed Sunrise 
2024-05-07 16:10:01 - CT Camera not operating 
2024-05-07 16:20:02 - Passed Sunrise 
2024-05-07 16:20:02 - CT Camera not operating 
2024-05-07 16:30:01 - Passed Sunrise 
2024-05-07 16:30:01 - CT Camera not operating 
2024-05-07 16:40:01 - Passed Sunrise 
2024-05-07 16:40:01 - CT Camera not operating 
2024-05-07 16:50:01 - Passed Sunrise 
2024-05-07 16:50:01 - CT Camera not operating 
2024-05-07 20:01:01 - Added sunrise_time: 2024-05-08 11:33:13 
2024-05-08 10:00:01 - Before Sunrise 
2024-05-08 10:10:01 - Before Sunrise 
2024-05-08 10:20:01 - Before Sunrise 
2024-05-08 10:30:01 - Before Sunrise 
2024-05-08 10:40:01 - Before Sunrise 
2024-05-08 10:50:01 - Before Sunrise 
2024-05-08 11:00:01 - Before Sunrise 
2024-05-08 11:10:01 - Before Sunrise 
2024-05-08 11:20:01 - Before Sunrise 
2024-05-08 11:30:01 - Before Sunrise 
2024-05-08 11:40:02 - Passed Sunrise 
2024-05-08 11:40:02 - CT Camera not operating 
2024-05-08 11:50:01 - Passed Sunrise 
2024-05-08 11:50:01 - CT Camera not operating 
2024-05-08 12:00:01 - Passed Sunrise 
2024-05-08 12:00:01 - CT Camera not operating 
2024-05-08 12:10:01 - Passed Sunrise 
2024-05-08 12:10:01 - CT Camera not operating 
2024-05-08 12:20:01 - Passed Sunrise 
2024-05-08 12:20:01 - CT Camera not operating 
2024-05-08 12:30:01 - Passed Sunrise 
2024-05-08 12:30:01 - CT Camera not operating 
2024-05-08 12:40:01 - Passed Sunrise 
2024-05-08 12:40:01 - CT Camera not operating 
2024-05-08 12:50:01 - Passed Sunrise 
2024-05-08 12:50:01 - CT Camera not operating 
2024-05-08 13:00:01 - Passed Sunrise 
2024-05-08 13:00:01 - CT Camera not operating 
2024-05-08 13:10:01 - Passed Sunrise 
2024-05-08 13:10:01 - CT Camera not operating 
2024-05-08 13:20:01 - Passed Sunrise 
2024-05-08 13:20:01 - CT Camera not operating 
2024-05-08 13:30:01 - Passed Sunrise 
2024-05-08 13:30:01 - CT Camera not operating 
2024-05-08 13:40:01 - Passed Sunrise 
2024-05-08 13:40:01 - CT Camera not operating 
2024-05-08 13:50:01 - Passed Sunrise 
2024-05-08 13:50:01 - CT Camera not operating 
2024-05-08 14:00:01 - Passed Sunrise 
2024-05-08 14:00:01 - CT Camera not operating 
2024-05-08 14:10:01 - Passed Sunrise 
2024-05-08 14:10:01 - CT Camera not operating 
2024-05-08 14:20:01 - Passed Sunrise 
2024-05-08 14:20:01 - CT Camera not operating 
2024-05-08 14:30:01 - Passed Sunrise 
2024-05-08 14:30:01 - CT Camera not operating 
2024-05-08 14:40:01 - Passed Sunrise 
2024-05-08 14:40:01 - CT Camera not operating 
2024-05-08 14:50:01 - Passed Sunrise 
2024-05-08 14:50:01 - CT Camera not operating 
2024-05-08 15:00:01 - Passed Sunrise 
2024-05-08 15:00:01 - CT Camera not operating 
2024-05-08 15:10:01 - Passed Sunrise 
2024-05-08 15:10:01 - CT Camera not operating 
2024-05-08 15:20:01 - Passed Sunrise 
2024-05-08 15:20:01 - CT Camera not operating 
2024-05-08 15:30:01 - Passed Sunrise 
2024-05-08 15:30:01 - CT Camera not operating 
2024-05-08 15:40:01 - Passed Sunrise 
2024-05-08 15:40:01 - CT Camera not operating 
2024-05-08 15:50:01 - Passed Sunrise 
2024-05-08 15:50:01 - CT Camera not operating 
2024-05-08 16:00:02 - Passed Sunrise 
2024-05-08 16:00:02 - CT Camera not operating 
2024-05-08 16:10:01 - Passed Sunrise 
2024-05-08 16:10:01 - CT Camera not operating 
2024-05-08 16:20:01 - Passed Sunrise 
2024-05-08 16:20:01 - CT Camera not operating 
2024-05-08 16:30:01 - Passed Sunrise 
2024-05-08 16:30:01 - CT Camera not operating 
2024-05-08 16:40:01 - Passed Sunrise 
2024-05-08 16:40:01 - CT Camera not operating 
2024-05-08 16:50:01 - Passed Sunrise 
2024-05-08 16:50:01 - CT Camera not operating 
2024-05-08 20:01:01 - Added sunrise_time: 2024-05-09 11:32:01 
2024-05-09 10:00:01 - Before Sunrise 
2024-05-09 10:10:01 - Before Sunrise 
2024-05-09 10:20:01 - Before Sunrise 
2024-05-09 10:30:01 - Before Sunrise 
2024-05-09 10:40:01 - Before Sunrise 
2024-05-09 10:50:01 - Before Sunrise 
2024-05-09 11:00:01 - Before Sunrise 
2024-05-09 11:10:01 - Before Sunrise 
2024-05-09 11:20:01 - Before Sunrise 
2024-05-09 11:30:02 - Before Sunrise 
2024-05-09 11:40:01 - Passed Sunrise 
2024-05-09 11:40:01 - CT Camera not operating 
2024-05-09 11:50:01 - Passed Sunrise 
2024-05-09 11:50:01 - CT Camera not operating 
2024-05-09 12:00:01 - Passed Sunrise 
2024-05-09 12:00:01 - CT Camera not operating 
2024-05-09 12:10:01 - Passed Sunrise 
2024-05-09 12:10:01 - CT Camera not operating 
2024-05-09 12:20:01 - Passed Sunrise 
2024-05-09 12:20:01 - CT Camera not operating 
2024-05-09 12:30:01 - Passed Sunrise 
2024-05-09 12:30:01 - CT Camera not operating 
2024-05-09 12:40:01 - Passed Sunrise 
2024-05-09 12:40:01 - CT Camera not operating 
2024-05-09 12:50:01 - Passed Sunrise 
2024-05-09 12:50:01 - CT Camera not operating 
2024-05-09 13:00:01 - Passed Sunrise 
2024-05-09 13:00:01 - CT Camera not operating 
2024-05-09 13:10:01 - Passed Sunrise 
2024-05-09 13:10:01 - CT Camera not operating 
2024-05-09 13:20:01 - Passed Sunrise 
2024-05-09 13:20:01 - CT Camera not operating 
2024-05-09 13:30:01 - Passed Sunrise 
2024-05-09 13:30:01 - CT Camera not operating 
2024-05-09 13:40:01 - Passed Sunrise 
2024-05-09 13:40:01 - CT Camera not operating 
2024-05-09 13:50:01 - Passed Sunrise 
2024-05-09 13:50:01 - CT Camera not operating 
2024-05-09 14:00:01 - Passed Sunrise 
2024-05-09 14:00:01 - CT Camera not operating 
2024-05-09 14:10:01 - Passed Sunrise 
2024-05-09 14:10:01 - CT Camera not operating 
2024-05-09 14:20:01 - Passed Sunrise 
2024-05-09 14:20:01 - CT Camera not operating 
2024-05-09 14:30:01 - Passed Sunrise 
2024-05-09 14:30:01 - CT Camera not operating 
2024-05-09 14:40:01 - Passed Sunrise 
2024-05-09 14:40:01 - CT Camera not operating 
2024-05-09 14:50:01 - Passed Sunrise 
2024-05-09 14:50:01 - CT Camera not operating 
2024-05-09 15:00:01 - Passed Sunrise 
2024-05-09 15:00:01 - CT Camera not operating 
2024-05-09 15:10:02 - Passed Sunrise 
2024-05-09 15:10:02 - CT Camera not operating 
2024-05-09 15:20:01 - Passed Sunrise 
2024-05-09 15:20:01 - CT Camera not operating 
2024-05-09 15:30:01 - Passed Sunrise 
2024-05-09 15:30:01 - CT Camera not operating 
2024-05-09 15:40:01 - Passed Sunrise 
2024-05-09 15:40:01 - CT Camera not operating 
2024-05-09 15:50:01 - Passed Sunrise 
2024-05-09 15:50:01 - CT Camera not operating 
2024-05-09 16:00:01 - Passed Sunrise 
2024-05-09 16:00:01 - CT Camera not operating 
2024-05-09 16:10:02 - Passed Sunrise 
2024-05-09 16:10:02 - CT Camera not operating 
2024-05-09 16:20:01 - Passed Sunrise 
2024-05-09 16:20:01 - CT Camera not operating 
2024-05-09 16:30:01 - Passed Sunrise 
2024-05-09 16:30:01 - CT Camera not operating 
2024-05-09 16:40:01 - Passed Sunrise 
2024-05-09 16:40:01 - CT Camera not operating 
2024-05-09 16:50:01 - Passed Sunrise 
2024-05-09 16:50:01 - CT Camera not operating 
2024-05-09 20:01:01 - Added sunrise_time: 2024-05-10 11:30:51 
2024-05-10 10:00:01 - Before Sunrise 
2024-05-10 10:10:01 - Before Sunrise 
2024-05-10 10:20:01 - Before Sunrise 
2024-05-10 10:30:01 - Before Sunrise 
2024-05-10 10:40:01 - Before Sunrise 
2024-05-10 10:50:01 - Before Sunrise 
2024-05-10 11:00:01 - Before Sunrise 
2024-05-10 11:10:01 - Before Sunrise 
2024-05-10 11:20:01 - Before Sunrise 
2024-05-10 11:30:01 - Before Sunrise 
2024-05-10 11:40:01 - Passed Sunrise 
2024-05-10 11:40:01 - CT Camera not operating 
2024-05-10 11:50:01 - Passed Sunrise 
2024-05-10 11:50:01 - CT Camera not operating 
2024-05-10 12:00:01 - Passed Sunrise 
2024-05-10 12:00:01 - CT Camera not operating 
2024-05-10 12:10:01 - Passed Sunrise 
2024-05-10 12:10:01 - CT Camera not operating 
2024-05-10 12:20:01 - Passed Sunrise 
2024-05-10 12:20:01 - CT Camera not operating 
2024-05-10 12:30:01 - Passed Sunrise 
2024-05-10 12:30:01 - CT Camera not operating 
2024-05-10 12:40:01 - Passed Sunrise 
2024-05-10 12:40:01 - CT Camera not operating 
2024-05-10 12:50:01 - Passed Sunrise 
2024-05-10 12:50:01 - CT Camera not operating 
2024-05-10 13:00:01 - Passed Sunrise 
2024-05-10 13:00:01 - CT Camera not operating 
2024-05-10 13:10:01 - Passed Sunrise 
2024-05-10 13:10:01 - CT Camera not operating 
2024-05-10 13:20:01 - Passed Sunrise 
2024-05-10 13:20:01 - CT Camera not operating 
2024-05-10 13:30:01 - Passed Sunrise 
2024-05-10 13:30:01 - CT Camera not operating 
2024-05-10 13:40:01 - Passed Sunrise 
2024-05-10 13:40:01 - CT Camera not operating 
2024-05-10 13:50:01 - Passed Sunrise 
2024-05-10 13:50:01 - CT Camera not operating 
2024-05-10 14:00:01 - Passed Sunrise 
2024-05-10 14:00:01 - CT Camera not operating 
2024-05-10 14:10:01 - Passed Sunrise 
2024-05-10 14:10:01 - CT Camera not operating 
2024-05-10 14:20:01 - Passed Sunrise 
2024-05-10 14:20:01 - CT Camera not operating 
2024-05-10 14:30:01 - Passed Sunrise 
2024-05-10 14:30:01 - CT Camera not operating 
2024-05-10 14:40:01 - Passed Sunrise 
2024-05-10 14:40:01 - CT Camera not operating 
2024-05-10 14:50:01 - Passed Sunrise 
2024-05-10 14:50:01 - CT Camera not operating 
2024-05-10 15:00:01 - Passed Sunrise 
2024-05-10 15:00:01 - CT Camera not operating 
2024-05-10 15:10:01 - Passed Sunrise 
2024-05-10 15:10:01 - CT Camera not operating 
2024-05-10 15:20:01 - Passed Sunrise 
2024-05-10 15:20:01 - CT Camera not operating 
2024-05-10 15:30:01 - Passed Sunrise 
2024-05-10 15:30:01 - CT Camera not operating 
2024-05-10 15:40:01 - Passed Sunrise 
2024-05-10 15:40:01 - CT Camera not operating 
2024-05-10 15:50:01 - Passed Sunrise 
2024-05-10 15:50:01 - CT Camera not operating 
2024-05-10 16:00:01 - Passed Sunrise 
2024-05-10 16:00:01 - CT Camera not operating 
2024-05-10 16:10:01 - Passed Sunrise 
2024-05-10 16:10:01 - CT Camera not operating 
2024-05-10 16:20:01 - Passed Sunrise 
2024-05-10 16:20:01 - CT Camera not operating 
2024-05-10 16:30:01 - Passed Sunrise 
2024-05-10 16:30:01 - CT Camera not operating 
2024-05-10 16:40:01 - Passed Sunrise 
2024-05-10 16:40:01 - CT Camera not operating 
2024-05-10 16:50:01 - Passed Sunrise 
2024-05-10 16:50:01 - CT Camera not operating 
2024-05-10 20:01:01 - Added sunrise_time: 2024-05-11 11:29:42 
