phys43199.physics.gatech.edu is reachable. -Mon Nov 27 21:33:17 2023
Shut down camera Successful Mon Nov 27 21:34:37 2023
phys43199.physics.gatech.edu is reachable. -Mon Nov 27 22:00:04 2023
phys43199.physics.gatech.edu is reachable. -Mon Nov 27 22:30:04 2023
phys43199.physics.gatech.edu is reachable. -Mon Nov 27 23:00:04 2023
phys43199.physics.gatech.edu is reachable. -Mon Nov 27 23:30:04 2023
phys43199.physics.gatech.edu is reachable. -Tue Nov 28 00:00:05 2023
phys43199.physics.gatech.edu is reachable. -Tue Nov 28 00:30:04 2023
phys43199.physics.gatech.edu is reachable. -Tue Nov 28 01:00:04 2023
phys43199.physics.gatech.edu is reachable. -Tue Nov 28 01:30:04 2023
phys43199.physics.gatech.edu is reachable. -Tue Nov 28 02:00:04 2023
phys43199.physics.gatech.edu is reachable. -Tue Nov 28 02:30:05 2023
phys43199.physics.gatech.edu is reachable. -Tue Nov 28 03:00:04 2023
phys43199.physics.gatech.edu is reachable. -Tue Nov 28 03:30:04 2023
phys43199.physics.gatech.edu is reachable. -Tue Nov 28 04:00:04 2023
phys43199.physics.gatech.edu is reachable. -Tue Nov 28 04:30:04 2023
phys43199.physics.gatech.edu is reachable. -Tue Nov 28 05:00:05 2023
phys43199.physics.gatech.edu is reachable. -Tue Nov 28 05:30:04 2023
phys43199.physics.gatech.edu is reachable. -Tue Nov 28 06:00:04 2023
phys43199.physics.gatech.edu is reachable. -Tue Nov 28 06:30:04 2023
phys43199.physics.gatech.edu is reachable. -Tue Nov 28 07:00:04 2023
phys43199.physics.gatech.edu is reachable. -Tue Nov 28 07:30:05 2023
phys43199.physics.gatech.edu is reachable. -Tue Nov 28 08:00:04 2023
phys43199.physics.gatech.edu is reachable. -Tue Nov 28 08:30:04 2023
phys43199.physics.gatech.edu is reachable. -Tue Nov 28 09:00:04 2023
phys43199.physics.gatech.edu is reachable. -Tue Nov 28 09:30:04 2023
phys43199.physics.gatech.edu is reachable. -Tue Nov 28 19:00:04 2023
phys43199.physics.gatech.edu is reachable. -Tue Nov 28 19:30:04 2023
phys43199.physics.gatech.edu is reachable. -Tue Nov 28 20:00:05 2023
phys43199.physics.gatech.edu is reachable. -Tue Nov 28 20:30:04 2023
phys43199.physics.gatech.edu is reachable. -Tue Nov 28 21:00:04 2023
phys43199.physics.gatech.edu is reachable. -Tue Nov 28 21:30:04 2023
phys43199.physics.gatech.edu is reachable. -Tue Nov 28 22:00:04 2023
phys43199.physics.gatech.edu is reachable. -Tue Nov 28 22:30:05 2023
phys43199.physics.gatech.edu is reachable. -Tue Nov 28 23:00:04 2023
phys43199.physics.gatech.edu is reachable. -Tue Nov 28 23:30:04 2023
phys43199.physics.gatech.edu is reachable. -Wed Nov 29 00:00:04 2023
phys43199.physics.gatech.edu is reachable. -Wed Nov 29 00:30:04 2023
phys43199.physics.gatech.edu is reachable. -Wed Nov 29 01:00:05 2023
phys43199.physics.gatech.edu is reachable. -Wed Nov 29 01:30:04 2023
phys43199.physics.gatech.edu is reachable. -Wed Nov 29 02:00:04 2023
phys43199.physics.gatech.edu is reachable. -Wed Nov 29 02:30:04 2023
phys43199.physics.gatech.edu is reachable. -Wed Nov 29 03:00:04 2023
phys43199.physics.gatech.edu is reachable. -Wed Nov 29 03:30:05 2023
phys43199.physics.gatech.edu is reachable. -Wed Nov 29 04:00:04 2023
phys43199.physics.gatech.edu is reachable. -Wed Nov 29 04:30:04 2023
phys43199.physics.gatech.edu is reachable. -Wed Nov 29 05:00:04 2023
phys43199.physics.gatech.edu is reachable. -Wed Nov 29 05:30:04 2023
phys43199.physics.gatech.edu is reachable. -Wed Nov 29 06:00:05 2023
phys43199.physics.gatech.edu is reachable. -Wed Nov 29 06:30:04 2023
phys43199.physics.gatech.edu is reachable. -Wed Nov 29 07:00:04 2023
phys43199.physics.gatech.edu is reachable. -Wed Nov 29 07:30:04 2023
phys43199.physics.gatech.edu is reachable. -Wed Nov 29 08:00:04 2023
phys43199.physics.gatech.edu is reachable. -Wed Nov 29 08:30:05 2023
phys43199.physics.gatech.edu is reachable. -Wed Nov 29 09:00:04 2023
phys43199.physics.gatech.edu is reachable. -Wed Nov 29 09:30:04 2023
phys43199.physics.gatech.edu is reachable. -Wed Nov 29 19:00:05 2023
phys43199.physics.gatech.edu is reachable. -Wed Nov 29 19:30:04 2023
phys43199.physics.gatech.edu is reachable. -Wed Nov 29 20:00:04 2023
phys43199.physics.gatech.edu is reachable. -Wed Nov 29 20:30:05 2023
phys43199.physics.gatech.edu is reachable. -Wed Nov 29 21:00:04 2023
phys43199.physics.gatech.edu is reachable. -Wed Nov 29 21:30:04 2023
phys43199.physics.gatech.edu is reachable. -Wed Nov 29 22:00:04 2023
phys43199.physics.gatech.edu is reachable. -Wed Nov 29 22:30:04 2023
phys43199.physics.gatech.edu is reachable. -Wed Nov 29 23:00:05 2023
phys43199.physics.gatech.edu is reachable. -Wed Nov 29 23:30:04 2023
phys43199.physics.gatech.edu is reachable. -Thu Nov 30 00:00:04 2023
phys43199.physics.gatech.edu is reachable. -Thu Nov 30 00:30:04 2023
phys43199.physics.gatech.edu is reachable. -Thu Nov 30 01:00:04 2023
phys43199.physics.gatech.edu is reachable. -Thu Nov 30 01:30:05 2023
phys43199.physics.gatech.edu is reachable. -Thu Nov 30 02:00:04 2023
phys43199.physics.gatech.edu is reachable. -Thu Nov 30 02:30:04 2023
phys43199.physics.gatech.edu is reachable. -Thu Nov 30 03:00:04 2023
phys43199.physics.gatech.edu is reachable. -Thu Nov 30 03:30:04 2023
phys43199.physics.gatech.edu is reachable. -Thu Nov 30 04:00:04 2023
phys43199.physics.gatech.edu is reachable. -Thu Nov 30 04:30:04 2023
phys43199.physics.gatech.edu is reachable. -Thu Nov 30 05:00:04 2023
phys43199.physics.gatech.edu is reachable. -Thu Nov 30 05:30:04 2023
phys43199.physics.gatech.edu is reachable. -Thu Nov 30 06:00:04 2023
phys43199.physics.gatech.edu is reachable. -Thu Nov 30 06:30:04 2023
phys43199.physics.gatech.edu is reachable. -Thu Nov 30 07:00:04 2023
phys43199.physics.gatech.edu is reachable. -Thu Nov 30 07:30:04 2023
phys43199.physics.gatech.edu is reachable. -Thu Nov 30 08:00:04 2023
phys43199.physics.gatech.edu is reachable. -Thu Nov 30 08:30:04 2023
phys43199.physics.gatech.edu is reachable. -Thu Nov 30 09:00:04 2023
phys43199.physics.gatech.edu is reachable. -Thu Nov 30 09:30:04 2023
phys43199.physics.gatech.edu is reachable. -Thu Nov 30 19:00:04 2023
phys43199.physics.gatech.edu is reachable. -Thu Nov 30 19:30:04 2023
phys43199.physics.gatech.edu is reachable. -Thu Nov 30 20:00:05 2023
phys43199.physics.gatech.edu is reachable. -Thu Nov 30 20:30:04 2023
phys43199.physics.gatech.edu is reachable. -Thu Nov 30 21:00:04 2023
phys43199.physics.gatech.edu is reachable. -Thu Nov 30 21:30:04 2023
phys43199.physics.gatech.edu is reachable. -Thu Nov 30 22:00:04 2023
phys43199.physics.gatech.edu is reachable. -Thu Nov 30 22:30:05 2023
phys43199.physics.gatech.edu is reachable. -Thu Nov 30 23:00:04 2023
phys43199.physics.gatech.edu is reachable. -Thu Nov 30 23:30:04 2023
phys43199.physics.gatech.edu is reachable. -Fri Dec  1 00:00:04 2023
phys43199.physics.gatech.edu is reachable. -Fri Dec  1 00:30:04 2023
phys43199.physics.gatech.edu is reachable. -Fri Dec  1 01:00:04 2023
phys43199.physics.gatech.edu is reachable. -Fri Dec  1 01:30:04 2023
phys43199.physics.gatech.edu is reachable. -Fri Dec  1 02:00:04 2023
phys43199.physics.gatech.edu is reachable. -Fri Dec  1 02:30:04 2023
phys43199.physics.gatech.edu is reachable. -Fri Dec  1 03:00:04 2023
phys43199.physics.gatech.edu is reachable. -Fri Dec  1 03:30:04 2023
phys43199.physics.gatech.edu is reachable. -Fri Dec  1 04:00:04 2023
phys43199.physics.gatech.edu is reachable. -Fri Dec  1 04:30:04 2023
phys43199.physics.gatech.edu is reachable. -Fri Dec  1 05:00:04 2023
phys43199.physics.gatech.edu is reachable. -Fri Dec  1 05:30:04 2023
phys43199.physics.gatech.edu is reachable. -Fri Dec  1 06:00:04 2023
phys43199.physics.gatech.edu is reachable. -Fri Dec  1 06:30:04 2023
phys43199.physics.gatech.edu is reachable. -Fri Dec  1 07:00:04 2023
phys43199.physics.gatech.edu is reachable. -Fri Dec  1 07:30:04 2023
phys43199.physics.gatech.edu is reachable. -Fri Dec  1 08:00:04 2023
phys43199.physics.gatech.edu is reachable. -Fri Dec  1 08:30:04 2023
phys43199.physics.gatech.edu is reachable. -Fri Dec  1 09:00:05 2023
phys43199.physics.gatech.edu is reachable. -Fri Dec  1 09:30:04 2023
phys43199.physics.gatech.edu is reachable. -Fri Dec  1 19:00:04 2023
phys43199.physics.gatech.edu is reachable. -Fri Dec  1 19:30:05 2023
phys43199.physics.gatech.edu is reachable. -Fri Dec  1 20:00:04 2023
phys43199.physics.gatech.edu is reachable. -Fri Dec  1 20:30:04 2023
phys43199.physics.gatech.edu is reachable. -Fri Dec  1 21:00:04 2023
phys43199.physics.gatech.edu is reachable. -Fri Dec  1 21:30:04 2023
phys43199.physics.gatech.edu is reachable. -Fri Dec  1 22:00:04 2023
phys43199.physics.gatech.edu is reachable. -Fri Dec  1 22:30:04 2023
phys43199.physics.gatech.edu is reachable. -Fri Dec  1 23:00:04 2023
phys43199.physics.gatech.edu is reachable. -Fri Dec  1 23:30:04 2023
phys43199.physics.gatech.edu is reachable. -Sat Dec  2 00:00:04 2023
phys43199.physics.gatech.edu is reachable. -Sat Dec  2 00:30:04 2023
phys43199.physics.gatech.edu is reachable. -Sat Dec  2 01:00:04 2023
phys43199.physics.gatech.edu is reachable. -Sat Dec  2 01:30:04 2023
phys43199.physics.gatech.edu is reachable. -Sat Dec  2 02:00:04 2023
phys43199.physics.gatech.edu is reachable. -Sat Dec  2 02:30:04 2023
phys43199.physics.gatech.edu is reachable. -Sat Dec  2 03:00:04 2023
phys43199.physics.gatech.edu is reachable. -Sat Dec  2 03:30:05 2023
phys43199.physics.gatech.edu is reachable. -Sat Dec  2 04:00:04 2023
phys43199.physics.gatech.edu is reachable. -Sat Dec  2 04:30:04 2023
phys43199.physics.gatech.edu is reachable. -Sat Dec  2 05:00:04 2023
phys43199.physics.gatech.edu is reachable. -Sat Dec  2 05:30:04 2023
phys43199.physics.gatech.edu is reachable. -Sat Dec  2 06:00:05 2023
phys43199.physics.gatech.edu is reachable. -Sat Dec  2 06:30:04 2023
phys43199.physics.gatech.edu is reachable. -Sat Dec  2 07:00:04 2023
phys43199.physics.gatech.edu is reachable. -Sat Dec  2 07:30:04 2023
phys43199.physics.gatech.edu is reachable. -Sat Dec  2 08:00:04 2023
phys43199.physics.gatech.edu is reachable. -Sat Dec  2 08:30:05 2023
phys43199.physics.gatech.edu is reachable. -Sat Dec  2 09:00:04 2023
phys43199.physics.gatech.edu is reachable. -Sat Dec  2 09:30:04 2023
phys43199.physics.gatech.edu is reachable. -Sat Dec  2 19:00:04 2023
phys43199.physics.gatech.edu is reachable. -Sat Dec  2 19:30:04 2023
phys43199.physics.gatech.edu is reachable. -Sat Dec  2 20:00:04 2023
phys43199.physics.gatech.edu is reachable. -Sat Dec  2 20:30:04 2023
phys43199.physics.gatech.edu is reachable. -Sat Dec  2 21:00:05 2023
phys43199.physics.gatech.edu is reachable. -Sat Dec  2 21:30:04 2023
phys43199.physics.gatech.edu is reachable. -Sat Dec  2 22:00:04 2023
phys43199.physics.gatech.edu is reachable. -Sat Dec  2 22:30:04 2023
phys43199.physics.gatech.edu is reachable. -Sat Dec  2 23:00:04 2023
phys43199.physics.gatech.edu is reachable. -Sat Dec  2 23:30:05 2023
phys43199.physics.gatech.edu is reachable. -Sun Dec  3 00:00:04 2023
phys43199.physics.gatech.edu is reachable. -Sun Dec  3 00:30:04 2023
phys43199.physics.gatech.edu is reachable. -Sun Dec  3 01:00:04 2023
phys43199.physics.gatech.edu is reachable. -Sun Dec  3 01:30:04 2023
phys43199.physics.gatech.edu is reachable. -Sun Dec  3 02:00:04 2023
phys43199.physics.gatech.edu is reachable. -Sun Dec  3 02:30:04 2023
phys43199.physics.gatech.edu is reachable. -Sun Dec  3 03:00:05 2023
phys43199.physics.gatech.edu is reachable. -Sun Dec  3 03:30:04 2023
phys43199.physics.gatech.edu is reachable. -Sun Dec  3 04:00:04 2023
phys43199.physics.gatech.edu is reachable. -Sun Dec  3 04:30:04 2023
phys43199.physics.gatech.edu is reachable. -Sun Dec  3 05:00:04 2023
phys43199.physics.gatech.edu is reachable. -Sun Dec  3 05:30:05 2023
phys43199.physics.gatech.edu is reachable. -Sun Dec  3 06:00:04 2023
phys43199.physics.gatech.edu is reachable. -Sun Dec  3 06:30:04 2023
phys43199.physics.gatech.edu is reachable. -Sun Dec  3 07:00:04 2023
phys43199.physics.gatech.edu is reachable. -Sun Dec  3 07:30:04 2023
phys43199.physics.gatech.edu is reachable. -Sun Dec  3 08:00:05 2023
phys43199.physics.gatech.edu is reachable. -Sun Dec  3 08:30:04 2023
phys43199.physics.gatech.edu is reachable. -Sun Dec  3 09:00:04 2023
phys43199.physics.gatech.edu is reachable. -Sun Dec  3 09:30:04 2023
phys43199.physics.gatech.edu is reachable. -Sun Dec  3 19:00:05 2023
phys43199.physics.gatech.edu is reachable. -Sun Dec  3 19:30:04 2023
phys43199.physics.gatech.edu is reachable. -Sun Dec  3 20:00:04 2023
phys43199.physics.gatech.edu is reachable. -Sun Dec  3 20:30:05 2023
phys43199.physics.gatech.edu is reachable. -Sun Dec  3 21:00:04 2023
phys43199.physics.gatech.edu is reachable. -Sun Dec  3 21:30:04 2023
phys43199.physics.gatech.edu is reachable. -Sun Dec  3 22:00:04 2023
phys43199.physics.gatech.edu is reachable. -Sun Dec  3 22:30:04 2023
phys43199.physics.gatech.edu is reachable. -Sun Dec  3 23:00:05 2023
phys43199.physics.gatech.edu is reachable. -Sun Dec  3 23:30:04 2023
phys43199.physics.gatech.edu is reachable. -Mon Dec  4 00:00:04 2023
phys43199.physics.gatech.edu is reachable. -Mon Dec  4 00:30:04 2023
phys43199.physics.gatech.edu is reachable. -Mon Dec  4 01:00:04 2023
phys43199.physics.gatech.edu is reachable. -Mon Dec  4 01:30:05 2023
phys43199.physics.gatech.edu is reachable. -Mon Dec  4 02:00:04 2023
phys43199.physics.gatech.edu is reachable. -Mon Dec  4 02:30:04 2023
phys43199.physics.gatech.edu is reachable. -Mon Dec  4 03:00:04 2023
phys43199.physics.gatech.edu is reachable. -Mon Dec  4 03:30:04 2023
phys43199.physics.gatech.edu is reachable. -Mon Dec  4 04:00:05 2023
phys43199.physics.gatech.edu is reachable. -Mon Dec  4 04:30:04 2023
phys43199.physics.gatech.edu is reachable. -Mon Dec  4 05:00:04 2023
phys43199.physics.gatech.edu is reachable. -Mon Dec  4 05:30:04 2023
phys43199.physics.gatech.edu is reachable. -Mon Dec  4 06:00:04 2023
phys43199.physics.gatech.edu is reachable. -Mon Dec  4 06:30:05 2023
phys43199.physics.gatech.edu is reachable. -Mon Dec  4 07:00:04 2023
phys43199.physics.gatech.edu is reachable. -Mon Dec  4 07:30:04 2023
phys43199.physics.gatech.edu is reachable. -Mon Dec  4 08:00:04 2023
phys43199.physics.gatech.edu is reachable. -Mon Dec  4 08:30:04 2023
phys43199.physics.gatech.edu is reachable. -Mon Dec  4 09:00:05 2023
phys43199.physics.gatech.edu is reachable. -Mon Dec  4 09:30:04 2023
phys43199.physics.gatech.edu is reachable. -Mon Dec  4 19:00:04 2023
phys43199.physics.gatech.edu is reachable. -Mon Dec  4 19:30:04 2023
phys43199.physics.gatech.edu is reachable. -Mon Dec  4 20:00:04 2023
phys43199.physics.gatech.edu is reachable. -Mon Dec  4 20:30:04 2023
phys43199.physics.gatech.edu is reachable. -Mon Dec  4 21:00:05 2023
phys43199.physics.gatech.edu is reachable. -Mon Dec  4 21:30:04 2023
phys43199.physics.gatech.edu is reachable. -Mon Dec  4 22:00:04 2023
phys43199.physics.gatech.edu is reachable. -Mon Dec  4 22:30:04 2023
phys43199.physics.gatech.edu is reachable. -Mon Dec  4 23:00:04 2023
phys43199.physics.gatech.edu is reachable. -Mon Dec  4 23:30:05 2023
phys43199.physics.gatech.edu is reachable. -Tue Dec  5 00:00:04 2023
phys43199.physics.gatech.edu is reachable. -Tue Dec  5 00:30:04 2023
phys43199.physics.gatech.edu is reachable. -Tue Dec  5 01:00:04 2023
phys43199.physics.gatech.edu is reachable. -Tue Dec  5 01:30:04 2023
phys43199.physics.gatech.edu is reachable. -Tue Dec  5 02:00:05 2023
phys43199.physics.gatech.edu is reachable. -Tue Dec  5 02:30:04 2023
phys43199.physics.gatech.edu is reachable. -Tue Dec  5 03:00:04 2023
phys43199.physics.gatech.edu is reachable. -Tue Dec  5 03:30:05 2023
phys43199.physics.gatech.edu is reachable. -Tue Dec  5 04:00:04 2023
phys43199.physics.gatech.edu is reachable. -Tue Dec  5 04:30:05 2023
phys43199.physics.gatech.edu is reachable. -Tue Dec  5 05:00:04 2023
phys43199.physics.gatech.edu is reachable. -Tue Dec  5 05:30:04 2023
phys43199.physics.gatech.edu is reachable. -Tue Dec  5 06:00:04 2023
phys43199.physics.gatech.edu is reachable. -Tue Dec  5 06:30:04 2023
phys43199.physics.gatech.edu is reachable. -Tue Dec  5 07:00:05 2023
phys43199.physics.gatech.edu is reachable. -Tue Dec  5 07:30:04 2023
phys43199.physics.gatech.edu is reachable. -Tue Dec  5 08:00:04 2023
phys43199.physics.gatech.edu is reachable. -Tue Dec  5 08:30:04 2023
phys43199.physics.gatech.edu is reachable. -Tue Dec  5 09:00:04 2023
phys43199.physics.gatech.edu is reachable. -Tue Dec  5 09:30:05 2023
phys43199.physics.gatech.edu is reachable. -Tue Dec  5 19:00:04 2023
phys43199.physics.gatech.edu is reachable. -Tue Dec  5 19:30:04 2023
phys43199.physics.gatech.edu is reachable. -Tue Dec  5 20:00:04 2023
phys43199.physics.gatech.edu is reachable. -Tue Dec  5 20:30:04 2023
phys43199.physics.gatech.edu is reachable. -Tue Dec  5 21:00:04 2023
phys43199.physics.gatech.edu is not reachable. -Tue Dec  5 21:30:01 2023
Shut down camera Successful Tue Dec  5 21:31:31 2023
phys43199.physics.gatech.edu is reachable. -Tue Dec  5 22:00:04 2023
phys43199.physics.gatech.edu is reachable. -Tue Dec  5 22:30:04 2023
phys43199.physics.gatech.edu is reachable. -Tue Dec  5 23:00:05 2023
phys43199.physics.gatech.edu is reachable. -Tue Dec  5 23:30:04 2023
phys43199.physics.gatech.edu is reachable. -Wed Dec  6 00:00:04 2023
phys43199.physics.gatech.edu is reachable. -Wed Dec  6 00:30:04 2023
phys43199.physics.gatech.edu is reachable. -Wed Dec  6 01:00:04 2023
phys43199.physics.gatech.edu is reachable. -Wed Dec  6 01:30:04 2023
phys43199.physics.gatech.edu is reachable. -Wed Dec  6 02:00:05 2023
phys43199.physics.gatech.edu is reachable. -Wed Dec  6 02:30:04 2023
phys43199.physics.gatech.edu is reachable. -Wed Dec  6 03:00:04 2023
phys43199.physics.gatech.edu is reachable. -Wed Dec  6 03:30:04 2023
phys43199.physics.gatech.edu is reachable. -Wed Dec  6 04:00:04 2023
phys43199.physics.gatech.edu is reachable. -Wed Dec  6 04:30:05 2023
phys43199.physics.gatech.edu is reachable. -Wed Dec  6 05:00:04 2023
phys43199.physics.gatech.edu is reachable. -Wed Dec  6 05:30:04 2023
phys43199.physics.gatech.edu is reachable. -Wed Dec  6 06:00:04 2023
phys43199.physics.gatech.edu is reachable. -Wed Dec  6 06:30:04 2023
phys43199.physics.gatech.edu is reachable. -Wed Dec  6 07:00:05 2023
phys43199.physics.gatech.edu is reachable. -Wed Dec  6 07:30:04 2023
phys43199.physics.gatech.edu is reachable. -Wed Dec  6 08:00:04 2023
phys43199.physics.gatech.edu is reachable. -Wed Dec  6 08:30:04 2023
phys43199.physics.gatech.edu is reachable. -Wed Dec  6 09:00:04 2023
phys43199.physics.gatech.edu is reachable. -Wed Dec  6 09:30:05 2023
phys43199.physics.gatech.edu is reachable. -Wed Dec  6 19:00:04 2023
phys43199.physics.gatech.edu is reachable. -Wed Dec  6 19:30:04 2023
phys43199.physics.gatech.edu is reachable. -Wed Dec  6 20:00:04 2023
phys43199.physics.gatech.edu is reachable. -Wed Dec  6 20:30:04 2023
phys43199.physics.gatech.edu is reachable. -Wed Dec  6 21:00:05 2023
phys43199.physics.gatech.edu is reachable. -Wed Dec  6 21:30:04 2023
phys43199.physics.gatech.edu is reachable. -Wed Dec  6 22:00:04 2023
phys43199.physics.gatech.edu is reachable. -Wed Dec  6 22:30:04 2023
phys43199.physics.gatech.edu is reachable. -Wed Dec  6 23:00:04 2023
phys43199.physics.gatech.edu is reachable. -Wed Dec  6 23:30:05 2023
phys43199.physics.gatech.edu is reachable. -Thu Dec  7 00:00:04 2023
phys43199.physics.gatech.edu is reachable. -Thu Dec  7 00:30:04 2023
phys43199.physics.gatech.edu is reachable. -Thu Dec  7 01:00:04 2023
phys43199.physics.gatech.edu is reachable. -Thu Dec  7 02:00:04 2023
phys43199.physics.gatech.edu is reachable. -Thu Dec  7 02:30:04 2023
phys43199.physics.gatech.edu is reachable. -Thu Dec  7 03:00:04 2023
phys43199.physics.gatech.edu is reachable. -Thu Dec  7 03:30:04 2023
phys43199.physics.gatech.edu is reachable. -Thu Dec  7 04:00:04 2023
phys43199.physics.gatech.edu is reachable. -Thu Dec  7 04:30:04 2023
phys43199.physics.gatech.edu is reachable. -Thu Dec  7 05:00:04 2023
phys43199.physics.gatech.edu is reachable. -Thu Dec  7 05:30:05 2023
phys43199.physics.gatech.edu is reachable. -Thu Dec  7 06:00:04 2023
phys43199.physics.gatech.edu is reachable. -Thu Dec  7 06:30:05 2023
phys43199.physics.gatech.edu is reachable. -Thu Dec  7 07:00:04 2023
phys43199.physics.gatech.edu is reachable. -Thu Dec  7 07:30:04 2023
phys43199.physics.gatech.edu is reachable. -Thu Dec  7 08:00:04 2023
phys43199.physics.gatech.edu is reachable. -Thu Dec  7 08:30:04 2023
phys43199.physics.gatech.edu is reachable. -Thu Dec  7 09:00:04 2023
phys43199.physics.gatech.edu is reachable. -Thu Dec  7 09:30:04 2023
phys43199.physics.gatech.edu is reachable. -Thu Dec  7 19:00:04 2023
phys43199.physics.gatech.edu is reachable. -Thu Dec  7 19:30:05 2023
phys43199.physics.gatech.edu is reachable. -Thu Dec  7 20:00:04 2023
phys43199.physics.gatech.edu is reachable. -Thu Dec  7 20:30:05 2023
phys43199.physics.gatech.edu is reachable. -Thu Dec  7 21:00:04 2023
phys43199.physics.gatech.edu is reachable. -Thu Dec  7 21:30:04 2023
phys43199.physics.gatech.edu is reachable. -Thu Dec  7 22:00:04 2023
phys43199.physics.gatech.edu is reachable. -Thu Dec  7 22:30:05 2023
phys43199.physics.gatech.edu is reachable. -Thu Dec  7 23:00:04 2023
phys43199.physics.gatech.edu is reachable. -Thu Dec  7 23:30:04 2023
phys43199.physics.gatech.edu is reachable. -Fri Dec  8 00:00:04 2023
phys43199.physics.gatech.edu is reachable. -Fri Dec  8 00:30:04 2023
phys43199.physics.gatech.edu is reachable. -Fri Dec  8 01:00:04 2023
phys43199.physics.gatech.edu is reachable. -Fri Dec  8 01:30:05 2023
phys43199.physics.gatech.edu is reachable. -Fri Dec  8 02:00:04 2023
phys43199.physics.gatech.edu is reachable. -Fri Dec  8 02:30:04 2023
phys43199.physics.gatech.edu is reachable. -Fri Dec  8 03:00:05 2023
phys43199.physics.gatech.edu is reachable. -Fri Dec  8 03:30:04 2023
phys43199.physics.gatech.edu is reachable. -Fri Dec  8 04:00:04 2023
phys43199.physics.gatech.edu is reachable. -Fri Dec  8 04:30:04 2023
phys43199.physics.gatech.edu is reachable. -Fri Dec  8 05:00:04 2023
phys43199.physics.gatech.edu is reachable. -Fri Dec  8 05:30:05 2023
phys43199.physics.gatech.edu is reachable. -Fri Dec  8 06:00:04 2023
phys43199.physics.gatech.edu is reachable. -Fri Dec  8 06:30:04 2023
phys43199.physics.gatech.edu is reachable. -Fri Dec  8 07:00:04 2023
phys43199.physics.gatech.edu is reachable. -Fri Dec  8 07:30:04 2023
phys43199.physics.gatech.edu is reachable. -Fri Dec  8 08:00:05 2023
phys43199.physics.gatech.edu is reachable. -Fri Dec  8 08:30:04 2023
phys43199.physics.gatech.edu is reachable. -Fri Dec  8 09:00:04 2023
phys43199.physics.gatech.edu is reachable. -Fri Dec  8 09:30:04 2023
phys43199.physics.gatech.edu is reachable. -Fri Dec  8 19:00:05 2023
phys43199.physics.gatech.edu is reachable. -Fri Dec  8 19:30:04 2023
phys43199.physics.gatech.edu is reachable. -Fri Dec  8 20:00:04 2023
phys43199.physics.gatech.edu is reachable. -Fri Dec  8 20:30:04 2023
phys43199.physics.gatech.edu is reachable. -Fri Dec  8 21:00:04 2023
phys43199.physics.gatech.edu is reachable. -Fri Dec  8 21:30:04 2023
phys43199.physics.gatech.edu is reachable. -Fri Dec  8 22:00:05 2023
phys43199.physics.gatech.edu is reachable. -Fri Dec  8 22:30:04 2023
phys43199.physics.gatech.edu is reachable. -Fri Dec  8 23:00:04 2023
phys43199.physics.gatech.edu is reachable. -Fri Dec  8 23:30:04 2023
phys43199.physics.gatech.edu is reachable. -Sat Dec  9 00:00:04 2023
phys43199.physics.gatech.edu is reachable. -Sat Dec  9 00:30:05 2023
phys43199.physics.gatech.edu is reachable. -Sat Dec  9 01:00:04 2023
phys43199.physics.gatech.edu is reachable. -Sat Dec  9 01:30:04 2023
phys43199.physics.gatech.edu is reachable. -Sat Dec  9 02:00:04 2023
phys43199.physics.gatech.edu is reachable. -Sat Dec  9 02:30:04 2023
phys43199.physics.gatech.edu is reachable. -Sat Dec  9 03:00:05 2023
phys43199.physics.gatech.edu is reachable. -Sat Dec  9 03:30:04 2023
phys43199.physics.gatech.edu is reachable. -Sat Dec  9 04:00:04 2023
phys43199.physics.gatech.edu is reachable. -Sat Dec  9 04:30:04 2023
phys43199.physics.gatech.edu is reachable. -Sat Dec  9 05:00:04 2023
phys43199.physics.gatech.edu is reachable. -Sat Dec  9 05:30:04 2023
phys43199.physics.gatech.edu is reachable. -Sat Dec  9 06:00:04 2023
phys43199.physics.gatech.edu is reachable. -Sat Dec  9 06:30:05 2023
phys43199.physics.gatech.edu is reachable. -Sat Dec  9 07:00:04 2023
phys43199.physics.gatech.edu is reachable. -Sat Dec  9 07:30:04 2023
phys43199.physics.gatech.edu is reachable. -Sat Dec  9 08:00:04 2023
phys43199.physics.gatech.edu is reachable. -Sat Dec  9 08:30:04 2023
phys43199.physics.gatech.edu is reachable. -Sat Dec  9 09:00:05 2023
phys43199.physics.gatech.edu is reachable. -Sat Dec  9 09:30:04 2023
phys43199.physics.gatech.edu is reachable. -Sat Dec  9 19:00:04 2023
phys43199.physics.gatech.edu is reachable. -Sat Dec  9 19:30:04 2023
phys43199.physics.gatech.edu is reachable. -Sat Dec  9 20:00:05 2023
phys43199.physics.gatech.edu is reachable. -Sat Dec  9 20:30:04 2023
phys43199.physics.gatech.edu is reachable. -Sat Dec  9 21:00:04 2023
phys43199.physics.gatech.edu is reachable. -Sat Dec  9 21:30:04 2023
phys43199.physics.gatech.edu is reachable. -Sat Dec  9 22:00:04 2023
phys43199.physics.gatech.edu is reachable. -Sat Dec  9 22:30:05 2023
phys43199.physics.gatech.edu is reachable. -Sat Dec  9 23:00:04 2023
phys43199.physics.gatech.edu is reachable. -Sat Dec  9 23:30:04 2023
phys43199.physics.gatech.edu is reachable. -Sun Dec 10 00:00:04 2023
phys43199.physics.gatech.edu is reachable. -Sun Dec 10 00:30:04 2023
phys43199.physics.gatech.edu is reachable. -Sun Dec 10 01:00:05 2023
phys43199.physics.gatech.edu is reachable. -Sun Dec 10 01:30:04 2023
phys43199.physics.gatech.edu is reachable. -Sun Dec 10 02:00:04 2023
phys43199.physics.gatech.edu is reachable. -Sun Dec 10 02:30:05 2023
phys43199.physics.gatech.edu is reachable. -Sun Dec 10 03:00:04 2023
phys43199.physics.gatech.edu is reachable. -Sun Dec 10 03:30:04 2023
phys43199.physics.gatech.edu is reachable. -Sun Dec 10 04:00:04 2023
phys43199.physics.gatech.edu is reachable. -Sun Dec 10 04:30:04 2023
phys43199.physics.gatech.edu is reachable. -Sun Dec 10 05:00:05 2023
phys43199.physics.gatech.edu is reachable. -Sun Dec 10 05:30:04 2023
phys43199.physics.gatech.edu is reachable. -Sun Dec 10 06:00:04 2023
phys43199.physics.gatech.edu is reachable. -Sun Dec 10 06:30:04 2023
phys43199.physics.gatech.edu is reachable. -Sun Dec 10 07:00:04 2023
phys43199.physics.gatech.edu is reachable. -Sun Dec 10 07:30:05 2023
phys43199.physics.gatech.edu is reachable. -Sun Dec 10 08:00:04 2023
phys43199.physics.gatech.edu is reachable. -Sun Dec 10 08:30:04 2023
phys43199.physics.gatech.edu is reachable. -Sun Dec 10 09:00:04 2023
phys43199.physics.gatech.edu is reachable. -Sun Dec 10 09:30:04 2023
phys43199.physics.gatech.edu is reachable. -Sun Dec 10 19:00:04 2023
phys43199.physics.gatech.edu is reachable. -Sun Dec 10 19:30:04 2023
phys43199.physics.gatech.edu is reachable. -Sun Dec 10 20:00:05 2023
phys43199.physics.gatech.edu is reachable. -Sun Dec 10 20:30:04 2023
phys43199.physics.gatech.edu is reachable. -Sun Dec 10 21:00:04 2023
phys43199.physics.gatech.edu is reachable. -Sun Dec 10 21:30:04 2023
phys43199.physics.gatech.edu is reachable. -Sun Dec 10 22:00:04 2023
phys43199.physics.gatech.edu is reachable. -Sun Dec 10 22:30:05 2023
phys43199.physics.gatech.edu is reachable. -Sun Dec 10 23:00:04 2023
phys43199.physics.gatech.edu is reachable. -Sun Dec 10 23:30:04 2023
phys43199.physics.gatech.edu is reachable. -Mon Dec 11 00:00:04 2023
phys43199.physics.gatech.edu is reachable. -Mon Dec 11 00:30:04 2023
phys43199.physics.gatech.edu is reachable. -Mon Dec 11 01:00:05 2023
phys43199.physics.gatech.edu is reachable. -Mon Dec 11 01:30:04 2023
phys43199.physics.gatech.edu is reachable. -Mon Dec 11 02:00:04 2023
phys43199.physics.gatech.edu is reachable. -Mon Dec 11 02:30:04 2023
phys43199.physics.gatech.edu is reachable. -Mon Dec 11 03:00:04 2023
phys43199.physics.gatech.edu is reachable. -Mon Dec 11 03:30:05 2023
phys43199.physics.gatech.edu is reachable. -Mon Dec 11 04:00:04 2023
phys43199.physics.gatech.edu is reachable. -Mon Dec 11 04:30:04 2023
phys43199.physics.gatech.edu is reachable. -Mon Dec 11 05:00:04 2023
phys43199.physics.gatech.edu is reachable. -Mon Dec 11 05:30:04 2023
phys43199.physics.gatech.edu is reachable. -Mon Dec 11 06:00:05 2023
phys43199.physics.gatech.edu is reachable. -Mon Dec 11 06:30:04 2023
phys43199.physics.gatech.edu is reachable. -Mon Dec 11 07:00:04 2023
phys43199.physics.gatech.edu is reachable. -Mon Dec 11 07:30:04 2023
phys43199.physics.gatech.edu is reachable. -Mon Dec 11 08:00:04 2023
phys43199.physics.gatech.edu is reachable. -Mon Dec 11 08:30:05 2023
phys43199.physics.gatech.edu is reachable. -Mon Dec 11 09:00:04 2023
phys43199.physics.gatech.edu is reachable. -Mon Dec 11 09:30:04 2023
phys43199.physics.gatech.edu is reachable. -Mon Dec 11 19:00:04 2023
phys43199.physics.gatech.edu is reachable. -Mon Dec 11 19:30:05 2023
phys43199.physics.gatech.edu is reachable. -Mon Dec 11 20:00:04 2023
phys43199.physics.gatech.edu is reachable. -Mon Dec 11 20:30:04 2023
phys43199.physics.gatech.edu is reachable. -Mon Dec 11 21:00:04 2023
phys43199.physics.gatech.edu is reachable. -Mon Dec 11 21:30:04 2023
phys43199.physics.gatech.edu is reachable. -Mon Dec 11 22:00:05 2023
phys43199.physics.gatech.edu is reachable. -Mon Dec 11 22:30:05 2023
phys43199.physics.gatech.edu is reachable. -Mon Dec 11 23:00:04 2023
phys43199.physics.gatech.edu is reachable. -Mon Dec 11 23:30:04 2023
phys43199.physics.gatech.edu is reachable. -Tue Dec 12 00:00:04 2023
phys43199.physics.gatech.edu is reachable. -Tue Dec 12 00:30:04 2023
phys43199.physics.gatech.edu is reachable. -Tue Dec 12 01:00:05 2023
phys43199.physics.gatech.edu is reachable. -Tue Dec 12 01:30:05 2023
phys43199.physics.gatech.edu is reachable. -Tue Dec 12 02:00:04 2023
phys43199.physics.gatech.edu is reachable. -Tue Dec 12 02:30:04 2023
phys43199.physics.gatech.edu is reachable. -Tue Dec 12 03:00:04 2023
phys43199.physics.gatech.edu is reachable. -Tue Dec 12 03:30:04 2023
phys43199.physics.gatech.edu is reachable. -Tue Dec 12 04:00:05 2023
phys43199.physics.gatech.edu is reachable. -Tue Dec 12 04:30:04 2023
phys43199.physics.gatech.edu is reachable. -Tue Dec 12 05:00:04 2023
phys43199.physics.gatech.edu is reachable. -Tue Dec 12 05:30:04 2023
phys43199.physics.gatech.edu is reachable. -Tue Dec 12 06:00:04 2023
phys43199.physics.gatech.edu is reachable. -Tue Dec 12 06:30:05 2023
phys43199.physics.gatech.edu is reachable. -Tue Dec 12 07:00:04 2023
phys43199.physics.gatech.edu is reachable. -Tue Dec 12 07:30:04 2023
phys43199.physics.gatech.edu is reachable. -Tue Dec 12 08:00:04 2023
phys43199.physics.gatech.edu is reachable. -Tue Dec 12 08:30:04 2023
phys43199.physics.gatech.edu is reachable. -Tue Dec 12 09:00:05 2023
phys43199.physics.gatech.edu is reachable. -Tue Dec 12 09:30:04 2023
phys43199.physics.gatech.edu is reachable. -Tue Dec 12 19:00:04 2023
phys43199.physics.gatech.edu is reachable. -Tue Dec 12 19:30:05 2023
phys43199.physics.gatech.edu is reachable. -Tue Dec 12 20:00:04 2023
phys43199.physics.gatech.edu is reachable. -Tue Dec 12 20:30:04 2023
phys43199.physics.gatech.edu is reachable. -Tue Dec 12 21:00:04 2023
phys43199.physics.gatech.edu is reachable. -Tue Dec 12 21:30:04 2023
phys43199.physics.gatech.edu is reachable. -Tue Dec 12 22:00:05 2023
phys43199.physics.gatech.edu is reachable. -Tue Dec 12 22:30:04 2023
phys43199.physics.gatech.edu is reachable. -Tue Dec 12 23:00:04 2023
phys43199.physics.gatech.edu is reachable. -Tue Dec 12 23:30:04 2023
phys43199.physics.gatech.edu is reachable. -Wed Dec 13 00:00:04 2023
phys43199.physics.gatech.edu is reachable. -Wed Dec 13 00:30:05 2023
phys43199.physics.gatech.edu is reachable. -Wed Dec 13 01:00:04 2023
phys43199.physics.gatech.edu is reachable. -Wed Dec 13 01:30:05 2023
phys43199.physics.gatech.edu is reachable. -Wed Dec 13 02:30:05 2023
phys43199.physics.gatech.edu is reachable. -Wed Dec 13 03:00:04 2023
phys43199.physics.gatech.edu is reachable. -Wed Dec 13 03:30:04 2023
phys43199.physics.gatech.edu is reachable. -Wed Dec 13 04:00:04 2023
phys43199.physics.gatech.edu is reachable. -Wed Dec 13 04:30:05 2023
phys43199.physics.gatech.edu is reachable. -Wed Dec 13 05:00:04 2023
phys43199.physics.gatech.edu is reachable. -Wed Dec 13 05:30:04 2023
phys43199.physics.gatech.edu is reachable. -Wed Dec 13 06:00:04 2023
phys43199.physics.gatech.edu is reachable. -Wed Dec 13 06:30:04 2023
phys43199.physics.gatech.edu is reachable. -Wed Dec 13 07:00:05 2023
phys43199.physics.gatech.edu is reachable. -Wed Dec 13 07:30:04 2023
phys43199.physics.gatech.edu is reachable. -Wed Dec 13 08:00:04 2023
phys43199.physics.gatech.edu is reachable. -Wed Dec 13 08:30:04 2023
phys43199.physics.gatech.edu is reachable. -Wed Dec 13 09:00:04 2023
phys43199.physics.gatech.edu is reachable. -Wed Dec 13 09:30:05 2023
phys43199.physics.gatech.edu is reachable. -Wed Dec 13 19:00:04 2023
phys43199.physics.gatech.edu is reachable. -Wed Dec 13 19:30:04 2023
phys43199.physics.gatech.edu is reachable. -Wed Dec 13 20:00:04 2023
phys43199.physics.gatech.edu is reachable. -Wed Dec 13 20:30:05 2023
phys43199.physics.gatech.edu is reachable. -Wed Dec 13 21:00:04 2023
phys43199.physics.gatech.edu is reachable. -Wed Dec 13 21:30:04 2023
phys43199.physics.gatech.edu is reachable. -Wed Dec 13 22:00:04 2023
phys43199.physics.gatech.edu is reachable. -Wed Dec 13 22:30:04 2023
phys43199.physics.gatech.edu is reachable. -Wed Dec 13 23:00:05 2023
phys43199.physics.gatech.edu is reachable. -Wed Dec 13 23:30:04 2023
phys43199.physics.gatech.edu is reachable. -Thu Dec 14 00:00:04 2023
phys43199.physics.gatech.edu is reachable. -Thu Dec 14 00:30:05 2023
phys43199.physics.gatech.edu is reachable. -Thu Dec 14 01:00:04 2023
phys43199.physics.gatech.edu is reachable. -Thu Dec 14 01:30:04 2023
phys43199.physics.gatech.edu is reachable. -Thu Dec 14 02:00:04 2023
phys43199.physics.gatech.edu is reachable. -Thu Dec 14 02:30:04 2023
phys43199.physics.gatech.edu is reachable. -Thu Dec 14 03:00:05 2023
phys43199.physics.gatech.edu is reachable. -Thu Dec 14 03:30:04 2023
phys43199.physics.gatech.edu is reachable. -Thu Dec 14 04:00:04 2023
phys43199.physics.gatech.edu is reachable. -Thu Dec 14 04:30:04 2023
phys43199.physics.gatech.edu is reachable. -Thu Dec 14 05:00:04 2023
phys43199.physics.gatech.edu is reachable. -Thu Dec 14 05:30:05 2023
phys43199.physics.gatech.edu is reachable. -Thu Dec 14 06:00:04 2023
phys43199.physics.gatech.edu is reachable. -Thu Dec 14 06:30:04 2023
phys43199.physics.gatech.edu is reachable. -Thu Dec 14 07:00:04 2023
phys43199.physics.gatech.edu is reachable. -Thu Dec 14 07:30:04 2023
phys43199.physics.gatech.edu is reachable. -Thu Dec 14 08:00:05 2023
phys43199.physics.gatech.edu is reachable. -Thu Dec 14 08:30:04 2023
phys43199.physics.gatech.edu is reachable. -Thu Dec 14 09:00:04 2023
phys43199.physics.gatech.edu is reachable. -Thu Dec 14 09:30:04 2023
phys43199.physics.gatech.edu is reachable. -Thu Dec 14 19:00:05 2023
phys43199.physics.gatech.edu is reachable. -Thu Dec 14 19:30:04 2023
phys43199.physics.gatech.edu is reachable. -Thu Dec 14 20:00:04 2023
phys43199.physics.gatech.edu is reachable. -Thu Dec 14 20:30:04 2023
phys43199.physics.gatech.edu is reachable. -Thu Dec 14 21:00:04 2023
phys43199.physics.gatech.edu is reachable. -Thu Dec 14 21:30:05 2023
phys43199.physics.gatech.edu is reachable. -Thu Dec 14 22:00:04 2023
phys43199.physics.gatech.edu is reachable. -Thu Dec 14 22:30:04 2023
phys43199.physics.gatech.edu is reachable. -Thu Dec 14 23:00:04 2023
phys43199.physics.gatech.edu is reachable. -Thu Dec 14 23:30:04 2023
phys43199.physics.gatech.edu is reachable. -Fri Dec 15 00:00:05 2023
phys43199.physics.gatech.edu is reachable. -Fri Dec 15 00:30:04 2023
phys43199.physics.gatech.edu is reachable. -Fri Dec 15 01:00:04 2023
phys43199.physics.gatech.edu is reachable. -Fri Dec 15 01:30:04 2023
phys43199.physics.gatech.edu is reachable. -Fri Dec 15 02:00:04 2023
phys43199.physics.gatech.edu is reachable. -Fri Dec 15 02:30:04 2023
phys43199.physics.gatech.edu is reachable. -Fri Dec 15 03:00:04 2023
phys43199.physics.gatech.edu is reachable. -Fri Dec 15 03:30:04 2023
phys43199.physics.gatech.edu is reachable. -Fri Dec 15 04:00:04 2023
phys43199.physics.gatech.edu is reachable. -Fri Dec 15 04:30:05 2023
phys43199.physics.gatech.edu is reachable. -Fri Dec 15 05:00:04 2023
phys43199.physics.gatech.edu is reachable. -Fri Dec 15 05:30:04 2023
phys43199.physics.gatech.edu is reachable. -Fri Dec 15 06:00:04 2023
phys43199.physics.gatech.edu is reachable. -Fri Dec 15 06:30:04 2023
phys43199.physics.gatech.edu is reachable. -Fri Dec 15 07:00:05 2023
phys43199.physics.gatech.edu is reachable. -Fri Dec 15 07:30:04 2023
phys43199.physics.gatech.edu is reachable. -Fri Dec 15 08:00:04 2023
phys43199.physics.gatech.edu is reachable. -Fri Dec 15 08:30:04 2023
phys43199.physics.gatech.edu is reachable. -Fri Dec 15 09:00:04 2023
phys43199.physics.gatech.edu is reachable. -Fri Dec 15 09:30:05 2023
phys43199.physics.gatech.edu is reachable. -Fri Dec 15 19:00:04 2023
phys43199.physics.gatech.edu is reachable. -Fri Dec 15 19:30:05 2023
phys43199.physics.gatech.edu is reachable. -Fri Dec 15 20:00:04 2023
phys43199.physics.gatech.edu is not reachable. -Fri Dec 15 20:30:14 2023
Shut down camera Successful Fri Dec 15 20:31:44 2023
phys43199.physics.gatech.edu is not reachable. -Fri Dec 15 21:00:14 2023
Shut down camera Successful Fri Dec 15 21:01:44 2023
phys43199.physics.gatech.edu is not reachable. -Fri Dec 15 21:30:14 2023
Shut down camera Successful Fri Dec 15 21:31:44 2023
phys43199.physics.gatech.edu is not reachable. -Fri Dec 15 22:00:14 2023
Shut down camera Successful Fri Dec 15 22:01:44 2023
phys43199.physics.gatech.edu is not reachable. -Fri Dec 15 22:30:14 2023
Shut down camera Successful Fri Dec 15 22:31:44 2023
phys43199.physics.gatech.edu is not reachable. -Fri Dec 15 23:00:14 2023
Shut down camera Successful Fri Dec 15 23:01:44 2023
phys43199.physics.gatech.edu is not reachable. -Fri Dec 15 23:30:14 2023
Shut down camera Successful Fri Dec 15 23:31:44 2023
phys43199.physics.gatech.edu is not reachable. -Sat Dec 16 00:00:15 2023
Shut down camera Successful Sat Dec 16 00:01:45 2023
phys43199.physics.gatech.edu is not reachable. -Sat Dec 16 00:30:14 2023
Shut down camera Successful Sat Dec 16 00:31:44 2023
phys43199.physics.gatech.edu is not reachable. -Sat Dec 16 01:00:14 2023
Shut down camera Successful Sat Dec 16 01:01:44 2023
phys43199.physics.gatech.edu is not reachable. -Sat Dec 16 01:30:14 2023
Shut down camera Successful Sat Dec 16 01:31:44 2023
phys43199.physics.gatech.edu is not reachable. -Sat Dec 16 02:00:14 2023
Shut down camera Successful Sat Dec 16 02:01:44 2023
phys43199.physics.gatech.edu is not reachable. -Sat Dec 16 02:30:14 2023
Shut down camera Successful Sat Dec 16 02:31:44 2023
phys43199.physics.gatech.edu is not reachable. -Sat Dec 16 03:00:14 2023
Shut down camera Successful Sat Dec 16 03:01:44 2023
phys43199.physics.gatech.edu is not reachable. -Sat Dec 16 03:30:14 2023
Shut down camera Successful Sat Dec 16 03:31:44 2023
phys43199.physics.gatech.edu is not reachable. -Sat Dec 16 04:00:14 2023
Shut down camera Successful Sat Dec 16 04:01:44 2023
phys43199.physics.gatech.edu is not reachable. -Sat Dec 16 04:30:15 2023
Shut down camera Successful Sat Dec 16 04:31:45 2023
phys43199.physics.gatech.edu is not reachable. -Sat Dec 16 05:00:14 2023
Shut down camera Successful Sat Dec 16 05:01:44 2023
phys43199.physics.gatech.edu is not reachable. -Sat Dec 16 05:30:14 2023
Shut down camera Successful Sat Dec 16 05:31:44 2023
phys43199.physics.gatech.edu is not reachable. -Sat Dec 16 06:00:14 2023
Shut down camera Successful Sat Dec 16 06:01:44 2023
phys43199.physics.gatech.edu is not reachable. -Sat Dec 16 06:30:15 2023
Shut down camera Successful Sat Dec 16 06:31:45 2023
phys43199.physics.gatech.edu is not reachable. -Sat Dec 16 07:00:14 2023
Shut down camera Successful Sat Dec 16 07:01:44 2023
phys43199.physics.gatech.edu is not reachable. -Sat Dec 16 07:30:14 2023
Shut down camera Successful Sat Dec 16 07:31:44 2023
phys43199.physics.gatech.edu is not reachable. -Sat Dec 16 08:00:14 2023
Shut down camera Successful Sat Dec 16 08:01:44 2023
phys43199.physics.gatech.edu is not reachable. -Sat Dec 16 08:30:14 2023
Shut down camera Successful Sat Dec 16 08:31:44 2023
phys43199.physics.gatech.edu is not reachable. -Sat Dec 16 09:00:15 2023
Shut down camera Successful Sat Dec 16 09:01:45 2023
phys43199.physics.gatech.edu is not reachable. -Sat Dec 16 09:30:14 2023
Shut down camera Successful Sat Dec 16 09:31:44 2023
phys43199.physics.gatech.edu is not reachable. -Sat Dec 16 19:00:14 2023
Shut down camera Successful Sat Dec 16 19:01:44 2023
phys43199.physics.gatech.edu is not reachable. -Sat Dec 16 19:30:15 2023
Shut down camera Successful Sat Dec 16 19:31:45 2023
phys43199.physics.gatech.edu is not reachable. -Sat Dec 16 20:00:14 2023
Shut down camera Successful Sat Dec 16 20:01:44 2023
phys43199.physics.gatech.edu is not reachable. -Sat Dec 16 20:30:14 2023
Shut down camera Successful Sat Dec 16 20:31:44 2023
phys43199.physics.gatech.edu is not reachable. -Sat Dec 16 21:00:14 2023
Shut down camera Successful Sat Dec 16 21:01:44 2023
phys43199.physics.gatech.edu is not reachable. -Sat Dec 16 21:30:15 2023
Shut down camera Successful Sat Dec 16 21:31:45 2023
phys43199.physics.gatech.edu is not reachable. -Sat Dec 16 22:00:14 2023
Shut down camera Successful Sat Dec 16 22:01:44 2023
phys43199.physics.gatech.edu is not reachable. -Sat Dec 16 22:30:14 2023
Shut down camera Successful Sat Dec 16 22:31:44 2023
phys43199.physics.gatech.edu is not reachable. -Sat Dec 16 23:00:14 2023
Shut down camera Successful Sat Dec 16 23:01:44 2023
phys43199.physics.gatech.edu is not reachable. -Sat Dec 16 23:30:14 2023
Shut down camera Successful Sat Dec 16 23:31:44 2023
phys43199.physics.gatech.edu is not reachable. -Sun Dec 17 00:00:15 2023
Shut down camera Successful Sun Dec 17 00:01:45 2023
phys43199.physics.gatech.edu is not reachable. -Sun Dec 17 00:30:14 2023
Shut down camera Successful Sun Dec 17 00:31:44 2023
phys43199.physics.gatech.edu is not reachable. -Sun Dec 17 01:00:14 2023
Shut down camera Successful Sun Dec 17 01:01:44 2023
phys43199.physics.gatech.edu is not reachable. -Sun Dec 17 01:30:14 2023
Shut down camera Successful Sun Dec 17 01:31:44 2023
phys43199.physics.gatech.edu is not reachable. -Sun Dec 17 02:00:14 2023
Shut down camera Successful Sun Dec 17 02:01:44 2023
phys43199.physics.gatech.edu is not reachable. -Sun Dec 17 02:30:14 2023
Shut down camera Successful Sun Dec 17 02:31:44 2023
phys43199.physics.gatech.edu is not reachable. -Sun Dec 17 03:00:14 2023
Shut down camera Successful Sun Dec 17 03:01:44 2023
phys43199.physics.gatech.edu is not reachable. -Sun Dec 17 03:30:14 2023
Shut down camera Successful Sun Dec 17 03:31:44 2023
phys43199.physics.gatech.edu is not reachable. -Sun Dec 17 04:00:15 2023
Shut down camera Successful Sun Dec 17 04:01:45 2023
phys43199.physics.gatech.edu is not reachable. -Sun Dec 17 04:30:14 2023
Shut down camera Successful Sun Dec 17 04:31:44 2023
phys43199.physics.gatech.edu is not reachable. -Sun Dec 17 05:00:14 2023
Shut down camera Successful Sun Dec 17 05:01:44 2023
phys43199.physics.gatech.edu is not reachable. -Sun Dec 17 05:30:14 2023
Shut down camera Successful Sun Dec 17 05:31:44 2023
phys43199.physics.gatech.edu is not reachable. -Sun Dec 17 06:00:14 2023
Shut down camera Successful Sun Dec 17 06:01:45 2023
phys43199.physics.gatech.edu is not reachable. -Sun Dec 17 06:30:14 2023
Shut down camera Successful Sun Dec 17 06:31:44 2023
phys43199.physics.gatech.edu is not reachable. -Sun Dec 17 07:00:14 2023
Shut down camera Successful Sun Dec 17 07:01:44 2023
phys43199.physics.gatech.edu is not reachable. -Sun Dec 17 07:30:14 2023
Shut down camera Successful Sun Dec 17 07:31:44 2023
phys43199.physics.gatech.edu is not reachable. -Sun Dec 17 08:00:14 2023
Shut down camera Successful Sun Dec 17 08:01:44 2023
phys43199.physics.gatech.edu is not reachable. -Sun Dec 17 08:30:15 2023
Shut down camera Successful Sun Dec 17 08:31:45 2023
phys43199.physics.gatech.edu is not reachable. -Sun Dec 17 09:00:14 2023
Shut down camera Successful Sun Dec 17 09:01:44 2023
phys43199.physics.gatech.edu is not reachable. -Sun Dec 17 09:30:14 2023
Shut down camera Successful Sun Dec 17 09:31:44 2023
phys43199.physics.gatech.edu is not reachable. -Sun Dec 17 19:00:15 2023
Shut down camera Successful Sun Dec 17 19:01:45 2023
phys43199.physics.gatech.edu is not reachable. -Sun Dec 17 19:30:14 2023
Shut down camera Successful Sun Dec 17 19:31:44 2023
phys43199.physics.gatech.edu is not reachable. -Sun Dec 17 20:00:14 2023
Shut down camera Successful Sun Dec 17 20:01:44 2023
phys43199.physics.gatech.edu is not reachable. -Sun Dec 17 20:30:14 2023
Shut down camera Successful Sun Dec 17 20:31:44 2023
phys43199.physics.gatech.edu is not reachable. -Sun Dec 17 21:00:14 2023
Shut down camera Successful Sun Dec 17 21:01:45 2023
phys43199.physics.gatech.edu is not reachable. -Sun Dec 17 21:30:14 2023
Shut down camera Successful Sun Dec 17 21:31:44 2023
phys43199.physics.gatech.edu is not reachable. -Sun Dec 17 22:00:14 2023
Shut down camera Successful Sun Dec 17 22:01:44 2023
phys43199.physics.gatech.edu is not reachable. -Sun Dec 17 22:30:14 2023
Shut down camera Successful Sun Dec 17 22:31:44 2023
phys43199.physics.gatech.edu is not reachable. -Sun Dec 17 23:00:14 2023
Shut down camera Successful Sun Dec 17 23:01:44 2023
phys43199.physics.gatech.edu is not reachable. -Sun Dec 17 23:30:15 2023
Shut down camera Successful Sun Dec 17 23:31:45 2023
phys43199.physics.gatech.edu is not reachable. -Mon Dec 18 00:00:14 2023
Shut down camera Successful Mon Dec 18 00:01:44 2023
phys43199.physics.gatech.edu is not reachable. -Mon Dec 18 00:30:14 2023
Shut down camera Successful Mon Dec 18 00:31:44 2023
phys43199.physics.gatech.edu is not reachable. -Mon Dec 18 01:00:14 2023
Shut down camera Successful Mon Dec 18 01:01:44 2023
phys43199.physics.gatech.edu is not reachable. -Mon Dec 18 01:30:15 2023
Shut down camera Successful Mon Dec 18 01:31:45 2023
phys43199.physics.gatech.edu is not reachable. -Mon Dec 18 02:00:14 2023
Shut down camera Successful Mon Dec 18 02:01:44 2023
phys43199.physics.gatech.edu is not reachable. -Mon Dec 18 02:30:14 2023
Shut down camera Successful Mon Dec 18 02:31:44 2023
phys43199.physics.gatech.edu is not reachable. -Mon Dec 18 03:00:14 2023
Shut down camera Successful Mon Dec 18 03:01:44 2023
phys43199.physics.gatech.edu is not reachable. -Mon Dec 18 03:30:14 2023
Shut down camera Successful Mon Dec 18 03:31:44 2023
phys43199.physics.gatech.edu is not reachable. -Mon Dec 18 04:00:15 2023
Shut down camera Successful Mon Dec 18 04:01:45 2023
phys43199.physics.gatech.edu is not reachable. -Mon Dec 18 04:30:14 2023
Shut down camera Successful Mon Dec 18 04:31:44 2023
phys43199.physics.gatech.edu is not reachable. -Mon Dec 18 05:00:14 2023
Shut down camera Successful Mon Dec 18 05:01:44 2023
phys43199.physics.gatech.edu is not reachable. -Mon Dec 18 05:30:14 2023
Shut down camera Successful Mon Dec 18 05:31:44 2023
phys43199.physics.gatech.edu is not reachable. -Mon Dec 18 06:00:15 2023
Shut down camera Successful Mon Dec 18 06:01:45 2023
phys43199.physics.gatech.edu is not reachable. -Mon Dec 18 06:30:14 2023
Shut down camera Successful Mon Dec 18 06:31:44 2023
phys43199.physics.gatech.edu is not reachable. -Mon Dec 18 07:00:14 2023
Shut down camera Successful Mon Dec 18 07:01:44 2023
phys43199.physics.gatech.edu is not reachable. -Mon Dec 18 07:30:14 2023
Shut down camera Successful Mon Dec 18 07:31:44 2023
phys43199.physics.gatech.edu is not reachable. -Mon Dec 18 08:00:14 2023
Shut down camera Successful Mon Dec 18 08:01:44 2023
phys43199.physics.gatech.edu is not reachable. -Mon Dec 18 08:30:14 2023
Shut down camera Successful Mon Dec 18 08:31:44 2023
phys43199.physics.gatech.edu is not reachable. -Mon Dec 18 09:00:14 2023
Shut down camera Successful Mon Dec 18 09:01:44 2023
phys43199.physics.gatech.edu is not reachable. -Mon Dec 18 09:30:14 2023
Shut down camera Successful Mon Dec 18 09:31:44 2023
phys43199.physics.gatech.edu is reachable. -Mon Dec 18 19:00:05 2023
phys43199.physics.gatech.edu is reachable. -Mon Dec 18 19:30:04 2023
phys43199.physics.gatech.edu is reachable. -Mon Dec 18 20:00:04 2023
phys43199.physics.gatech.edu is reachable. -Mon Dec 18 20:30:04 2023
phys43199.physics.gatech.edu is reachable. -Mon Dec 18 21:00:04 2023
phys43199.physics.gatech.edu is reachable. -Mon Dec 18 21:30:05 2023
phys43199.physics.gatech.edu is reachable. -Mon Dec 18 22:00:04 2023
phys43199.physics.gatech.edu is reachable. -Mon Dec 18 22:30:04 2023
phys43199.physics.gatech.edu is reachable. -Mon Dec 18 23:00:04 2023
phys43199.physics.gatech.edu is reachable. -Mon Dec 18 23:30:04 2023
phys43199.physics.gatech.edu is reachable. -Tue Dec 19 00:00:05 2023
phys43199.physics.gatech.edu is reachable. -Tue Dec 19 00:30:04 2023
phys43199.physics.gatech.edu is reachable. -Tue Dec 19 01:00:04 2023
phys43199.physics.gatech.edu is reachable. -Tue Dec 19 01:30:04 2023
phys43199.physics.gatech.edu is reachable. -Tue Dec 19 02:00:05 2023
phys43199.physics.gatech.edu is reachable. -Tue Dec 19 02:30:04 2023
phys43199.physics.gatech.edu is reachable. -Tue Dec 19 03:00:04 2023
phys43199.physics.gatech.edu is reachable. -Tue Dec 19 03:30:04 2023
phys43199.physics.gatech.edu is reachable. -Tue Dec 19 04:00:04 2023
phys43199.physics.gatech.edu is reachable. -Tue Dec 19 04:30:05 2023
phys43199.physics.gatech.edu is reachable. -Tue Dec 19 05:00:04 2023
phys43199.physics.gatech.edu is reachable. -Tue Dec 19 05:30:04 2023
phys43199.physics.gatech.edu is reachable. -Tue Dec 19 06:00:04 2023
phys43199.physics.gatech.edu is reachable. -Tue Dec 19 06:30:04 2023
phys43199.physics.gatech.edu is reachable. -Tue Dec 19 07:00:04 2023
phys43199.physics.gatech.edu is reachable. -Tue Dec 19 07:30:04 2023
phys43199.physics.gatech.edu is reachable. -Tue Dec 19 08:00:04 2023
phys43199.physics.gatech.edu is reachable. -Tue Dec 19 08:30:04 2023
phys43199.physics.gatech.edu is reachable. -Tue Dec 19 09:00:05 2023
phys43199.physics.gatech.edu is reachable. -Tue Dec 19 09:30:04 2023
phys43199.physics.gatech.edu is reachable. -Tue Dec 19 19:00:04 2023
phys43199.physics.gatech.edu is reachable. -Tue Dec 19 19:30:04 2023
phys43199.physics.gatech.edu is reachable. -Tue Dec 19 20:00:05 2023
phys43199.physics.gatech.edu is reachable. -Tue Dec 19 20:30:04 2023
phys43199.physics.gatech.edu is reachable. -Tue Dec 19 21:00:04 2023
phys43199.physics.gatech.edu is reachable. -Tue Dec 19 21:30:04 2023
phys43199.physics.gatech.edu is reachable. -Tue Dec 19 22:00:04 2023
phys43199.physics.gatech.edu is reachable. -Tue Dec 19 22:30:05 2023
phys43199.physics.gatech.edu is reachable. -Tue Dec 19 23:00:04 2023
phys43199.physics.gatech.edu is reachable. -Tue Dec 19 23:30:04 2023
phys43199.physics.gatech.edu is reachable. -Wed Dec 20 00:00:04 2023
phys43199.physics.gatech.edu is reachable. -Wed Dec 20 00:30:04 2023
phys43199.physics.gatech.edu is reachable. -Wed Dec 20 01:00:04 2023
phys43199.physics.gatech.edu is reachable. -Wed Dec 20 01:30:04 2023
phys43199.physics.gatech.edu is reachable. -Wed Dec 20 02:00:04 2023
phys43199.physics.gatech.edu is reachable. -Wed Dec 20 02:30:04 2023
phys43199.physics.gatech.edu is reachable. -Wed Dec 20 03:00:04 2023
phys43199.physics.gatech.edu is reachable. -Wed Dec 20 03:30:04 2023
phys43199.physics.gatech.edu is reachable. -Wed Dec 20 04:00:04 2023
phys43199.physics.gatech.edu is reachable. -Wed Dec 20 04:30:04 2023
phys43199.physics.gatech.edu is reachable. -Wed Dec 20 05:00:04 2023
phys43199.physics.gatech.edu is reachable. -Wed Dec 20 05:30:05 2023
phys43199.physics.gatech.edu is reachable. -Wed Dec 20 06:00:04 2023
phys43199.physics.gatech.edu is reachable. -Wed Dec 20 06:30:04 2023
phys43199.physics.gatech.edu is reachable. -Wed Dec 20 07:00:04 2023
phys43199.physics.gatech.edu is reachable. -Wed Dec 20 07:30:04 2023
phys43199.physics.gatech.edu is reachable. -Wed Dec 20 08:00:05 2023
phys43199.physics.gatech.edu is reachable. -Wed Dec 20 08:30:04 2023
phys43199.physics.gatech.edu is reachable. -Wed Dec 20 09:00:04 2023
phys43199.physics.gatech.edu is reachable. -Wed Dec 20 09:30:04 2023
phys43199.physics.gatech.edu is reachable. -Wed Dec 20 19:00:04 2023
phys43199.physics.gatech.edu is reachable. -Wed Dec 20 19:30:04 2023
phys43199.physics.gatech.edu is reachable. -Wed Dec 20 20:00:04 2023
phys43199.physics.gatech.edu is reachable. -Wed Dec 20 20:30:04 2023
phys43199.physics.gatech.edu is reachable. -Wed Dec 20 21:00:05 2023
phys43199.physics.gatech.edu is reachable. -Wed Dec 20 21:30:04 2023
phys43199.physics.gatech.edu is reachable. -Wed Dec 20 22:00:04 2023
phys43199.physics.gatech.edu is reachable. -Wed Dec 20 22:30:04 2023
phys43199.physics.gatech.edu is reachable. -Wed Dec 20 23:00:04 2023
phys43199.physics.gatech.edu is reachable. -Wed Dec 20 23:30:05 2023
phys43199.physics.gatech.edu is reachable. -Thu Dec 21 00:00:04 2023
phys43199.physics.gatech.edu is reachable. -Thu Dec 21 00:30:04 2023
phys43199.physics.gatech.edu is reachable. -Thu Dec 21 01:00:04 2023
phys43199.physics.gatech.edu is reachable. -Thu Dec 21 01:30:04 2023
phys43199.physics.gatech.edu is reachable. -Thu Dec 21 02:00:05 2023
phys43199.physics.gatech.edu is reachable. -Thu Dec 21 02:30:04 2023
phys43199.physics.gatech.edu is reachable. -Thu Dec 21 03:00:04 2023
phys43199.physics.gatech.edu is reachable. -Thu Dec 21 03:30:04 2023
phys43199.physics.gatech.edu is reachable. -Thu Dec 21 04:00:04 2023
phys43199.physics.gatech.edu is reachable. -Thu Dec 21 04:30:05 2023
phys43199.physics.gatech.edu is reachable. -Thu Dec 21 05:00:04 2023
phys43199.physics.gatech.edu is reachable. -Thu Dec 21 05:30:04 2023
phys43199.physics.gatech.edu is reachable. -Thu Dec 21 06:00:04 2023
phys43199.physics.gatech.edu is reachable. -Thu Dec 21 06:30:04 2023
phys43199.physics.gatech.edu is reachable. -Thu Dec 21 07:00:05 2023
phys43199.physics.gatech.edu is reachable. -Thu Dec 21 07:30:04 2023
phys43199.physics.gatech.edu is reachable. -Thu Dec 21 08:00:04 2023
phys43199.physics.gatech.edu is reachable. -Thu Dec 21 08:30:04 2023
phys43199.physics.gatech.edu is reachable. -Thu Dec 21 09:00:04 2023
phys43199.physics.gatech.edu is reachable. -Thu Dec 21 09:30:05 2023
phys43199.physics.gatech.edu is reachable. -Thu Dec 21 19:00:04 2023
phys43199.physics.gatech.edu is reachable. -Thu Dec 21 19:30:05 2023
phys43199.physics.gatech.edu is reachable. -Thu Dec 21 20:00:04 2023
phys43199.physics.gatech.edu is reachable. -Thu Dec 21 20:30:04 2023
phys43199.physics.gatech.edu is reachable. -Thu Dec 21 21:00:04 2023
phys43199.physics.gatech.edu is reachable. -Thu Dec 21 21:30:04 2023
phys43199.physics.gatech.edu is reachable. -Thu Dec 21 22:00:05 2023
phys43199.physics.gatech.edu is reachable. -Thu Dec 21 22:30:04 2023
phys43199.physics.gatech.edu is reachable. -Thu Dec 21 23:00:04 2023
phys43199.physics.gatech.edu is reachable. -Thu Dec 21 23:30:04 2023
phys43199.physics.gatech.edu is reachable. -Fri Dec 22 00:00:04 2023
phys43199.physics.gatech.edu is reachable. -Fri Dec 22 00:30:05 2023
phys43199.physics.gatech.edu is reachable. -Fri Dec 22 01:00:04 2023
phys43199.physics.gatech.edu is reachable. -Fri Dec 22 01:30:04 2023
phys43199.physics.gatech.edu is reachable. -Fri Dec 22 02:00:04 2023
phys43199.physics.gatech.edu is reachable. -Fri Dec 22 02:30:04 2023
phys43199.physics.gatech.edu is reachable. -Fri Dec 22 03:00:05 2023
phys43199.physics.gatech.edu is reachable. -Fri Dec 22 03:30:04 2023
phys43199.physics.gatech.edu is reachable. -Fri Dec 22 04:00:04 2023
phys43199.physics.gatech.edu is reachable. -Fri Dec 22 04:30:04 2023
phys43199.physics.gatech.edu is reachable. -Fri Dec 22 05:00:04 2023
phys43199.physics.gatech.edu is reachable. -Fri Dec 22 05:30:05 2023
phys43199.physics.gatech.edu is reachable. -Fri Dec 22 06:00:04 2023
phys43199.physics.gatech.edu is reachable. -Fri Dec 22 06:30:04 2023
phys43199.physics.gatech.edu is reachable. -Fri Dec 22 07:00:04 2023
phys43199.physics.gatech.edu is reachable. -Fri Dec 22 07:30:04 2023
phys43199.physics.gatech.edu is reachable. -Fri Dec 22 08:00:05 2023
phys43199.physics.gatech.edu is reachable. -Fri Dec 22 08:30:04 2023
phys43199.physics.gatech.edu is reachable. -Fri Dec 22 09:00:04 2023
phys43199.physics.gatech.edu is reachable. -Fri Dec 22 09:30:04 2023
phys43199.physics.gatech.edu is reachable. -Fri Dec 22 19:00:05 2023
phys43199.physics.gatech.edu is reachable. -Fri Dec 22 19:30:04 2023
phys43199.physics.gatech.edu is reachable. -Fri Dec 22 20:00:04 2023
phys43199.physics.gatech.edu is reachable. -Fri Dec 22 20:30:04 2023
phys43199.physics.gatech.edu is reachable. -Fri Dec 22 21:00:04 2023
phys43199.physics.gatech.edu is reachable. -Fri Dec 22 21:30:05 2023
phys43199.physics.gatech.edu is reachable. -Fri Dec 22 22:00:04 2023
phys43199.physics.gatech.edu is reachable. -Fri Dec 22 22:30:04 2023
phys43199.physics.gatech.edu is reachable. -Fri Dec 22 23:00:04 2023
phys43199.physics.gatech.edu is reachable. -Fri Dec 22 23:30:04 2023
phys43199.physics.gatech.edu is reachable. -Sat Dec 23 00:00:05 2023
phys43199.physics.gatech.edu is reachable. -Sat Dec 23 00:30:04 2023
phys43199.physics.gatech.edu is reachable. -Sat Dec 23 01:00:04 2023
phys43199.physics.gatech.edu is reachable. -Sat Dec 23 01:30:04 2023
phys43199.physics.gatech.edu is reachable. -Sat Dec 23 02:00:04 2023
phys43199.physics.gatech.edu is reachable. -Sat Dec 23 02:30:05 2023
phys43199.physics.gatech.edu is reachable. -Sat Dec 23 03:00:04 2023
phys43199.physics.gatech.edu is reachable. -Sat Dec 23 03:30:04 2023
phys43199.physics.gatech.edu is reachable. -Sat Dec 23 04:00:04 2023
phys43199.physics.gatech.edu is reachable. -Sat Dec 23 04:30:04 2023
phys43199.physics.gatech.edu is reachable. -Sat Dec 23 05:00:05 2023
phys43199.physics.gatech.edu is reachable. -Sat Dec 23 05:30:04 2023
phys43199.physics.gatech.edu is reachable. -Sat Dec 23 06:00:04 2023
phys43199.physics.gatech.edu is reachable. -Sat Dec 23 06:30:04 2023
phys43199.physics.gatech.edu is reachable. -Sat Dec 23 07:00:04 2023
phys43199.physics.gatech.edu is reachable. -Sat Dec 23 07:30:05 2023
phys43199.physics.gatech.edu is reachable. -Sat Dec 23 08:00:04 2023
phys43199.physics.gatech.edu is reachable. -Sat Dec 23 08:30:04 2023
phys43199.physics.gatech.edu is reachable. -Sat Dec 23 09:00:04 2023
phys43199.physics.gatech.edu is reachable. -Sat Dec 23 09:30:04 2023
phys43199.physics.gatech.edu is reachable. -Sat Dec 23 19:00:04 2023
phys43199.physics.gatech.edu is reachable. -Sat Dec 23 19:30:04 2023
phys43199.physics.gatech.edu is reachable. -Sat Dec 23 20:00:04 2023
phys43199.physics.gatech.edu is reachable. -Sat Dec 23 20:30:04 2023
phys43199.physics.gatech.edu is reachable. -Sat Dec 23 21:00:05 2023
phys43199.physics.gatech.edu is reachable. -Sat Dec 23 21:30:04 2023
phys43199.physics.gatech.edu is reachable. -Sat Dec 23 22:00:04 2023
phys43199.physics.gatech.edu is reachable. -Sat Dec 23 22:30:04 2023
phys43199.physics.gatech.edu is reachable. -Sat Dec 23 23:00:04 2023
phys43199.physics.gatech.edu is reachable. -Sat Dec 23 23:30:05 2023
phys43199.physics.gatech.edu is reachable. -Sun Dec 24 00:00:04 2023
phys43199.physics.gatech.edu is reachable. -Sun Dec 24 00:30:04 2023
phys43199.physics.gatech.edu is reachable. -Sun Dec 24 01:00:04 2023
phys43199.physics.gatech.edu is reachable. -Sun Dec 24 01:30:04 2023
phys43199.physics.gatech.edu is reachable. -Sun Dec 24 02:00:05 2023
phys43199.physics.gatech.edu is reachable. -Sun Dec 24 02:30:04 2023
phys43199.physics.gatech.edu is reachable. -Sun Dec 24 03:00:04 2023
phys43199.physics.gatech.edu is reachable. -Sun Dec 24 03:30:04 2023
phys43199.physics.gatech.edu is reachable. -Sun Dec 24 04:00:04 2023
phys43199.physics.gatech.edu is reachable. -Sun Dec 24 04:30:05 2023
phys43199.physics.gatech.edu is reachable. -Sun Dec 24 05:00:04 2023
phys43199.physics.gatech.edu is reachable. -Sun Dec 24 05:30:04 2023
phys43199.physics.gatech.edu is reachable. -Sun Dec 24 06:00:04 2023
phys43199.physics.gatech.edu is reachable. -Sun Dec 24 06:30:04 2023
phys43199.physics.gatech.edu is reachable. -Sun Dec 24 07:00:05 2023
phys43199.physics.gatech.edu is reachable. -Sun Dec 24 07:30:04 2023
phys43199.physics.gatech.edu is reachable. -Sun Dec 24 08:00:04 2023
phys43199.physics.gatech.edu is reachable. -Sun Dec 24 08:30:04 2023
phys43199.physics.gatech.edu is reachable. -Sun Dec 24 09:00:04 2023
phys43199.physics.gatech.edu is reachable. -Sun Dec 24 09:30:05 2023
phys43199.physics.gatech.edu is reachable. -Sun Dec 24 19:00:04 2023
phys43199.physics.gatech.edu is reachable. -Sun Dec 24 19:30:04 2023
phys43199.physics.gatech.edu is reachable. -Sun Dec 24 20:00:05 2023
phys43199.physics.gatech.edu is reachable. -Sun Dec 24 20:30:04 2023
phys43199.physics.gatech.edu is reachable. -Sun Dec 24 21:00:04 2023
phys43199.physics.gatech.edu is reachable. -Sun Dec 24 21:30:04 2023
phys43199.physics.gatech.edu is reachable. -Sun Dec 24 22:00:04 2023
phys43199.physics.gatech.edu is reachable. -Sun Dec 24 22:30:05 2023
phys43199.physics.gatech.edu is reachable. -Sun Dec 24 23:00:04 2023
phys43199.physics.gatech.edu is reachable. -Sun Dec 24 23:30:04 2023
phys43199.physics.gatech.edu is reachable. -Mon Dec 25 00:00:04 2023
phys43199.physics.gatech.edu is reachable. -Mon Dec 25 00:30:04 2023
phys43199.physics.gatech.edu is reachable. -Mon Dec 25 01:00:04 2023
phys43199.physics.gatech.edu is reachable. -Mon Dec 25 01:30:04 2023
phys43199.physics.gatech.edu is reachable. -Mon Dec 25 02:00:04 2023
phys43199.physics.gatech.edu is reachable. -Mon Dec 25 02:30:04 2023
phys43199.physics.gatech.edu is reachable. -Mon Dec 25 03:00:04 2023
phys43199.physics.gatech.edu is reachable. -Mon Dec 25 03:30:04 2023
phys43199.physics.gatech.edu is reachable. -Mon Dec 25 04:00:05 2023
phys43199.physics.gatech.edu is reachable. -Mon Dec 25 04:30:04 2023
phys43199.physics.gatech.edu is reachable. -Mon Dec 25 05:00:04 2023
phys43199.physics.gatech.edu is reachable. -Mon Dec 25 05:30:04 2023
phys43199.physics.gatech.edu is reachable. -Mon Dec 25 06:00:04 2023
phys43199.physics.gatech.edu is reachable. -Mon Dec 25 06:30:05 2023
phys43199.physics.gatech.edu is reachable. -Mon Dec 25 07:00:04 2023
phys43199.physics.gatech.edu is reachable. -Mon Dec 25 07:30:04 2023
phys43199.physics.gatech.edu is reachable. -Mon Dec 25 08:00:04 2023
phys43199.physics.gatech.edu is reachable. -Mon Dec 25 08:30:04 2023
phys43199.physics.gatech.edu is reachable. -Mon Dec 25 09:00:05 2023
phys43199.physics.gatech.edu is reachable. -Mon Dec 25 09:30:04 2023
phys43199.physics.gatech.edu is reachable. -Mon Dec 25 19:00:04 2023
phys43199.physics.gatech.edu is reachable. -Mon Dec 25 19:30:05 2023
phys43199.physics.gatech.edu is reachable. -Mon Dec 25 20:00:04 2023
phys43199.physics.gatech.edu is reachable. -Mon Dec 25 20:30:04 2023
phys43199.physics.gatech.edu is reachable. -Mon Dec 25 21:00:04 2023
phys43199.physics.gatech.edu is reachable. -Mon Dec 25 21:30:04 2023
phys43199.physics.gatech.edu is reachable. -Mon Dec 25 22:00:05 2023
phys43199.physics.gatech.edu is reachable. -Mon Dec 25 22:30:04 2023
phys43199.physics.gatech.edu is reachable. -Mon Dec 25 23:00:04 2023
phys43199.physics.gatech.edu is reachable. -Mon Dec 25 23:30:04 2023
phys43199.physics.gatech.edu is reachable. -Tue Dec 26 00:00:05 2023
phys43199.physics.gatech.edu is reachable. -Tue Dec 26 00:30:04 2023
phys43199.physics.gatech.edu is reachable. -Tue Dec 26 01:00:04 2023
phys43199.physics.gatech.edu is reachable. -Tue Dec 26 01:30:04 2023
phys43199.physics.gatech.edu is reachable. -Tue Dec 26 02:00:04 2023
phys43199.physics.gatech.edu is reachable. -Tue Dec 26 02:30:05 2023
phys43199.physics.gatech.edu is reachable. -Tue Dec 26 03:00:04 2023
phys43199.physics.gatech.edu is reachable. -Tue Dec 26 03:30:04 2023
phys43199.physics.gatech.edu is reachable. -Tue Dec 26 04:00:04 2023
phys43199.physics.gatech.edu is reachable. -Tue Dec 26 04:30:04 2023
phys43199.physics.gatech.edu is reachable. -Tue Dec 26 05:00:05 2023
phys43199.physics.gatech.edu is reachable. -Tue Dec 26 05:30:04 2023
phys43199.physics.gatech.edu is reachable. -Tue Dec 26 06:00:04 2023
phys43199.physics.gatech.edu is reachable. -Tue Dec 26 06:30:04 2023
phys43199.physics.gatech.edu is reachable. -Tue Dec 26 07:00:04 2023
phys43199.physics.gatech.edu is reachable. -Tue Dec 26 07:30:05 2023
phys43199.physics.gatech.edu is reachable. -Tue Dec 26 08:00:04 2023
phys43199.physics.gatech.edu is reachable. -Tue Dec 26 08:30:04 2023
phys43199.physics.gatech.edu is reachable. -Tue Dec 26 09:00:04 2023
phys43199.physics.gatech.edu is reachable. -Tue Dec 26 09:30:04 2023
phys43199.physics.gatech.edu is reachable. -Tue Dec 26 19:00:04 2023
phys43199.physics.gatech.edu is reachable. -Tue Dec 26 19:30:04 2023
phys43199.physics.gatech.edu is reachable. -Tue Dec 26 20:00:04 2023
phys43199.physics.gatech.edu is reachable. -Tue Dec 26 20:30:05 2023
phys43199.physics.gatech.edu is reachable. -Tue Dec 26 21:00:04 2023
phys43199.physics.gatech.edu is reachable. -Tue Dec 26 21:30:04 2023
phys43199.physics.gatech.edu is reachable. -Tue Dec 26 22:00:04 2023
phys43199.physics.gatech.edu is reachable. -Tue Dec 26 22:30:04 2023
phys43199.physics.gatech.edu is reachable. -Tue Dec 26 23:00:05 2023
phys43199.physics.gatech.edu is reachable. -Tue Dec 26 23:30:04 2023
phys43199.physics.gatech.edu is reachable. -Wed Dec 27 00:00:04 2023
phys43199.physics.gatech.edu is reachable. -Wed Dec 27 00:30:04 2023
phys43199.physics.gatech.edu is reachable. -Wed Dec 27 01:00:04 2023
phys43199.physics.gatech.edu is reachable. -Wed Dec 27 01:30:05 2023
phys43199.physics.gatech.edu is reachable. -Wed Dec 27 02:00:04 2023
phys43199.physics.gatech.edu is reachable. -Wed Dec 27 02:30:04 2023
phys43199.physics.gatech.edu is reachable. -Wed Dec 27 03:00:04 2023
phys43199.physics.gatech.edu is reachable. -Wed Dec 27 03:30:04 2023
phys43199.physics.gatech.edu is reachable. -Wed Dec 27 04:00:04 2023
phys43199.physics.gatech.edu is reachable. -Wed Dec 27 04:30:04 2023
phys43199.physics.gatech.edu is reachable. -Wed Dec 27 05:00:04 2023
phys43199.physics.gatech.edu is reachable. -Wed Dec 27 05:30:04 2023
phys43199.physics.gatech.edu is reachable. -Wed Dec 27 06:00:04 2023
phys43199.physics.gatech.edu is reachable. -Wed Dec 27 06:30:04 2023
phys43199.physics.gatech.edu is reachable. -Wed Dec 27 07:00:04 2023
phys43199.physics.gatech.edu is reachable. -Wed Dec 27 07:30:04 2023
phys43199.physics.gatech.edu is reachable. -Wed Dec 27 08:00:04 2023
phys43199.physics.gatech.edu is reachable. -Wed Dec 27 08:30:04 2023
phys43199.physics.gatech.edu is reachable. -Wed Dec 27 09:00:04 2023
phys43199.physics.gatech.edu is reachable. -Wed Dec 27 09:30:04 2023
phys43199.physics.gatech.edu is reachable. -Wed Dec 27 19:00:04 2023
phys43199.physics.gatech.edu is reachable. -Wed Dec 27 19:30:04 2023
phys43199.physics.gatech.edu is reachable. -Wed Dec 27 20:00:05 2023
phys43199.physics.gatech.edu is reachable. -Wed Dec 27 20:30:04 2023
phys43199.physics.gatech.edu is reachable. -Wed Dec 27 21:00:04 2023
phys43199.physics.gatech.edu is reachable. -Wed Dec 27 21:30:04 2023
phys43199.physics.gatech.edu is reachable. -Wed Dec 27 22:00:04 2023
phys43199.physics.gatech.edu is reachable. -Wed Dec 27 22:30:05 2023
phys43199.physics.gatech.edu is reachable. -Wed Dec 27 23:00:04 2023
phys43199.physics.gatech.edu is reachable. -Wed Dec 27 23:30:04 2023
phys43199.physics.gatech.edu is reachable. -Thu Dec 28 00:00:04 2023
phys43199.physics.gatech.edu is reachable. -Thu Dec 28 00:30:04 2023
phys43199.physics.gatech.edu is reachable. -Thu Dec 28 01:00:05 2023
phys43199.physics.gatech.edu is reachable. -Thu Dec 28 01:30:04 2023
phys43199.physics.gatech.edu is reachable. -Thu Dec 28 02:00:04 2023
phys43199.physics.gatech.edu is reachable. -Thu Dec 28 02:30:04 2023
phys43199.physics.gatech.edu is reachable. -Thu Dec 28 03:00:04 2023
phys43199.physics.gatech.edu is reachable. -Thu Dec 28 03:30:05 2023
phys43199.physics.gatech.edu is reachable. -Thu Dec 28 04:00:04 2023
phys43199.physics.gatech.edu is reachable. -Thu Dec 28 04:30:04 2023
phys43199.physics.gatech.edu is reachable. -Thu Dec 28 05:00:04 2023
phys43199.physics.gatech.edu is reachable. -Thu Dec 28 05:30:04 2023
phys43199.physics.gatech.edu is reachable. -Thu Dec 28 06:00:04 2023
phys43199.physics.gatech.edu is reachable. -Thu Dec 28 06:30:04 2023
phys43199.physics.gatech.edu is reachable. -Thu Dec 28 07:00:04 2023
phys43199.physics.gatech.edu is reachable. -Thu Dec 28 07:30:04 2023
phys43199.physics.gatech.edu is reachable. -Thu Dec 28 08:00:04 2023
phys43199.physics.gatech.edu is reachable. -Thu Dec 28 08:30:04 2023
phys43199.physics.gatech.edu is reachable. -Thu Dec 28 09:00:04 2023
phys43199.physics.gatech.edu is reachable. -Thu Dec 28 09:30:04 2023
phys43199.physics.gatech.edu is reachable. -Thu Dec 28 19:00:04 2023
phys43199.physics.gatech.edu is reachable. -Thu Dec 28 19:30:05 2023
phys43199.physics.gatech.edu is reachable. -Thu Dec 28 20:00:04 2023
phys43199.physics.gatech.edu is reachable. -Thu Dec 28 20:30:04 2023
phys43199.physics.gatech.edu is reachable. -Thu Dec 28 21:00:04 2023
phys43199.physics.gatech.edu is reachable. -Thu Dec 28 21:30:04 2023
phys43199.physics.gatech.edu is reachable. -Thu Dec 28 22:00:05 2023
phys43199.physics.gatech.edu is reachable. -Thu Dec 28 22:30:04 2023
phys43199.physics.gatech.edu is reachable. -Thu Dec 28 23:00:04 2023
phys43199.physics.gatech.edu is reachable. -Thu Dec 28 23:30:04 2023
phys43199.physics.gatech.edu is reachable. -Fri Dec 29 00:00:04 2023
phys43199.physics.gatech.edu is reachable. -Fri Dec 29 00:30:05 2023
phys43199.physics.gatech.edu is reachable. -Fri Dec 29 01:00:04 2023
phys43199.physics.gatech.edu is reachable. -Fri Dec 29 01:30:04 2023
phys43199.physics.gatech.edu is reachable. -Fri Dec 29 02:00:04 2023
phys43199.physics.gatech.edu is reachable. -Fri Dec 29 02:30:04 2023
phys43199.physics.gatech.edu is reachable. -Fri Dec 29 03:00:04 2023
phys43199.physics.gatech.edu is reachable. -Fri Dec 29 03:30:05 2023
phys43199.physics.gatech.edu is reachable. -Fri Dec 29 04:00:04 2023
phys43199.physics.gatech.edu is reachable. -Fri Dec 29 04:30:04 2023
phys43199.physics.gatech.edu is reachable. -Fri Dec 29 05:00:04 2023
phys43199.physics.gatech.edu is reachable. -Fri Dec 29 05:30:04 2023
phys43199.physics.gatech.edu is reachable. -Fri Dec 29 06:00:04 2023
phys43199.physics.gatech.edu is reachable. -Fri Dec 29 06:30:04 2023
phys43199.physics.gatech.edu is reachable. -Fri Dec 29 07:00:04 2023
phys43199.physics.gatech.edu is reachable. -Fri Dec 29 07:30:04 2023
phys43199.physics.gatech.edu is reachable. -Fri Dec 29 08:00:04 2023
phys43199.physics.gatech.edu is reachable. -Fri Dec 29 08:30:05 2023
phys43199.physics.gatech.edu is reachable. -Fri Dec 29 09:00:04 2023
phys43199.physics.gatech.edu is reachable. -Fri Dec 29 09:30:04 2023
phys43199.physics.gatech.edu is reachable. -Fri Dec 29 19:00:04 2023
phys43199.physics.gatech.edu is reachable. -Fri Dec 29 19:30:05 2023
phys43199.physics.gatech.edu is reachable. -Fri Dec 29 20:00:04 2023
phys43199.physics.gatech.edu is reachable. -Fri Dec 29 20:30:04 2023
phys43199.physics.gatech.edu is reachable. -Fri Dec 29 21:00:04 2023
phys43199.physics.gatech.edu is reachable. -Fri Dec 29 21:30:04 2023
phys43199.physics.gatech.edu is reachable. -Fri Dec 29 22:00:05 2023
phys43199.physics.gatech.edu is reachable. -Fri Dec 29 22:30:04 2023
phys43199.physics.gatech.edu is reachable. -Fri Dec 29 23:00:04 2023
phys43199.physics.gatech.edu is reachable. -Fri Dec 29 23:30:04 2023
phys43199.physics.gatech.edu is reachable. -Sat Dec 30 00:00:04 2023
phys43199.physics.gatech.edu is reachable. -Sat Dec 30 00:30:05 2023
phys43199.physics.gatech.edu is reachable. -Sat Dec 30 01:00:04 2023
phys43199.physics.gatech.edu is reachable. -Sat Dec 30 01:30:04 2023
phys43199.physics.gatech.edu is reachable. -Sat Dec 30 02:00:04 2023
phys43199.physics.gatech.edu is reachable. -Sat Dec 30 02:30:04 2023
phys43199.physics.gatech.edu is reachable. -Sat Dec 30 03:00:04 2023
phys43199.physics.gatech.edu is reachable. -Sat Dec 30 03:30:04 2023
phys43199.physics.gatech.edu is reachable. -Sat Dec 30 04:00:04 2023
phys43199.physics.gatech.edu is reachable. -Sat Dec 30 04:30:04 2023
phys43199.physics.gatech.edu is reachable. -Sat Dec 30 05:00:05 2023
phys43199.physics.gatech.edu is reachable. -Sat Dec 30 05:30:04 2023
phys43199.physics.gatech.edu is reachable. -Sat Dec 30 06:00:04 2023
phys43199.physics.gatech.edu is reachable. -Sat Dec 30 06:30:04 2023
phys43199.physics.gatech.edu is reachable. -Sat Dec 30 07:00:04 2023
phys43199.physics.gatech.edu is reachable. -Sat Dec 30 07:30:04 2023
phys43199.physics.gatech.edu is reachable. -Sat Dec 30 08:00:04 2023
phys43199.physics.gatech.edu is reachable. -Sat Dec 30 08:30:04 2023
phys43199.physics.gatech.edu is reachable. -Sat Dec 30 09:00:04 2023
phys43199.physics.gatech.edu is reachable. -Sat Dec 30 09:30:04 2023
phys43199.physics.gatech.edu is reachable. -Sat Dec 30 19:00:04 2023
phys43199.physics.gatech.edu is reachable. -Sat Dec 30 19:30:04 2023
phys43199.physics.gatech.edu is reachable. -Sat Dec 30 20:00:04 2023
phys43199.physics.gatech.edu is reachable. -Sat Dec 30 20:30:04 2023
phys43199.physics.gatech.edu is reachable. -Sat Dec 30 21:00:04 2023
phys43199.physics.gatech.edu is reachable. -Sat Dec 30 21:30:04 2023
phys43199.physics.gatech.edu is reachable. -Sat Dec 30 22:00:05 2023
phys43199.physics.gatech.edu is reachable. -Sat Dec 30 22:30:04 2023
phys43199.physics.gatech.edu is reachable. -Sat Dec 30 23:00:04 2023
phys43199.physics.gatech.edu is reachable. -Sat Dec 30 23:30:04 2023
phys43199.physics.gatech.edu is reachable. -Sun Dec 31 00:00:04 2023
phys43199.physics.gatech.edu is reachable. -Sun Dec 31 00:30:05 2023
phys43199.physics.gatech.edu is reachable. -Sun Dec 31 01:00:04 2023
phys43199.physics.gatech.edu is reachable. -Sun Dec 31 01:30:04 2023
phys43199.physics.gatech.edu is reachable. -Sun Dec 31 02:00:04 2023
phys43199.physics.gatech.edu is reachable. -Sun Dec 31 02:30:04 2023
phys43199.physics.gatech.edu is reachable. -Sun Dec 31 03:00:05 2023
phys43199.physics.gatech.edu is reachable. -Sun Dec 31 03:30:04 2023
phys43199.physics.gatech.edu is reachable. -Sun Dec 31 04:00:04 2023
phys43199.physics.gatech.edu is reachable. -Sun Dec 31 04:30:04 2023
phys43199.physics.gatech.edu is reachable. -Sun Dec 31 05:00:04 2023
phys43199.physics.gatech.edu is reachable. -Sun Dec 31 05:30:05 2023
phys43199.physics.gatech.edu is reachable. -Sun Dec 31 06:00:04 2023
phys43199.physics.gatech.edu is reachable. -Sun Dec 31 06:30:04 2023
phys43199.physics.gatech.edu is reachable. -Sun Dec 31 07:00:04 2023
phys43199.physics.gatech.edu is reachable. -Sun Dec 31 07:30:04 2023
phys43199.physics.gatech.edu is reachable. -Sun Dec 31 08:00:05 2023
phys43199.physics.gatech.edu is reachable. -Sun Dec 31 08:30:04 2023
phys43199.physics.gatech.edu is reachable. -Sun Dec 31 09:00:04 2023
phys43199.physics.gatech.edu is reachable. -Sun Dec 31 09:30:04 2023
phys43199.physics.gatech.edu is reachable. -Sun Dec 31 19:00:04 2023
phys43199.physics.gatech.edu is reachable. -Sun Dec 31 19:30:04 2023
phys43199.physics.gatech.edu is reachable. -Sun Dec 31 20:00:04 2023
phys43199.physics.gatech.edu is reachable. -Sun Dec 31 20:30:04 2023
phys43199.physics.gatech.edu is reachable. -Sun Dec 31 21:00:05 2023
phys43199.physics.gatech.edu is reachable. -Sun Dec 31 21:30:04 2023
phys43199.physics.gatech.edu is reachable. -Sun Dec 31 22:00:04 2023
phys43199.physics.gatech.edu is reachable. -Sun Dec 31 22:30:04 2023
phys43199.physics.gatech.edu is reachable. -Sun Dec 31 23:00:04 2023
phys43199.physics.gatech.edu is reachable. -Sun Dec 31 23:30:04 2023
phys43199.physics.gatech.edu is reachable. -Mon Jan  1 00:00:04 2024
phys43199.physics.gatech.edu is reachable. -Mon Jan  1 00:30:04 2024
phys43199.physics.gatech.edu is reachable. -Mon Jan  1 01:00:04 2024
phys43199.physics.gatech.edu is reachable. -Mon Jan  1 01:30:04 2024
phys43199.physics.gatech.edu is reachable. -Mon Jan  1 02:00:04 2024
phys43199.physics.gatech.edu is reachable. -Mon Jan  1 02:30:05 2024
phys43199.physics.gatech.edu is reachable. -Mon Jan  1 03:00:04 2024
phys43199.physics.gatech.edu is reachable. -Mon Jan  1 03:30:04 2024
phys43199.physics.gatech.edu is reachable. -Mon Jan  1 04:00:04 2024
phys43199.physics.gatech.edu is reachable. -Mon Jan  1 04:30:04 2024
phys43199.physics.gatech.edu is reachable. -Mon Jan  1 05:00:05 2024
phys43199.physics.gatech.edu is reachable. -Mon Jan  1 05:30:04 2024
phys43199.physics.gatech.edu is reachable. -Mon Jan  1 06:00:04 2024
phys43199.physics.gatech.edu is reachable. -Mon Jan  1 06:30:04 2024
phys43199.physics.gatech.edu is reachable. -Mon Jan  1 07:00:04 2024
phys43199.physics.gatech.edu is reachable. -Mon Jan  1 07:30:05 2024
phys43199.physics.gatech.edu is reachable. -Mon Jan  1 08:00:04 2024
phys43199.physics.gatech.edu is reachable. -Mon Jan  1 08:30:04 2024
phys43199.physics.gatech.edu is reachable. -Mon Jan  1 09:00:04 2024
phys43199.physics.gatech.edu is reachable. -Mon Jan  1 09:30:04 2024
phys43199.physics.gatech.edu is reachable. -Mon Jan  1 19:00:04 2024
phys43199.physics.gatech.edu is reachable. -Mon Jan  1 19:30:04 2024
phys43199.physics.gatech.edu is reachable. -Mon Jan  1 20:00:04 2024
phys43199.physics.gatech.edu is reachable. -Mon Jan  1 20:30:05 2024
phys43199.physics.gatech.edu is reachable. -Mon Jan  1 21:00:04 2024
phys43199.physics.gatech.edu is reachable. -Mon Jan  1 21:30:04 2024
phys43199.physics.gatech.edu is reachable. -Mon Jan  1 22:00:04 2024
phys43199.physics.gatech.edu is reachable. -Mon Jan  1 22:30:04 2024
phys43199.physics.gatech.edu is reachable. -Mon Jan  1 23:00:05 2024
phys43199.physics.gatech.edu is reachable. -Mon Jan  1 23:30:04 2024
phys43199.physics.gatech.edu is reachable. -Tue Jan  2 00:00:04 2024
phys43199.physics.gatech.edu is reachable. -Tue Jan  2 00:30:04 2024
phys43199.physics.gatech.edu is reachable. -Tue Jan  2 01:00:04 2024
phys43199.physics.gatech.edu is reachable. -Tue Jan  2 01:30:05 2024
phys43199.physics.gatech.edu is reachable. -Tue Jan  2 02:00:04 2024
phys43199.physics.gatech.edu is reachable. -Tue Jan  2 02:30:04 2024
phys43199.physics.gatech.edu is reachable. -Tue Jan  2 03:00:04 2024
phys43199.physics.gatech.edu is reachable. -Tue Jan  2 03:30:04 2024
phys43199.physics.gatech.edu is reachable. -Tue Jan  2 04:00:05 2024
phys43199.physics.gatech.edu is reachable. -Tue Jan  2 04:30:04 2024
phys43199.physics.gatech.edu is reachable. -Tue Jan  2 05:00:04 2024
phys43199.physics.gatech.edu is reachable. -Tue Jan  2 05:30:05 2024
phys43199.physics.gatech.edu is reachable. -Tue Jan  2 06:00:04 2024
phys43199.physics.gatech.edu is reachable. -Tue Jan  2 06:30:04 2024
phys43199.physics.gatech.edu is reachable. -Tue Jan  2 07:00:04 2024
phys43199.physics.gatech.edu is reachable. -Tue Jan  2 07:30:04 2024
phys43199.physics.gatech.edu is reachable. -Tue Jan  2 08:00:05 2024
phys43199.physics.gatech.edu is reachable. -Tue Jan  2 08:30:04 2024
phys43199.physics.gatech.edu is reachable. -Tue Jan  2 09:00:04 2024
phys43199.physics.gatech.edu is reachable. -Tue Jan  2 09:30:04 2024
phys43199.physics.gatech.edu is reachable. -Fri Mar  1 21:41:48 2024
