Available Storage: 74%Tue Jan  2 17:52:56 2024
Available Storage: 74% Tue Jan  2 17:55:29 2024
Used Storage: 74% Tue Jan  2 18:04:42 2024
Used Storage: 74% Tue Jan  2 18:05:26 2024
successfully sent the mailTue Jan  2 18:05:33 2024
Used Storage: 74% Tue Jan  2 18:08:15 2024
successfully sent the mail Tue Jan  2 18:08:16 2024
Used Storage: 74% Tue Jan  2 18:09:18 2024
successfully sent the mail Tue Jan  2 18:09:19 2024
Used Storage: 74% Tue Jan  2 18:09:31 2024
successfully sent the mail Tue Jan  2 18:09:33 2024
Used Storage: 74 Tue Jan  2 18:10:53 2024
successfully sent the mail Tue Jan  2 18:10:55 2024
Used Storage: 74% Tue Jan  2 18:12:19 2024
Successfully sent email Tue Jan  2 18:12:20 2024
Used Storage: 59% Fri Mar  1 21:41:13 2024
Used Storage: 59% Sat Mar  2 12:00:01 2024
Used Storage: 59% Sun Mar  3 12:00:02 2024
Used Storage: 60% Mon Mar  4 12:00:01 2024
Used Storage: 60% Tue Mar  5 12:00:01 2024
Used Storage: 60% Wed Mar  6 12:00:01 2024
Used Storage: 60% Thu Mar  7 12:00:01 2024
Used Storage: 60% Fri Mar  8 12:00:01 2024
Used Storage: 60% Sat Mar  9 12:00:01 2024
Used Storage: 61% Sun Mar 10 12:00:01 2024
Used Storage: 70% Mon Mar 11 12:00:01 2024
Used Storage: 72% Tue Mar 12 12:00:01 2024
Used Storage: 72% Wed Mar 13 12:00:01 2024
Used Storage: 72% Thu Mar 14 12:00:01 2024
Used Storage: 72% Fri Mar 15 12:00:01 2024
Used Storage: 73% Sat Mar 16 12:00:02 2024
Used Storage: 73% Sun Mar 17 12:00:01 2024
Used Storage: 73% Mon Mar 18 12:00:01 2024
Used Storage: 73% Tue Mar 19 12:00:01 2024
Used Storage: 74% Wed Mar 20 12:00:01 2024
Used Storage: 74% Thu Mar 21 12:00:01 2024
Used Storage: 74% Fri Mar 22 12:00:01 2024
Used Storage: 76% Sat Mar 23 12:00:01 2024
Used Storage: 76% Sun Mar 24 12:00:01 2024
Used Storage: 76% Mon Mar 25 12:00:01 2024
Used Storage: 80% Tue Mar 26 12:00:01 2024
Used Storage: 81% Wed Mar 27 12:00:01 2024
Successfully sent email Wed Mar 27 12:00:08 2024
Used Storage: 81% Thu Mar 28 12:00:02 2024
Successfully sent email Thu Mar 28 12:00:09 2024
Used Storage: 81% Fri Mar 29 12:00:01 2024
Successfully sent email Fri Mar 29 12:00:09 2024
Used Storage: 81% Sat Mar 30 12:00:01 2024
Successfully sent email Sat Mar 30 12:00:08 2024
Used Storage: 81% Sun Mar 31 12:00:01 2024
Successfully sent email Sun Mar 31 12:00:08 2024
Used Storage: 81% Mon Apr  1 12:00:01 2024
Successfully sent email Mon Apr  1 12:00:08 2024
Used Storage: 81% Tue Apr  2 12:00:01 2024
Successfully sent email Tue Apr  2 12:00:08 2024
Used Storage: 40% Wed Apr  3 12:00:01 2024
Used Storage: 40% Thu Apr  4 12:00:01 2024
Used Storage: 40% Fri Apr  5 12:00:01 2024
Used Storage: 40% Sat Apr  6 12:00:01 2024
Used Storage: 40% Sun Apr  7 12:00:01 2024
Used Storage: 41% Mon Apr  8 12:00:01 2024
Used Storage: 45% Tue Apr  9 12:00:01 2024
Used Storage: 48% Wed Apr 10 12:00:01 2024
Used Storage: 51% Thu Apr 11 12:00:01 2024
Used Storage: 51% Fri Apr 12 12:00:02 2024
Used Storage: 52% Sat Apr 13 12:00:02 2024
Used Storage: 53% Sun Apr 14 12:00:01 2024
Used Storage: 53% Mon Apr 15 12:00:01 2024
Used Storage: 54% Tue Apr 16 12:00:01 2024
Used Storage: 54% Wed Apr 17 12:00:01 2024
Used Storage: 55% Thu Apr 18 12:00:01 2024
Used Storage: 55% Fri Apr 19 12:00:01 2024
Used Storage: 55% Sat Apr 20 12:00:01 2024
Used Storage: 55% Sun Apr 21 12:00:01 2024
Used Storage: 55% Mon Apr 22 12:00:01 2024
Used Storage: 55% Tue Apr 23 12:00:02 2024
Used Storage: 55% Wed Apr 24 12:00:01 2024
Used Storage: 55% Thu Apr 25 12:00:01 2024
Used Storage: 55% Fri Apr 26 12:00:01 2024
Used Storage: 55% Sat Apr 27 12:00:01 2024
Used Storage: 55% Sun Apr 28 12:00:01 2024
Used Storage: 59% Mon Apr 29 12:00:01 2024
Used Storage: 61% Tue Apr 30 12:00:02 2024
Used Storage: 63% Wed May  1 12:00:01 2024
Used Storage: 64% Thu May  2 12:00:01 2024
Used Storage: 64% Fri May  3 12:00:01 2024
Used Storage: 64% Fri May  3 18:54:52 2024
Used Storage: 71% Sat May  4 12:00:01 2024
Used Storage: 71% Sun May  5 12:00:02 2024
Used Storage: 72% Mon May  6 12:00:01 2024
Used Storage: 21% Tue May  7 12:00:01 2024
Used Storage: 22% Wed May  8 12:00:01 2024
Used Storage: 22% Thu May  9 12:00:01 2024
Used Storage: 23% Fri May 10 12:00:01 2024
Used Storage: 25% Sat May 11 12:00:01 2024
Used Storage: 26% Sun May 12 12:00:01 2024
Used Storage: 27% Mon May 13 12:00:01 2024
Used Storage: 27% Tue May 14 12:00:01 2024
Used Storage: 27% Wed May 15 12:00:01 2024
Used Storage: 27% Thu May 16 12:00:01 2024
Used Storage: 27% Fri May 17 12:00:01 2024
Used Storage: 28% Sat May 18 12:00:01 2024
Used Storage: 28% Sun May 19 12:00:01 2024
Used Storage: 28% Mon May 20 12:00:01 2024
Used Storage: 45% Tue May 21 12:00:01 2024
Used Storage: 47% Wed May 22 12:00:01 2024
Used Storage: 49% Thu May 23 12:00:01 2024
Used Storage: 50% Fri May 24 12:00:01 2024
Used Storage: 69% Sat May 25 12:00:01 2024
Used Storage: 70% Sun May 26 12:00:01 2024
Used Storage: 70% Mon May 27 12:00:01 2024
Used Storage: 72% Tue May 28 12:00:01 2024
Used Storage: 60% Wed May 29 12:00:01 2024
Used Storage: 69% Thu May 30 12:00:01 2024
Used Storage: 74% Fri May 31 12:00:01 2024
Used Storage: 75% Sat Jun  1 12:00:01 2024
Used Storage: 75% Sun Jun  2 12:00:01 2024
Used Storage: 75% Mon Jun  3 12:00:01 2024
Used Storage: 77% Tue Jun  4 12:00:01 2024
Used Storage: 77% Wed Jun  5 12:00:02 2024
Used Storage: 77% Thu Jun  6 12:00:01 2024
Used Storage: 78% Fri Jun  7 12:00:01 2024
Used Storage: 78% Sat Jun  8 12:00:02 2024
Used Storage: 78% Sun Jun  9 12:00:01 2024
Used Storage: 79% Mon Jun 10 12:00:02 2024
Used Storage: 81% Tue Jun 11 12:00:01 2024
Successfully sent email Tue Jun 11 12:00:10 2024
Used Storage: 19% Wed Jun 12 12:00:01 2024
Used Storage: 19% Thu Jun 13 12:00:01 2024
Used Storage: 19% Fri Jun 14 12:00:01 2024
Used Storage: 19% Sat Jun 15 12:00:02 2024
Used Storage: 19% Sun Jun 16 12:00:01 2024
Used Storage: 19% Mon Jun 17 12:00:02 2024
Used Storage: 19% Tue Jun 18 12:00:01 2024
Used Storage: 19% Wed Jun 19 12:00:01 2024
Used Storage: 19% Thu Jun 20 12:00:01 2024
Used Storage: 20% Fri Jun 21 12:00:01 2024
Used Storage: 20% Sat Jun 22 12:00:02 2024
Used Storage: 20% Sun Jun 23 12:00:01 2024
Used Storage: 20% Mon Jun 24 12:00:01 2024
Used Storage: 20% Tue Jun 25 12:00:01 2024
Used Storage: 20% Wed Jun 26 12:00:01 2024
Used Storage: 20% Thu Jun 27 12:00:01 2024
Used Storage: 21% Fri Jun 28 12:00:01 2024
Used Storage: 21% Sat Jun 29 12:00:01 2024
Used Storage: 21% Sun Jun 30 12:00:01 2024
Used Storage: 21% Mon Jul  1 12:00:02 2024
Used Storage: 21% Tue Jul  2 12:00:01 2024
Used Storage: 21% Wed Jul  3 12:00:01 2024
Used Storage: 21% Thu Jul  4 12:00:01 2024
Used Storage: 21% Fri Jul  5 12:00:01 2024
Used Storage: 21% Sat Jul  6 12:00:01 2024
Used Storage: 23% Sun Jul  7 12:00:02 2024
Used Storage: 23% Mon Jul  8 12:00:01 2024
Used Storage: 23% Tue Jul  9 12:00:01 2024
Used Storage: 25% Wed Jul 10 12:00:01 2024
Used Storage: 26% Thu Jul 11 12:00:01 2024
Used Storage: 26% Fri Jul 12 12:00:01 2024
Used Storage: 28% Sat Jul 13 12:00:01 2024
Used Storage: 29% Sun Jul 14 12:00:01 2024
Used Storage: 29% Mon Jul 15 12:00:01 2024
Used Storage: 30% Tue Jul 16 12:00:01 2024
Used Storage: 31% Wed Jul 17 12:00:01 2024
Used Storage: 32% Thu Jul 18 12:00:01 2024
Used Storage: 32% Fri Jul 19 12:00:01 2024
Used Storage: 32% Sat Jul 20 12:00:01 2024
Used Storage: 32% Sun Jul 21 12:00:01 2024
Used Storage: 32% Mon Jul 22 12:00:01 2024
Used Storage: 32% Tue Jul 23 12:00:01 2024
Used Storage: 32% Wed Jul 24 12:00:01 2024
Used Storage: 32% Thu Jul 25 12:00:01 2024
Used Storage: 32% Fri Jul 26 12:00:01 2024
Used Storage: 32% Sat Jul 27 12:00:01 2024
Used Storage: 32% Sun Jul 28 12:00:01 2024
Used Storage: 32% Mon Jul 29 12:00:01 2024
Used Storage: 41% Tue Jul 30 12:00:01 2024
Used Storage: 45% Wed Jul 31 12:00:01 2024
Used Storage: 48% Thu Aug  1 12:00:01 2024
Used Storage: 53% Fri Aug  2 12:00:01 2024
Used Storage: 53% Sat Aug  3 12:00:01 2024
Used Storage: 55% Sun Aug  4 12:00:01 2024
Used Storage: 56% Mon Aug  5 12:00:01 2024
Used Storage: 25% Tue Aug  6 12:00:01 2024
Used Storage: 27% Wed Aug  7 12:00:01 2024
Used Storage: 31% Thu Aug  8 12:00:01 2024
Used Storage: 32% Fri Aug  9 12:00:01 2024
Used Storage: 34% Sat Aug 10 12:00:01 2024
Used Storage: 35% Sun Aug 11 12:00:01 2024
Used Storage: 35% Mon Aug 12 12:00:01 2024
Used Storage: 35% Tue Aug 13 12:00:01 2024
Used Storage: 37% Wed Aug 14 12:00:01 2024
Used Storage: 45% Thu Aug 15 12:00:01 2024
Used Storage: 46% Fri Aug 16 12:00:01 2024
Used Storage: 46% Sat Aug 17 12:00:01 2024
Used Storage: 46% Sun Aug 18 12:00:01 2024
Used Storage: 46% Mon Aug 19 12:00:02 2024
Used Storage: 47% Tue Aug 20 12:00:01 2024
Used Storage: 47% Wed Aug 21 12:00:01 2024
Used Storage: 48% Thu Aug 22 12:00:01 2024
Used Storage: 52% Fri Aug 23 12:00:01 2024
Used Storage: 52% Sat Aug 24 12:00:01 2024
Used Storage: 53% Sun Aug 25 12:00:01 2024
Used Storage: 57% Mon Aug 26 12:00:01 2024
Used Storage: 62% Tue Aug 27 12:00:01 2024
Used Storage: 71% Wed Aug 28 12:00:01 2024
Used Storage: 82% Thu Aug 29 12:00:01 2024
Successfully sent email Thu Aug 29 12:00:08 2024
Used Storage: 24% Fri Aug 30 12:00:01 2024
Used Storage: 31% Sat Aug 31 12:00:01 2024
Used Storage: 36% Sun Sep  1 12:00:01 2024
Used Storage: 44% Mon Sep  2 12:00:01 2024
Used Storage: 53% Tue Sep  3 12:00:01 2024
Used Storage: 55% Wed Sep  4 12:00:01 2024
Used Storage: 58% Thu Sep  5 12:00:01 2024
Used Storage: 63% Fri Sep  6 12:00:01 2024
Used Storage: 70% Sat Sep  7 12:00:02 2024
Used Storage: 77% Sun Sep  8 12:00:01 2024
Used Storage: 81% Mon Sep  9 12:00:02 2024
Successfully sent email Mon Sep  9 12:00:04 2024
Used Storage: 21% Tue Sep 10 12:00:01 2024
Used Storage: 30% Wed Sep 11 12:00:01 2024
Used Storage: 50% Thu Sep 12 12:00:01 2024
Used Storage: 55% Fri Sep 13 12:00:01 2024
Used Storage: 55% Sat Sep 14 12:00:01 2024
Used Storage: 55% Sun Sep 15 12:00:01 2024
Used Storage: 55% Mon Sep 16 12:00:01 2024
Used Storage: 55% Tue Sep 17 12:00:01 2024
Used Storage: 55% Wed Sep 18 12:00:01 2024
