2024-05-09 19:43:37,998 - INFO - Trimmed Log file
2024-05-09 19:43:40,006 - INFO - Check Graphana to ensure camera is operating.
2024-05-09 19:43:41,371 - INFO - Check Graphana to ensure camera is operating.
2024-05-09 19:43:43,059 - INFO - ------- Starting FlatFielding ------
2024-05-09 19:43:43,059 - INFO - Check Graphana to ensure camera is operating.
2024-05-09 19:43:47,820 - INFO - Check Graphana to ensure camera is operating.
2024-05-09 19:43:49,442 - INFO - Hit "c" to continue or "q" to quit: ...
2024-05-09 19:43:52,760 - INFO - Check Graphana to ensure camera is operating.
2024-05-09 19:43:54,255 - INFO - Check Graphana to ensure camera is operating.
2024-05-09 19:43:55,287 - INFO - Hit "c" to continue or "q" to quit: ...
2024-05-09 19:43:57,023 - INFO - 
FlatFielding terminated by user. 
 Make sure to shut the camera off

2024-05-09 19:44:08,487 - INFO - Trimmed Log file
2024-05-09 19:44:09,706 - INFO - ------- Starting FlatFielding ------
2024-05-09 19:44:09,706 - INFO - Check Graphana to ensure camera is operating.
2024-05-09 19:44:11,407 - INFO - Check Graphana to ensure camera is operating.
2024-05-09 19:44:12,011 - INFO - Hit "c" to continue or "q" to quit: ...
2024-05-09 19:44:13,495 - INFO - 
FlatFielding terminated by user. 
 Make sure to shut the camera off

2024-05-09 19:44:15,701 - INFO - Trimmed Log file
2024-05-09 19:44:20,385 - INFO - Trimmed Log file
2024-05-09 19:44:21,342 - INFO - ------- Starting FlatFielding ------
2024-05-09 19:44:21,342 - INFO - Check Graphana to ensure camera is operating.
2024-05-09 19:44:22,399 - INFO - 
FlatFielding terminated by user. 
 Make sure to shut the camera off

2024-05-09 19:44:22,399 - INFO - 
FlatFielding terminated by user. 
 Make sure to shut the camera off

2024-05-09 19:44:59,515 - INFO - Trimmed Log file
2024-05-09 19:45:00,819 - INFO - Check Graphana to ensure camera is operating.
2024-05-09 19:45:02,150 - INFO - Check Graphana to ensure camera is operating.
2024-05-09 19:45:03,238 - INFO - ------- Starting FlatFielding ------
2024-05-09 19:45:03,238 - INFO - Check Graphana to ensure camera is operating.
2024-05-09 19:45:04,290 - INFO - Check Graphana to ensure camera is operating.
2024-05-09 19:45:04,977 - INFO - Hit "c" to continue or "q" to quit: ...
2024-05-09 19:45:07,179 - INFO - Check Graphana to ensure camera is operating.
2024-05-09 19:45:08,491 - INFO - Check Graphana to ensure camera is operating.
2024-05-09 19:45:09,319 - INFO - Hit "c" to continue or "q" to quit: ...
2024-05-09 19:45:10,796 - INFO - 
FlatFielding terminated by user. 
 Make sure to shut the camera off

