20240605_04:56:51.508927 MAGNA < b'*CLS\r\n'
20240605_04:56:51.509124 MAGNA < b'*IDN?\r\n'
20240605_04:56:51.561722 MAGNA > b'Magna-Power Electronics Inc., SL32-46, S/N:1164-6260, F/W:9.0\r\n'
20240605_04:56:51.561959 serial_number = b'1164-6260'
20240605_04:56:51.562109 MAGNA < b'OUTP:STOP\r\n'
20240605_04:56:51.562295 MAGNA < b'OUTP:STAT?\r\n'
20240605_04:56:51.583384 MAGNA > b'0\r\n'
20240605_04:56:51.583605 output_state = False
20240605_05:14:38.613019 MAGNA < b'*CLS\r\n'
20240605_05:14:38.613411 MAGNA < b'*IDN?\r\n'
20240605_05:14:38.666388 MAGNA > b'Magna-Power Electronics Inc., SL32-46, S/N:1164-6260, F/W:9.0\r\n'
20240605_05:14:38.666645 serial_number = b'1164-6260'
20240605_05:14:38.666799 MAGNA < b'OUTP:STOP\r\n'
20240605_05:14:38.667049 MAGNA < b'OUTP:STAT?\r\n'
20240605_05:14:38.689759 MAGNA > b'0\r\n'
20240605_05:14:38.689977 output_state = False
20240605_06:18:50.764701 MAGNA < b'*CLS\r\n'
20240605_06:18:50.765042 MAGNA < b'*IDN?\r\n'
20240605_06:18:50.817746 MAGNA > b'Magna-Power Electronics Inc., SL32-46, S/N:1164-6260, F/W:9.0\r\n'
20240605_06:18:50.817991 serial_number = b'1164-6260'
20240605_06:18:50.818148 MAGNA < b'OUTP:STOP\r\n'
20240605_06:18:50.818362 MAGNA < b'OUTP:STAT?\r\n'
20240605_06:18:50.840725 MAGNA > b'0\r\n'
20240605_06:18:50.840950 output_state = False
20240605_06:57:02.120524 MAGNA < b'*CLS\r\n'
20240605_06:57:02.120870 MAGNA < b'*IDN?\r\n'
20240605_06:57:02.173651 MAGNA > b'Magna-Power Electronics Inc., SL32-46, S/N:1164-6260, F/W:9.0\r\n'
20240605_06:57:02.173888 serial_number = b'1164-6260'
20240605_06:57:02.174042 MAGNA < b'OUTP:STOP\r\n'
20240605_06:57:02.174237 MAGNA < b'OUTP:STAT?\r\n'
20240605_06:57:02.196995 MAGNA > b'0\r\n'
20240605_06:57:02.197213 output_state = False
20240605_07:18:59.454996 MAGNA < b'*CLS\r\n'
20240605_07:18:59.455419 MAGNA < b'*IDN?\r\n'
20240605_07:18:59.508416 MAGNA > b'Magna-Power Electronics Inc., SL32-46, S/N:1164-6260, F/W:9.0\r\n'
20240605_07:18:59.508658 serial_number = b'1164-6260'
20240605_07:18:59.508814 MAGNA < b'OUTP:STOP\r\n'
20240605_07:18:59.509009 MAGNA < b'OUTP:STAT?\r\n'
20240605_07:18:59.531389 MAGNA > b'0\r\n'
20240605_07:18:59.531611 output_state = False
20240605_07:30:45.660110 MAGNA < b'*CLS\r\n'
20240605_07:30:45.660464 MAGNA < b'*IDN?\r\n'
20240605_07:30:45.714265 MAGNA > b'Magna-Power Electronics Inc., SL32-46, S/N:1164-6260, F/W:9.0\r\n'
20240605_07:30:45.714507 serial_number = b'1164-6260'
20240605_07:30:45.714659 MAGNA < b'OUTP:STOP\r\n'
20240605_07:30:45.714855 MAGNA < b'OUTP:STAT?\r\n'
20240605_07:30:45.737131 MAGNA > b'0\r\n'
20240605_07:30:45.737355 output_state = False
20240605_07:53:17.040437 MAGNA < b'*CLS\r\n'
20240605_07:53:17.040825 MAGNA < b'*IDN?\r\n'
20240605_07:53:17.092427 MAGNA > b'Magna-Power Electronics Inc., SL32-46, S/N:1164-6260, F/W:9.0\r\n'
20240605_07:53:17.092665 serial_number = b'1164-6260'
20240605_07:53:17.092819 MAGNA < b'OUTP:STOP\r\n'
20240605_07:53:17.093073 MAGNA < b'OUTP:STAT?\r\n'
20240605_07:53:17.114537 MAGNA > b'0\r\n'
20240605_07:53:17.114758 output_state = False
20240607_04:50:37.985548 MAGNA < b'*CLS\r\n'
20240607_04:50:37.985889 MAGNA < b'*IDN?\r\n'
20240607_04:50:38.037481 MAGNA > b'Magna-Power Electronics Inc., SL32-46, S/N:1164-6260, F/W:9.0\r\n'
20240607_04:50:38.037718 serial_number = b'1164-6260'
20240607_04:50:38.037871 MAGNA < b'OUTP:STOP\r\n'
20240607_04:50:38.038121 MAGNA < b'OUTP:STAT?\r\n'
20240607_04:50:38.059464 MAGNA > b'0\r\n'
20240607_04:50:38.059681 output_state = False
20240607_05:15:25.805642 MAGNA < b'*CLS\r\n'
20240607_05:15:25.805979 MAGNA < b'*IDN?\r\n'
20240607_05:15:25.857534 MAGNA > b'Magna-Power Electronics Inc., SL32-46, S/N:1164-6260, F/W:9.0\r\n'
20240607_05:15:25.857770 serial_number = b'1164-6260'
20240607_05:15:25.857919 MAGNA < b'OUTP:STOP\r\n'
20240607_05:15:25.858105 MAGNA < b'OUTP:STAT?\r\n'
20240607_05:15:25.880300 MAGNA > b'0\r\n'
20240607_05:15:25.880516 output_state = False
20240607_06:45:51.885911 MAGNA < b'*CLS\r\n'
20240607_06:45:51.886230 MAGNA < b'*IDN?\r\n'
20240607_06:45:51.939105 MAGNA > b'Magna-Power Electronics Inc., SL32-46, S/N:1164-6260, F/W:9.0\r\n'
20240607_06:45:51.939368 serial_number = b'1164-6260'
20240607_06:45:51.939526 MAGNA < b'OUTP:STOP\r\n'
20240607_06:45:51.939724 MAGNA < b'OUTP:STAT?\r\n'
20240607_06:45:51.964681 MAGNA > b'0\r\n'
20240607_06:45:51.964904 output_state = False
20240618_04:26:56.043222 MAGNA < b'*CLS\r\n'
20240618_04:26:56.043631 MAGNA < b'*IDN?\r\n'
20240618_04:26:56.096108 MAGNA > b'Magna-Power Electronics Inc., SL32-46, S/N:1164-6260, F/W:9.0\r\n'
20240618_04:26:56.096352 serial_number = b'1164-6260'
20240618_04:26:56.096506 MAGNA < b'OUTP:STOP\r\n'
20240618_04:26:56.096694 MAGNA < b'OUTP:STAT?\r\n'
20240618_04:26:56.119458 MAGNA > b'0\r\n'
20240618_04:26:56.119680 output_state = False
20240619_05:07:57.120350 MAGNA < b'*CLS\r\n'
20240619_05:07:57.120734 MAGNA < b'*IDN?\r\n'
20240619_05:07:57.173752 MAGNA > b'Magna-Power Electronics Inc., SL32-46, S/N:1164-6260, F/W:9.0\r\n'
20240619_05:07:57.173994 serial_number = b'1164-6260'
20240619_05:07:57.174146 MAGNA < b'OUTP:STOP\r\n'
20240619_05:07:57.174338 MAGNA < b'OUTP:STAT?\r\n'
20240619_05:07:57.195906 MAGNA > b'0\r\n'
20240619_05:07:57.196130 output_state = False
20240619_05:48:31.591019 MAGNA < b'*CLS\r\n'
20240619_05:48:31.591322 MAGNA < b'*IDN?\r\n'
20240619_05:48:31.645198 MAGNA > b'Magna-Power Electronics Inc., SL32-46, S/N:1164-6260, F/W:9.0\r\n'
20240619_05:48:31.645439 serial_number = b'1164-6260'
20240619_05:48:31.645592 MAGNA < b'OUTP:STOP\r\n'
20240619_05:48:31.645785 MAGNA < b'OUTP:STAT?\r\n'
20240619_05:48:31.667198 MAGNA > b'0\r\n'
20240619_05:48:31.667422 output_state = False
