20240524_01:48:42.227359 MAGNA < b'*CLS\r\n'
20240524_01:48:42.227601 MAGNA < b'*IDN?\r\n'
20240524_01:48:42.282004 MAGNA > b'Magna-Power Electronics Inc., SL32-46, S/N:1164-6260, F/W:9.0\r\n'
20240524_01:48:42.282250 serial_number = b'1164-6260'
20240524_01:48:42.282413 MAGNA < b'CONF:SETPT 0\r\n'
20240524_01:48:42.282603 MAGNA < b'CONF:SETPT?\r\n'
20240524_01:48:42.313483 MAGNA > b'0\r\n'
20240524_01:48:42.313731 operational_mode = 0
20240524_01:48:43.314970 MAGNA < b'OUTPUT:PROTECTION:CLEAR\r\n'
20240524_01:48:48.320350 MAGNA < b'CONF:SETPT 3\r\n'
20240524_01:48:48.320656 MAGNA < b'CONF:SETPT?\r\n'
20240524_01:48:48.352642 MAGNA > b'3\r\n'
20240524_01:48:48.352865 operational_mode = 3
20240524_01:48:53.357521 MAGNA < b'OUTP:STOP\r\n'
20240524_01:48:53.357829 MAGNA < b'OUTP:STAT?\r\n'
20240524_01:48:53.379788 MAGNA > b'0\r\n'
20240524_01:48:53.380014 output_state = 0
20240524_01:48:53.380169 MAGNA < b'REM:SENS 0\r\n'
20240524_01:48:53.380348 MAGNA < b'REM:SENS?\r\n'
20240524_01:48:53.411246 MAGNA > b'0\r\n'
20240524_01:48:53.411471 remote_sense = 0
20240524_01:48:55.413747 MAGNA < b'VOLT:PROT 350.000\r\n'
20240524_01:48:55.414083 MAGNA < b'VOLT:PROT?\r\n'
20240524_01:48:55.464456 MAGNA > b'35.20\r\n'
20240524_01:48:55.464681 voltage_protection = 35
20240524_01:48:55.464846 MAGNA < b'VOLT 24\r\n'
20240524_01:48:55.465027 MAGNA < b'VOLT?\r\n'
20240524_01:48:55.498618 MAGNA > b'24.00\r\n'
20240524_01:48:55.498843 set_voltage = 24
20240524_01:48:55.499012 MAGNA < b'CURR 2.000\r\n'
20240524_01:48:55.499197 MAGNA < b'CURR?\r\n'
20240524_01:48:55.534662 MAGNA > b'2.00\r\n'
20240524_01:48:55.534887 set_current = 2.0
20240524_01:48:55.535056 MAGNA < b'CONF:INTE 0\r\n'
20240524_01:48:55.535244 MAGNA < b'CONF:INTE?\r\n'
20240524_01:48:55.567600 MAGNA > b'0\r\n'
20240524_01:48:55.567826 config_interlock = False
20240524_01:48:55.567979 MAGNA < b'MEAS:VOLT?\r\n'
20240524_01:48:55.586801 MAGNA > b'0.02\r\n'
20240524_01:48:55.587028 meas_voltage = 0
20240524_01:48:55.587180 MAGNA < b'OUTP:START\r\n'
20240524_01:48:55.587369 MAGNA < b'OUTP:STAT?\r\n'
20240524_01:48:55.639818 MAGNA > b'1\r\n'
20240524_01:48:55.640062 output_state = True
20240524_01:48:55.640232 MAGNA < b'STAT:QUES:COND?\r\n'
20240524_01:48:55.661025 MAGNA > b'512\r\n'
20240524_01:48:55.661244 sqc = b'512\r\n'
20240524_01:48:55.661417 MAGNA < b'STAT:QUES:COND?\r\n'
20240524_01:48:55.681786 MAGNA > b'512\r\n'
20240524_01:48:55.682011 status_iloc = False
20240524_01:48:55.682167 MAGNA < b'VOLT?\r\n'
20240524_01:48:55.701876 MAGNA > b'24.00\r\n'
20240524_01:48:55.702100 MAGNA < b'MEAS:VOLT?\r\n'
20240524_01:48:55.723586 MAGNA > b'0.02\r\n'
20240524_01:48:55.823998 MAGNA < b'MEAS:VOLT?\r\n'
20240524_01:48:55.846853 MAGNA > b'0.02\r\n'
20240524_01:48:55.947260 MAGNA < b'MEAS:VOLT?\r\n'
20240524_01:48:55.966991 MAGNA > b'0.02\r\n'
20240524_01:48:56.067401 MAGNA < b'MEAS:VOLT?\r\n'
20240524_01:48:56.087342 MAGNA > b'0.02\r\n'
20240524_01:48:56.187755 MAGNA < b'MEAS:VOLT?\r\n'
20240524_01:48:56.207069 MAGNA > b'0.01\r\n'
20240524_01:48:56.307480 MAGNA < b'MEAS:VOLT?\r\n'
20240524_01:48:56.327003 MAGNA > b'0.02\r\n'
20240524_01:48:56.427417 MAGNA < b'MEAS:VOLT?\r\n'
20240524_01:48:56.449070 MAGNA > b'0.02\r\n'
20240524_01:48:56.549487 MAGNA < b'MEAS:VOLT?\r\n'
20240524_01:48:56.570301 MAGNA > b'0.02\r\n'
20240524_01:48:56.670714 MAGNA < b'MEAS:VOLT?\r\n'
20240524_01:48:56.690392 MAGNA > b'0.02\r\n'
20240524_01:48:56.790805 MAGNA < b'MEAS:VOLT?\r\n'
20240524_01:48:56.810949 MAGNA > b'0.02\r\n'
20240524_01:48:56.911361 MAGNA < b'MEAS:VOLT?\r\n'
20240524_01:48:56.931821 MAGNA > b'0.02\r\n'
20240524_01:48:57.032231 MAGNA < b'MEAS:VOLT?\r\n'
20240524_01:48:57.052430 MAGNA > b'0.03\r\n'
20240524_01:48:57.152836 MAGNA < b'MEAS:VOLT?\r\n'
20240524_01:48:57.172676 MAGNA > b'0.03\r\n'
20240524_01:48:57.273088 MAGNA < b'MEAS:VOLT?\r\n'
20240524_01:48:57.293558 MAGNA > b'0.03\r\n'
20240524_01:48:57.393966 MAGNA < b'MEAS:VOLT?\r\n'
20240524_01:48:57.415141 MAGNA > b'0.03\r\n'
20240524_01:48:57.515560 MAGNA < b'MEAS:VOLT?\r\n'
20240524_01:48:57.536171 MAGNA > b'0.03\r\n'
20240524_01:48:57.636583 MAGNA < b'MEAS:VOLT?\r\n'
20240524_01:48:57.658071 MAGNA > b'0.05\r\n'
20240524_01:48:57.758478 MAGNA < b'MEAS:VOLT?\r\n'
20240524_01:48:57.780663 MAGNA > b'0.07\r\n'
20240524_01:48:57.881074 MAGNA < b'MEAS:VOLT?\r\n'
20240524_01:48:57.901745 MAGNA > b'0.09\r\n'
20240524_01:48:58.002154 MAGNA < b'MEAS:VOLT?\r\n'
20240524_01:48:58.022036 MAGNA > b'0.09\r\n'
20240524_01:48:58.122447 MAGNA < b'MEAS:VOLT?\r\n'
20240524_01:48:58.144630 MAGNA > b'0.10\r\n'
20240524_01:48:58.245051 MAGNA < b'MEAS:VOLT?\r\n'
20240524_01:48:58.265514 MAGNA > b'0.13\r\n'
20240524_01:48:58.365922 MAGNA < b'MEAS:VOLT?\r\n'
20240524_01:48:58.387559 MAGNA > b'0.45\r\n'
20240524_01:48:58.487975 MAGNA < b'MEAS:VOLT?\r\n'
20240524_01:48:58.507442 MAGNA > b'2.74\r\n'
20240524_01:48:58.607850 MAGNA < b'MEAS:VOLT?\r\n'
20240524_01:48:58.630914 MAGNA > b'6.00\r\n'
20240524_01:48:58.731326 MAGNA < b'MEAS:VOLT?\r\n'
20240524_01:48:58.753120 MAGNA > b'9.65\r\n'
20240524_01:48:58.853503 MAGNA < b'MEAS:VOLT?\r\n'
20240524_01:48:58.875584 MAGNA > b'11.79\r\n'
20240524_01:48:58.975992 MAGNA < b'MEAS:VOLT?\r\n'
20240524_01:48:58.999213 MAGNA > b'12.78\r\n'
20240524_01:48:59.099625 MAGNA < b'MEAS:VOLT?\r\n'
20240524_01:48:59.121745 MAGNA > b'13.97\r\n'
20240524_01:48:59.222158 MAGNA < b'MEAS:VOLT?\r\n'
20240524_01:48:59.246824 MAGNA > b'15.14\r\n'
20240524_01:48:59.347235 MAGNA < b'MEAS:VOLT?\r\n'
20240524_01:48:59.370768 MAGNA > b'16.04\r\n'
20240524_01:48:59.471174 MAGNA < b'MEAS:VOLT?\r\n'
20240524_01:48:59.493973 MAGNA > b'17.14\r\n'
20240524_01:48:59.594384 MAGNA < b'MEAS:VOLT?\r\n'
20240524_01:48:59.617745 MAGNA > b'18.22\r\n'
20240524_01:48:59.718158 MAGNA < b'MEAS:VOLT?\r\n'
20240524_01:48:59.741795 MAGNA > b'19.05\r\n'
20240524_01:48:59.842207 MAGNA < b'MEAS:VOLT?\r\n'
20240524_01:48:59.866407 MAGNA > b'20.06\r\n'
20240524_01:48:59.966812 MAGNA < b'MEAS:VOLT?\r\n'
20240524_01:48:59.990342 MAGNA > b'21.04\r\n'
20240524_01:49:00.090754 MAGNA < b'MEAS:VOLT?\r\n'
20240524_01:49:00.113572 MAGNA > b'21.80\r\n'
20240524_01:49:00.213988 MAGNA < b'MEAS:VOLT?\r\n'
20240524_01:49:00.239051 MAGNA > b'22.69\r\n'
20240524_01:49:00.339463 MAGNA < b'MEAS:VOLT?\r\n'
20240524_01:49:00.364079 MAGNA > b'23.37\r\n'
20240524_01:49:00.364311 settling_time = 4.682
20240524_01:49:00.364478 MAGNA < b'VOLT 24\r\n'
20240524_01:49:00.364662 MAGNA < b'VOLT?\r\n'
20240524_01:49:00.402116 MAGNA > b'24.00\r\n'
20240524_01:49:00.402347 MAGNA < b'MEAS:VOLT?\r\n'
20240524_01:49:00.425713 MAGNA > b'23.37\r\n'
20240524_01:49:00.526124 MAGNA < b'MEAS:VOLT?\r\n'
20240524_01:49:00.548838 MAGNA > b'23.71\r\n'
20240524_01:49:00.649249 MAGNA < b'MEAS:VOLT?\r\n'
20240524_01:49:00.669744 MAGNA > b'23.91\r\n'
20240524_01:49:00.770148 MAGNA < b'MEAS:VOLT?\r\n'
20240524_01:49:00.794152 MAGNA > b'23.96\r\n'
20240524_01:49:00.794384 settling_time = 0.430
20240524_01:49:00.794549 MAGNA < b'VOLT 24\r\n'
20240524_01:49:00.794735 MAGNA < b'VOLT?\r\n'
20240524_01:49:00.830302 MAGNA > b'24.00\r\n'
20240524_01:49:00.830528 MAGNA < b'MEAS:VOLT?\r\n'
20240524_01:49:00.853796 MAGNA > b'23.96\r\n'
20240524_01:49:00.954204 MAGNA < b'MEAS:VOLT?\r\n'
20240524_01:49:00.977671 MAGNA > b'23.98\r\n'
20240524_01:49:01.078084 MAGNA < b'MEAS:VOLT?\r\n'
20240524_01:49:01.100835 MAGNA > b'23.99\r\n'
20240524_01:49:01.201246 MAGNA < b'MEAS:VOLT?\r\n'
20240524_01:49:01.222846 MAGNA > b'23.99\r\n'
20240524_01:49:01.223076 settling_time = 0.428
20240524_01:49:01.223234 MAGNA < b'OUTP:START\r\n'
20240524_01:49:01.223417 MAGNA < b'OUTP:STAT?\r\n'
20240524_01:49:01.247398 MAGNA > b'1\r\n'
20240524_01:49:01.247622 output_state = True
20240526_02:05:20.701267 MAGNA < b'*CLS\r\n'
20240526_02:05:20.701615 MAGNA < b'*IDN?\r\n'
20240526_02:05:20.754445 MAGNA > b'Magna-Power Electronics Inc., SL32-46, S/N:1164-6260, F/W:9.0\r\n'
20240526_02:05:20.754680 serial_number = b'1164-6260'
20240526_02:05:20.754827 MAGNA < b'OUTP:STOP\r\n'
20240526_02:05:20.755032 MAGNA < b'OUTP:STAT?\r\n'
20240526_02:05:20.776814 MAGNA > b'0\r\n'
20240526_02:05:20.777031 output_state = False
20240531_03:11:52.424476 MAGNA < b'*CLS\r\n'
20240531_03:11:52.424793 MAGNA < b'*IDN?\r\n'
20240531_03:11:52.477899 MAGNA > b'Magna-Power Electronics Inc., SL32-46, S/N:1164-6260, F/W:9.0\r\n'
20240531_03:11:52.478026 serial_number = b'1164-6260'
20240531_03:11:52.478107 MAGNA < b'OUTP:STOP\r\n'
20240531_03:11:52.478207 MAGNA < b'OUTP:STAT?\r\n'
20240531_03:11:52.500550 MAGNA > b'0\r\n'
20240531_03:11:52.500665 output_state = False
20240531_07:55:44.666247 MAGNA < b'*CLS\r\n'
20240531_07:55:44.666594 MAGNA < b'*IDN?\r\n'
20240531_07:55:44.720454 MAGNA > b'Magna-Power Electronics Inc., SL32-46, S/N:1164-6260, F/W:9.0\r\n'
20240531_07:55:44.720695 serial_number = b'1164-6260'
20240531_07:55:44.720848 MAGNA < b'OUTP:STOP\r\n'
20240531_07:55:44.721035 MAGNA < b'OUTP:STAT?\r\n'
20240531_07:55:44.743001 MAGNA > b'0\r\n'
20240531_07:55:44.743222 output_state = False
