2024-04-10 17:32:24,221 - INFO - successfully sent the mail
2024-04-10 17:36:40,687 - INFO - successfully sent the mail
2024-04-10 17:38:08,176 - INFO - successfully sent the mail
2024-04-10 17:39:14,017 - INFO - successfully sent the mail
2024-04-11 15:00:57,034 - ERROR - ./getDataSummary.exp output error: b'/bin/sh: 1: ./getDataSummary.exp: not found\n' 
2024-04-11 15:00:58,765 - INFO - successfully sent the mail
2024-04-11 15:02:23,773 - ERROR - ./getDataSummary.exp output error: b'/bin/sh: 1: ./getDataSummary.exp: not found\n' 
2024-04-11 15:03:08,429 - ERROR - ./getDataSummary.exp output error: b'/bin/sh: 1: ./getDataSummary.exp: not found\n' 
2024-04-11 15:03:59,094 - INFO - ./getDataSummary.sh output: b'spawn scp -i /home/sstepanoff3/.ssh/hive sstepanoff3@login-hive.pace.gatech.edu:/storage/hive/project/phy-otte/shared/Trinity/DataAnalysis/DataSummary/Output/20240411.pdf /data/TrinityLabComputer/DataSummary/SummaryFiles/20240411.pdf\r\n\r\nInactive Modules:\r\n  1) mvapich2\r\n\r\nThe following have been reloaded with a version change:\r\n  1) gcc/10.3.0-o57x6h => gcc/8.3.0-rv4av7\r\n  2) mpc/1.2.1-zoh6w2 => mpc/1.1.0-kyjl4f\r\n  3) mpfr/4.1.0-32gcbv => mpfr/3.1.6-yuvsh4\r\n\r\n\r20240411.pdf                                                                                                                       0%    0     0.0KB/s   --:-- ETA\r20240411.pdf                                                                                                                     100%  154KB   6.8MB/s   00:00    \r\n' 
2024-04-11 15:04:28,052 - INFO - ./getDataSummary.sh output: b'spawn scp -i /home/sstepanoff3/.ssh/hive sstepanoff3@login-hive.pace.gatech.edu:/storage/hive/project/phy-otte/shared/Trinity/DataAnalysis/DataSummary/Output/20240411.pdf /data/TrinityLabComputer/DataSummary/SummaryFiles/20240411.pdf\r\n\r\nInactive Modules:\r\n  1) mvapich2\r\n\r\nThe following have been reloaded with a version change:\r\n  1) gcc/10.3.0-o57x6h => gcc/8.3.0-rv4av7\r\n  2) mpc/1.2.1-zoh6w2 => mpc/1.1.0-kyjl4f\r\n  3) mpfr/4.1.0-32gcbv => mpfr/3.1.6-yuvsh4\r\n\r\n\r20240411.pdf                                                                                                                       0%    0     0.0KB/s   --:-- ETA\r20240411.pdf                                                                                                                     100%  154KB   6.4MB/s   00:00    \r\n' 
2024-04-11 15:04:51,826 - INFO - ./getDataSummary.sh output: b'spawn scp -i /home/sstepanoff3/.ssh/hive sstepanoff3@login-hive.pace.gatech.edu:/storage/hive/project/phy-otte/shared/Trinity/DataAnalysis/DataSummary/Output/20240411.pdf /data/TrinityLabComputer/DataSummary/SummaryFiles/20240411.pdf\r\n\r\nInactive Modules:\r\n  1) mvapich2\r\n\r\nThe following have been reloaded with a version change:\r\n  1) gcc/10.3.0-o57x6h => gcc/8.3.0-rv4av7\r\n  2) mpc/1.2.1-zoh6w2 => mpc/1.1.0-kyjl4f\r\n  3) mpfr/4.1.0-32gcbv => mpfr/3.1.6-yuvsh4\r\n\r\n\r20240411.pdf                                                                                                                       0%    0     0.0KB/s   --:-- ETA\r20240411.pdf                                                                                                                     100%  154KB  19.5MB/s   00:00    \r\n' 
2024-04-11 15:04:54,815 - INFO - successfully sent the mail
2024-04-11 15:08:36,925 - INFO - ./getDataSummary.sh output: b'spawn scp -i /home/sstepanoff3/.ssh/hive sstepanoff3@login-hive.pace.gatech.edu:/storage/hive/project/phy-otte/shared/Trinity/DataAnalysis/DataSummary/Output/20240411.pdf /data/TrinityLabComputer/DataSummary/SummaryFiles/20240411.pdf\r\n\r\nInactive Modules:\r\n  1) mvapich2\r\n\r\nThe following have been reloaded with a version change:\r\n  1) gcc/10.3.0-o57x6h => gcc/8.3.0-rv4av7\r\n  2) mpc/1.2.1-zoh6w2 => mpc/1.1.0-kyjl4f\r\n  3) mpfr/4.1.0-32gcbv => mpfr/3.1.6-yuvsh4\r\n\r\n\r20240411.pdf                                                                                                                       0%    0     0.0KB/s   --:-- ETA\r20240411.pdf                                                                                                                     100%  154KB  16.7MB/s   00:00    \r\n' 
2024-04-11 15:08:38,218 - INFO - successfully sent the mail
2024-04-11 15:14:33,104 - INFO - ./getDataSummary.sh output: b'spawn scp -i /home/sstepanoff3/.ssh/hive sstepanoff3@login-hive.pace.gatech.edu:/storage/hive/project/phy-otte/shared/Trinity/DataAnalysis/DataSummary/Output/20240411.pdf /data/TrinityLabComputer/DataSummary/SummaryFiles/20240411.pdf\r\n\r\nInactive Modules:\r\n  1) mvapich2\r\n\r\nThe following have been reloaded with a version change:\r\n  1) gcc/10.3.0-o57x6h => gcc/8.3.0-rv4av7\r\n  2) mpc/1.2.1-zoh6w2 => mpc/1.1.0-kyjl4f\r\n  3) mpfr/4.1.0-32gcbv => mpfr/3.1.6-yuvsh4\r\n\r\n\r20240411.pdf                                                                                                                       0%    0     0.0KB/s   --:-- ETA\r20240411.pdf                                                                                                                     100%  154KB   3.5MB/s   00:00    \r\n' 
2024-04-11 15:14:35,248 - INFO - successfully sent the mail
2024-04-11 15:20:32,271 - INFO - ./getDataSummary.sh output: b'spawn scp -i /home/sstepanoff3/.ssh/hive sstepanoff3@login-hive.pace.gatech.edu:/storage/hive/project/phy-otte/shared/Trinity/DataAnalysis/DataSummary/Output/20240411.pdf /data/TrinityLabComputer/DataSummary/SummaryFiles/20240411.pdf\r\n\r\nInactive Modules:\r\n  1) mvapich2\r\n\r\nThe following have been reloaded with a version change:\r\n  1) gcc/10.3.0-o57x6h => gcc/8.3.0-rv4av7\r\n  2) mpc/1.2.1-zoh6w2 => mpc/1.1.0-kyjl4f\r\n  3) mpfr/4.1.0-32gcbv => mpfr/3.1.6-yuvsh4\r\n\r\n\r20240411.pdf                                                                                                                       0%    0     0.0KB/s   --:-- ETA\r20240411.pdf                                                                                                                     100%  154KB   6.9MB/s   00:00    \r\n' 
2024-04-11 15:20:33,794 - INFO - successfully sent the mail
2024-04-12 13:22:11,629 - INFO - ./getDataSummary.sh output: b'spawn scp -i /home/sstepanoff3/.ssh/hive sstepanoff3@login-hive.pace.gatech.edu:/storage/hive/project/phy-otte/shared/Trinity/DataAnalysis/DataSummary/Output/20240412.pdf /data/TrinityLabComputer/DataSummary/SummaryFiles/20240412.pdf\r\n\r\nInactive Modules:\r\n  1) mvapich2\r\n\r\nThe following have been reloaded with a version change:\r\n  1) gcc/10.3.0-o57x6h => gcc/8.3.0-rv4av7\r\n  2) mpc/1.2.1-zoh6w2 => mpc/1.1.0-kyjl4f\r\n  3) mpfr/4.1.0-32gcbv => mpfr/3.1.6-yuvsh4\r\n\r\n\r20240412.pdf                                                                                                                                                       0%    0     0.0KB/s   --:-- ETA\r20240412.pdf                                                                                                                                                     100% 8240   429.0KB/s   00:00    \r\n' 
2024-04-12 13:22:40,203 - INFO - ./getDataSummary.sh output: b'spawn scp -i /home/sstepanoff3/.ssh/hive sstepanoff3@login-hive.pace.gatech.edu:/storage/hive/project/phy-otte/shared/Trinity/DataAnalysis/DataSummary/Output/20240412.pdf /data/TrinityLabComputer/DataSummary/SummaryFiles/20240412.pdf\r\n\r\nInactive Modules:\r\n  1) mvapich2\r\n\r\nThe following have been reloaded with a version change:\r\n  1) gcc/10.3.0-o57x6h => gcc/8.3.0-rv4av7\r\n  2) mpc/1.2.1-zoh6w2 => mpc/1.1.0-kyjl4f\r\n  3) mpfr/4.1.0-32gcbv => mpfr/3.1.6-yuvsh4\r\n\r\n\r20240412.pdf                                                                                                                                                       0%    0     0.0KB/s   --:-- ETA\r20240412.pdf                                                                                                                                                     100% 8240     1.6MB/s   00:00    \r\n' 
2024-04-12 13:22:40,205 - ERROR - No file for today
2024-04-12 13:23:36,958 - INFO - ./getDataSummary.sh output: b'spawn scp -i /home/sstepanoff3/.ssh/hive sstepanoff3@login-hive.pace.gatech.edu:/storage/hive/project/phy-otte/shared/Trinity/DataAnalysis/DataSummary/Output/20240412.pdf /data/TrinityLabComputer/DataSummary/SummaryFiles/20240412.pdf\r\n\r\nInactive Modules:\r\n  1) mvapich2\r\n\r\nThe following have been reloaded with a version change:\r\n  1) gcc/10.3.0-o57x6h => gcc/8.3.0-rv4av7\r\n  2) mpc/1.2.1-zoh6w2 => mpc/1.1.0-kyjl4f\r\n  3) mpfr/4.1.0-32gcbv => mpfr/3.1.6-yuvsh4\r\n\r\n\r20240412.pdf                                                                                                                                                       0%    0     0.0KB/s   --:-- ETA\r20240412.pdf                                                                                                                                                     100% 8240   382.1KB/s   00:00    \r\n' 
2024-04-12 13:23:36,959 - INFO - Most recent file: /data/TrinityLabComputer/DataSummary/SummaryFiles/20240412.pdf
2024-04-12 13:23:36,959 - ERROR - No file for today
2024-04-12 13:27:26,686 - INFO - ./getDataSummary.sh output: b'spawn scp -i /home/sstepanoff3/.ssh/hive sstepanoff3@login-hive.pace.gatech.edu:/storage/hive/project/phy-otte/shared/Trinity/DataAnalysis/DataSummary/Output/20240412.pdf /data/TrinityLabComputer/DataSummary/SummaryFiles/20240412.pdf\r\n\r\nInactive Modules:\r\n  1) mvapich2\r\n\r\nThe following have been reloaded with a version change:\r\n  1) gcc/10.3.0-o57x6h => gcc/8.3.0-rv4av7\r\n  2) mpc/1.2.1-zoh6w2 => mpc/1.1.0-kyjl4f\r\n  3) mpfr/4.1.0-32gcbv => mpfr/3.1.6-yuvsh4\r\n\r\n\r20240412.pdf                                                                                                                                                       0%    0     0.0KB/s   --:-- ETA\r20240412.pdf                                                                                                                                                     100% 8240   407.2KB/s   00:00    \r\n' 
2024-04-12 13:27:26,686 - INFO - Most recent file: /data/TrinityLabComputer/DataSummary/SummaryFiles/20240412.pdf
2024-04-12 13:27:26,687 - INFO - File size too small or none at all
2024-04-12 13:27:26,687 - ERROR - No file for today
2024-04-13 12:00:03,348 - INFO - ./getDataSummary.sh output: b'spawn scp -i /home/sstepanoff3/.ssh/hive sstepanoff3@login-hive.pace.gatech.edu:/storage/hive/project/phy-otte/shared/Trinity/DataAnalysis/DataSummary/Output/20240413.pdf /data/TrinityLabComputer/DataSummary/SummaryFiles/20240413.pdf\r\n\r\nInactive Modules:\r\n  1) mvapich2\r\n\r\nThe following have been reloaded with a version change:\r\n  1) gcc/10.3.0-o57x6h => gcc/8.3.0-rv4av7\r\n  2) mpc/1.2.1-zoh6w2 => mpc/1.1.0-kyjl4f\r\n  3) mpfr/4.1.0-32gcbv => mpfr/3.1.6-yuvsh4\r\n\r\n\r20240413.pdf                                    0%    0     0.0KB/s   --:-- ETA\r20240413.pdf                                  100%  155KB   6.1MB/s   00:00    \r\n' 
2024-04-13 12:00:03,350 - INFO - Most recent file: /data/TrinityLabComputer/DataSummary/SummaryFiles/20240413.pdf
2024-04-13 12:00:05,497 - INFO - successfully sent the mail
2024-04-13 12:00:05,497 - INFO - successfully sent the mail
2024-04-13 12:00:05,497 - INFO - The most recent file was modified today.
2024-04-14 12:00:02,470 - INFO - ./getDataSummary.sh output: b'spawn scp -i /home/sstepanoff3/.ssh/hive sstepanoff3@login-hive.pace.gatech.edu:/storage/hive/project/phy-otte/shared/Trinity/DataAnalysis/DataSummary/Output/20240414.pdf /data/TrinityLabComputer/DataSummary/SummaryFiles/20240414.pdf\r\n\r\nInactive Modules:\r\n  1) mvapich2\r\n\r\nThe following have been reloaded with a version change:\r\n  1) gcc/10.3.0-o57x6h => gcc/8.3.0-rv4av7\r\n  2) mpc/1.2.1-zoh6w2 => mpc/1.1.0-kyjl4f\r\n  3) mpfr/4.1.0-32gcbv => mpfr/3.1.6-yuvsh4\r\n\r\n\r20240414.pdf                                    0%    0     0.0KB/s   --:-- ETA\r20240414.pdf                                  100%  219KB   9.1MB/s   00:00    \r\n' 
2024-04-14 12:00:02,470 - INFO - Most recent file: /data/TrinityLabComputer/DataSummary/SummaryFiles/20240414.pdf
2024-04-14 12:00:04,956 - INFO - successfully sent the mail
2024-04-14 12:00:04,956 - INFO - successfully sent the mail
2024-04-14 12:00:04,956 - INFO - The most recent file was modified today.
2024-04-15 12:00:03,954 - INFO - ./getDataSummary.sh output: b'spawn scp -i /home/sstepanoff3/.ssh/hive sstepanoff3@login-hive.pace.gatech.edu:/storage/hive/project/phy-otte/shared/Trinity/DataAnalysis/DataSummary/Output/20240415.pdf /data/TrinityLabComputer/DataSummary/SummaryFiles/20240415.pdf\r\n\r\nInactive Modules:\r\n  1) mvapich2\r\n\r\nThe following have been reloaded with a version change:\r\n  1) gcc/10.3.0-o57x6h => gcc/8.3.0-rv4av7\r\n  2) mpc/1.2.1-zoh6w2 => mpc/1.1.0-kyjl4f\r\n  3) mpfr/4.1.0-32gcbv => mpfr/3.1.6-yuvsh4\r\n\r\n\r20240415.pdf                                    0%    0     0.0KB/s   --:-- ETA\r20240415.pdf                                  100%   48KB   2.3MB/s   00:00    \r\n' 
2024-04-15 12:00:03,954 - INFO - Most recent file: /data/TrinityLabComputer/DataSummary/SummaryFiles/20240415.pdf
2024-04-15 12:00:03,955 - INFO - File size too small or none at all
2024-04-15 12:00:03,955 - ERROR - No file for today
2024-04-15 12:14:10,990 - INFO - ./getDataSummary.sh output: b'spawn scp -i /home/sstepanoff3/.ssh/hive sstepanoff3@login-hive.pace.gatech.edu:/storage/hive/project/phy-otte/shared/Trinity/DataAnalysis/DataSummary/Output/20240415.pdf /data/TrinityLabComputer/DataSummary/SummaryFiles/20240415.pdf\r\n\r\nInactive Modules:\r\n  1) mvapich2\r\n\r\nThe following have been reloaded with a version change:\r\n  1) gcc/10.3.0-o57x6h => gcc/8.3.0-rv4av7\r\n  2) mpc/1.2.1-zoh6w2 => mpc/1.1.0-kyjl4f\r\n  3) mpfr/4.1.0-32gcbv => mpfr/3.1.6-yuvsh4\r\n\r\n\r20240415.pdf                                    0%    0     0.0KB/s   --:-- ETA\r20240415.pdf                                  100%   48KB   2.2MB/s   00:00    \r\n' 
2024-04-15 12:14:10,990 - INFO - Most recent file: /data/TrinityLabComputer/DataSummary/SummaryFiles/20240415.pdf
2024-04-15 12:14:12,958 - INFO - successfully sent the mail
2024-04-15 12:14:12,958 - INFO - successfully sent the mail
2024-04-15 12:14:12,959 - INFO - The most recent file was modified today.
2024-04-16 12:00:03,928 - INFO - ./getDataSummary.sh output: b'spawn scp -i /home/sstepanoff3/.ssh/hive sstepanoff3@login-hive.pace.gatech.edu:/storage/hive/project/phy-otte/shared/Trinity/DataAnalysis/DataSummary/Output/20240416.pdf /data/TrinityLabComputer/DataSummary/SummaryFiles/20240416.pdf\r\n\r\nInactive Modules:\r\n  1) mvapich2\r\n\r\nThe following have been reloaded with a version change:\r\n  1) gcc/10.3.0-o57x6h => gcc/8.3.0-rv4av7\r\n  2) mpc/1.2.1-zoh6w2 => mpc/1.1.0-kyjl4f\r\n  3) mpfr/4.1.0-32gcbv => mpfr/3.1.6-yuvsh4\r\n\r\n\r20240416.pdf                                    0%    0     0.0KB/s   --:-- ETA\r20240416.pdf                                  100%  279KB   7.8MB/s   00:00    \r\n' 
2024-04-16 12:00:03,930 - INFO - Most recent file: /data/TrinityLabComputer/DataSummary/SummaryFiles/20240416.pdf
2024-04-16 12:00:07,458 - INFO - successfully sent the mail
2024-04-16 12:00:07,458 - INFO - successfully sent the mail
2024-04-16 12:00:07,459 - INFO - The most recent file was modified today.
2024-04-17 12:00:03,047 - INFO - ./getDataSummary.sh output: b'spawn scp -i /home/sstepanoff3/.ssh/hive sstepanoff3@login-hive.pace.gatech.edu:/storage/hive/project/phy-otte/shared/Trinity/DataAnalysis/DataSummary/Output/20240417.pdf /data/TrinityLabComputer/DataSummary/SummaryFiles/20240417.pdf\r\n\r\nInactive Modules:\r\n  1) mvapich2\r\n\r\nThe following have been reloaded with a version change:\r\n  1) gcc/10.3.0-o57x6h => gcc/8.3.0-rv4av7\r\n  2) mpc/1.2.1-zoh6w2 => mpc/1.1.0-kyjl4f\r\n  3) mpfr/4.1.0-32gcbv => mpfr/3.1.6-yuvsh4\r\n\r\n\r20240417.pdf                                    0%    0     0.0KB/s   --:-- ETA\r20240417.pdf                                  100%   88KB   4.0MB/s   00:00    \r\n' 
2024-04-17 12:00:03,047 - INFO - Most recent file: /data/TrinityLabComputer/DataSummary/SummaryFiles/20240417.pdf
2024-04-17 12:00:05,257 - INFO - successfully sent the mail
2024-04-17 12:00:05,258 - INFO - successfully sent the mail
2024-04-17 12:00:05,258 - INFO - The most recent file was modified today.
2024-04-18 12:00:03,226 - INFO - ./getDataSummary.sh output: b'spawn scp -i /home/sstepanoff3/.ssh/hive sstepanoff3@login-hive.pace.gatech.edu:/storage/hive/project/phy-otte/shared/Trinity/DataAnalysis/DataSummary/Output/20240418.pdf /data/TrinityLabComputer/DataSummary/SummaryFiles/20240418.pdf\r\n\r\nInactive Modules:\r\n  1) mvapich2\r\n\r\nThe following have been reloaded with a version change:\r\n  1) gcc/10.3.0-o57x6h => gcc/8.3.0-rv4av7\r\n  2) mpc/1.2.1-zoh6w2 => mpc/1.1.0-kyjl4f\r\n  3) mpfr/4.1.0-32gcbv => mpfr/3.1.6-yuvsh4\r\n\r\n\r20240418.pdf                                    0%    0     0.0KB/s   --:-- ETA\r20240418.pdf                                  100%   30KB   1.3MB/s   00:00    \r\n' 
2024-04-18 12:00:03,227 - INFO - Most recent file: /data/TrinityLabComputer/DataSummary/SummaryFiles/20240418.pdf
2024-04-18 12:00:06,534 - INFO - successfully sent the mail
2024-04-18 12:00:06,534 - INFO - successfully sent the mail
2024-04-18 12:00:06,534 - INFO - The most recent file was modified today.
2024-04-19 12:00:03,973 - INFO - ./getDataSummary.sh output: b'spawn scp -i /home/sstepanoff3/.ssh/hive sstepanoff3@login-hive.pace.gatech.edu:/storage/hive/project/phy-otte/shared/Trinity/DataAnalysis/DataSummary/Output/20240419.pdf /data/TrinityLabComputer/DataSummary/SummaryFiles/20240419.pdf\r\n\r\nInactive Modules:\r\n  1) mvapich2\r\n\r\nThe following have been reloaded with a version change:\r\n  1) gcc/10.3.0-o57x6h => gcc/8.3.0-rv4av7\r\n  2) mpc/1.2.1-zoh6w2 => mpc/1.1.0-kyjl4f\r\n  3) mpfr/4.1.0-32gcbv => mpfr/3.1.6-yuvsh4\r\n\r\n\r20240419.pdf                                    0%    0     0.0KB/s   --:-- ETA\r20240419.pdf                                  100%   29KB   1.8MB/s   00:00    \r\n' 
2024-04-19 12:00:03,973 - INFO - Most recent file: /data/TrinityLabComputer/DataSummary/SummaryFiles/20240419.pdf
2024-04-19 12:00:03,973 - INFO - File size too small or none at all
2024-04-19 12:00:03,973 - ERROR - No file for today
2024-04-19 13:09:12,268 - INFO - ./getDataSummary.sh output: b'spawn scp -i /home/sstepanoff3/.ssh/hive sstepanoff3@login-hive.pace.gatech.edu:/storage/hive/project/phy-otte/shared/Trinity/DataAnalysis/DataSummary/Output/20240419.pdf /data/TrinityLabComputer/DataSummary/SummaryFiles/20240419.pdf\r\n\r\nInactive Modules:\r\n  1) mvapich2\r\n\r\nThe following have been reloaded with a version change:\r\n  1) gcc/10.3.0-o57x6h => gcc/8.3.0-rv4av7\r\n  2) mpc/1.2.1-zoh6w2 => mpc/1.1.0-kyjl4f\r\n  3) mpfr/4.1.0-32gcbv => mpfr/3.1.6-yuvsh4\r\n\r\n\r20240419.pdf                                    0%    0     0.0KB/s   --:-- ETA\r20240419.pdf                                  100%   29KB   1.7MB/s   00:00    \r\n' 
2024-04-19 13:09:12,268 - INFO - Most recent file: /data/TrinityLabComputer/DataSummary/SummaryFiles/20240419.pdf
2024-04-19 13:09:12,268 - INFO - File size too small or none at all
2024-04-19 13:09:12,269 - ERROR - No file for today
2024-04-19 13:11:59,921 - INFO - ./getDataSummary.sh output: b'spawn scp -i /home/sstepanoff3/.ssh/hive sstepanoff3@login-hive.pace.gatech.edu:/storage/hive/project/phy-otte/shared/Trinity/DataAnalysis/DataSummary/Output/20240419.pdf /data/TrinityLabComputer/DataSummary/SummaryFiles/20240419.pdf\r\n\r\nInactive Modules:\r\n  1) mvapich2\r\n\r\nThe following have been reloaded with a version change:\r\n  1) gcc/10.3.0-o57x6h => gcc/8.3.0-rv4av7\r\n  2) mpc/1.2.1-zoh6w2 => mpc/1.1.0-kyjl4f\r\n  3) mpfr/4.1.0-32gcbv => mpfr/3.1.6-yuvsh4\r\n\r\n\r20240419.pdf                                                              0%    0     0.0KB/s   --:-- ETA\r20240419.pdf                                                            100%   29KB   1.6MB/s   00:00    \r\n' 
2024-04-19 13:11:59,921 - INFO - Most recent file: /data/TrinityLabComputer/DataSummary/SummaryFiles/20240419.pdf
2024-04-19 13:12:15,956 - INFO - ./getDataSummary.sh output: b'spawn scp -i /home/sstepanoff3/.ssh/hive sstepanoff3@login-hive.pace.gatech.edu:/storage/hive/project/phy-otte/shared/Trinity/DataAnalysis/DataSummary/Output/20240419.pdf /data/TrinityLabComputer/DataSummary/SummaryFiles/20240419.pdf\r\n\r\nInactive Modules:\r\n  1) mvapich2\r\n\r\nThe following have been reloaded with a version change:\r\n  1) gcc/10.3.0-o57x6h => gcc/8.3.0-rv4av7\r\n  2) mpc/1.2.1-zoh6w2 => mpc/1.1.0-kyjl4f\r\n  3) mpfr/4.1.0-32gcbv => mpfr/3.1.6-yuvsh4\r\n\r\n\r20240419.pdf                                                              0%    0     0.0KB/s   --:-- ETA\r20240419.pdf                                                            100%   29KB   5.3MB/s   00:00    \r\n' 
2024-04-19 13:12:15,956 - INFO - Most recent file: /data/TrinityLabComputer/DataSummary/SummaryFiles/20240419.pdf
2024-04-19 13:12:18,313 - INFO - successfully sent the mail
2024-04-19 13:12:18,313 - INFO - successfully sent the mail
2024-04-19 13:12:18,313 - INFO - The most recent file was modified today.
2024-04-19 13:12:39,975 - INFO - ./getDataSummary.sh output: b'spawn scp -i /home/sstepanoff3/.ssh/hive sstepanoff3@login-hive.pace.gatech.edu:/storage/hive/project/phy-otte/shared/Trinity/DataAnalysis/DataSummary/Output/20240419.pdf /data/TrinityLabComputer/DataSummary/SummaryFiles/20240419.pdf\r\n\r\nInactive Modules:\r\n  1) mvapich2\r\n\r\nThe following have been reloaded with a version change:\r\n  1) gcc/10.3.0-o57x6h => gcc/8.3.0-rv4av7\r\n  2) mpc/1.2.1-zoh6w2 => mpc/1.1.0-kyjl4f\r\n  3) mpfr/4.1.0-32gcbv => mpfr/3.1.6-yuvsh4\r\n\r\n\r20240419.pdf                                                              0%    0     0.0KB/s   --:-- ETA\r20240419.pdf                                                            100%   29KB   2.1MB/s   00:00    \r\n' 
2024-04-19 13:12:39,975 - INFO - Most recent file: /data/TrinityLabComputer/DataSummary/SummaryFiles/20240419.pdf
2024-04-19 13:13:37,003 - INFO - ./getDataSummary.sh output: b'spawn scp -i /home/sstepanoff3/.ssh/hive sstepanoff3@login-hive.pace.gatech.edu:/storage/hive/project/phy-otte/shared/Trinity/DataAnalysis/DataSummary/Output/20240419.pdf /data/TrinityLabComputer/DataSummary/SummaryFiles/20240419.pdf\r\n\r\nInactive Modules:\r\n  1) mvapich2\r\n\r\nThe following have been reloaded with a version change:\r\n  1) gcc/10.3.0-o57x6h => gcc/8.3.0-rv4av7\r\n  2) mpc/1.2.1-zoh6w2 => mpc/1.1.0-kyjl4f\r\n  3) mpfr/4.1.0-32gcbv => mpfr/3.1.6-yuvsh4\r\n\r\n\r20240419.pdf                                                              0%    0     0.0KB/s   --:-- ETA\r20240419.pdf                                                            100%   29KB   5.3MB/s   00:00    \r\n' 
2024-04-19 13:13:37,003 - INFO - Most recent file: /data/TrinityLabComputer/DataSummary/SummaryFiles/20240419.pdf
2024-04-19 13:13:38,696 - INFO - successfully sent the mail
2024-04-19 13:13:38,696 - INFO - successfully sent the mail
2024-04-19 13:13:38,697 - INFO - The most recent file was modified today.
2024-04-19 13:17:40,942 - INFO - ./getDataSummary.sh output: b'spawn scp -i /home/sstepanoff3/.ssh/hive sstepanoff3@login-hive.pace.gatech.edu:/storage/hive/project/phy-otte/shared/Trinity/DataAnalysis/DataSummary/Output/20240419.pdf /data/TrinityLabComputer/DataSummary/SummaryFiles/20240419.pdf\r\n\r\nInactive Modules:\r\n  1) mvapich2\r\n\r\nThe following have been reloaded with a version change:\r\n  1) gcc/10.3.0-o57x6h => gcc/8.3.0-rv4av7\r\n  2) mpc/1.2.1-zoh6w2 => mpc/1.1.0-kyjl4f\r\n  3) mpfr/4.1.0-32gcbv => mpfr/3.1.6-yuvsh4\r\n\r\n\r20240419.pdf                                                              0%    0     0.0KB/s   --:-- ETA\r20240419.pdf                                                            100%   29KB   1.6MB/s   00:00    \r\n' 
2024-04-19 13:17:40,942 - INFO - Most recent file: /data/TrinityLabComputer/DataSummary/SummaryFiles/20240419.pdf
2024-04-19 13:17:42,867 - INFO - successfully sent the mail
2024-04-19 13:17:42,867 - INFO - successfully sent the mail
2024-04-19 13:17:42,867 - INFO - The most recent file was modified today.
2024-04-19 13:18:24,623 - INFO - ./getDataSummary.sh output: b'spawn scp -i /home/sstepanoff3/.ssh/hive sstepanoff3@login-hive.pace.gatech.edu:/storage/hive/project/phy-otte/shared/Trinity/DataAnalysis/DataSummary/Output/20240419.pdf /data/TrinityLabComputer/DataSummary/SummaryFiles/20240419.pdf\r\n\r\nInactive Modules:\r\n  1) mvapich2\r\n\r\nThe following have been reloaded with a version change:\r\n  1) gcc/10.3.0-o57x6h => gcc/8.3.0-rv4av7\r\n  2) mpc/1.2.1-zoh6w2 => mpc/1.1.0-kyjl4f\r\n  3) mpfr/4.1.0-32gcbv => mpfr/3.1.6-yuvsh4\r\n\r\n\r20240419.pdf                                                              0%    0     0.0KB/s   --:-- ETA\r20240419.pdf                                                            100%   29KB   1.7MB/s   00:00    \r\n' 
2024-04-19 13:18:24,623 - INFO - Most recent file: /data/TrinityLabComputer/DataSummary/SummaryFiles/20240419.pdf
2024-04-19 13:18:26,311 - INFO - successfully sent the mail
2024-04-19 13:18:26,311 - INFO - successfully sent the mail
2024-04-19 13:18:26,311 - INFO - The most recent file was modified today.
2024-04-19 13:20:36,334 - INFO - ./getDataSummary.sh output: b'spawn scp -i /home/sstepanoff3/.ssh/hive sstepanoff3@login-hive.pace.gatech.edu:/storage/hive/project/phy-otte/shared/Trinity/DataAnalysis/DataSummary/Output/20240419.pdf /data/TrinityLabComputer/DataSummary/SummaryFiles/20240419.pdf\r\n\r\nInactive Modules:\r\n  1) mvapich2\r\n\r\nThe following have been reloaded with a version change:\r\n  1) gcc/10.3.0-o57x6h => gcc/8.3.0-rv4av7\r\n  2) mpc/1.2.1-zoh6w2 => mpc/1.1.0-kyjl4f\r\n  3) mpfr/4.1.0-32gcbv => mpfr/3.1.6-yuvsh4\r\n\r\n\r20240419.pdf                                                              0%    0     0.0KB/s   --:-- ETA\r20240419.pdf                                                            100%   29KB   5.0MB/s   00:00    \r\n' 
2024-04-19 13:20:36,334 - INFO - Most recent file: /data/TrinityLabComputer/DataSummary/SummaryFiles/20240419.pdf
2024-04-19 13:20:55,653 - INFO - ./getDataSummary.sh output: b'spawn scp -i /home/sstepanoff3/.ssh/hive sstepanoff3@login-hive.pace.gatech.edu:/storage/hive/project/phy-otte/shared/Trinity/DataAnalysis/DataSummary/Output/20240419.pdf /data/TrinityLabComputer/DataSummary/SummaryFiles/20240419.pdf\r\n\r\nInactive Modules:\r\n  1) mvapich2\r\n\r\nThe following have been reloaded with a version change:\r\n  1) gcc/10.3.0-o57x6h => gcc/8.3.0-rv4av7\r\n  2) mpc/1.2.1-zoh6w2 => mpc/1.1.0-kyjl4f\r\n  3) mpfr/4.1.0-32gcbv => mpfr/3.1.6-yuvsh4\r\n\r\n\r20240419.pdf                                                              0%    0     0.0KB/s   --:-- ETA\r20240419.pdf                                                            100%   29KB   4.8MB/s   00:00    \r\n' 
2024-04-19 13:20:55,653 - INFO - Most recent file: /data/TrinityLabComputer/DataSummary/SummaryFiles/20240419.pdf
2024-04-19 13:21:18,190 - INFO - ./getDataSummary.sh output: b'spawn scp -i /home/sstepanoff3/.ssh/hive sstepanoff3@login-hive.pace.gatech.edu:/storage/hive/project/phy-otte/shared/Trinity/DataAnalysis/DataSummary/Output/20240419.pdf /data/TrinityLabComputer/DataSummary/SummaryFiles/20240419.pdf\r\n\r\nInactive Modules:\r\n  1) mvapich2\r\n\r\nThe following have been reloaded with a version change:\r\n  1) gcc/10.3.0-o57x6h => gcc/8.3.0-rv4av7\r\n  2) mpc/1.2.1-zoh6w2 => mpc/1.1.0-kyjl4f\r\n  3) mpfr/4.1.0-32gcbv => mpfr/3.1.6-yuvsh4\r\n\r\n\r20240419.pdf                                                              0%    0     0.0KB/s   --:-- ETA\r20240419.pdf                                                            100%   29KB   5.2MB/s   00:00    \r\n' 
2024-04-19 13:21:18,191 - INFO - Most recent file: /data/TrinityLabComputer/DataSummary/SummaryFiles/20240419.pdf
2024-04-19 13:27:30,325 - INFO - ./getDataSummary.sh output: b'spawn scp -i /home/sstepanoff3/.ssh/hive sstepanoff3@login-hive.pace.gatech.edu:/storage/hive/project/phy-otte/shared/Trinity/DataAnalysis/DataSummary/Output/20240419.pdf /data/TrinityLabComputer/DataSummary/SummaryFiles/20240419.pdf\r\n\r\nInactive Modules:\r\n  1) mvapich2\r\n\r\nThe following have been reloaded with a version change:\r\n  1) gcc/10.3.0-o57x6h => gcc/8.3.0-rv4av7\r\n  2) mpc/1.2.1-zoh6w2 => mpc/1.1.0-kyjl4f\r\n  3) mpfr/4.1.0-32gcbv => mpfr/3.1.6-yuvsh4\r\n\r\n\r20240419.pdf                                                              0%    0     0.0KB/s   --:-- ETA\r20240419.pdf                                                            100%   29KB   2.0MB/s   00:00    \r\n' 
2024-04-19 13:27:30,326 - INFO - Most recent file: /data/TrinityLabComputer/DataSummary/SummaryFiles/20240419.pdf
2024-04-19 13:27:32,345 - INFO - successfully sent the mail
2024-04-19 13:27:32,345 - INFO - successfully sent the mail
2024-04-19 13:27:32,346 - INFO - The most recent file was modified today.
2024-04-19 13:29:08,740 - INFO - ./getDataSummary.sh output: b'spawn scp -i /home/sstepanoff3/.ssh/hive sstepanoff3@login-hive.pace.gatech.edu:/storage/hive/project/phy-otte/shared/Trinity/DataAnalysis/DataSummary/Output/20240419.pdf /data/TrinityLabComputer/DataSummary/SummaryFiles/20240419.pdf\r\n\r\nInactive Modules:\r\n  1) mvapich2\r\n\r\nThe following have been reloaded with a version change:\r\n  1) gcc/10.3.0-o57x6h => gcc/8.3.0-rv4av7\r\n  2) mpc/1.2.1-zoh6w2 => mpc/1.1.0-kyjl4f\r\n  3) mpfr/4.1.0-32gcbv => mpfr/3.1.6-yuvsh4\r\n\r\n\r20240419.pdf                                                              0%    0     0.0KB/s   --:-- ETA\r20240419.pdf                                                            100%   29KB   5.9MB/s   00:00    \r\n' 
2024-04-19 13:29:08,740 - INFO - Most recent file: /data/TrinityLabComputer/DataSummary/SummaryFiles/20240419.pdf
2024-04-19 13:29:09,859 - INFO - successfully sent the mail
2024-04-19 13:29:09,859 - INFO - successfully sent the mail
2024-04-19 13:29:09,859 - INFO - The most recent file was modified today.
2024-04-19 13:30:33,353 - INFO - ./getDataSummary.sh output: b'spawn scp -i /home/sstepanoff3/.ssh/hive sstepanoff3@login-hive.pace.gatech.edu:/storage/hive/project/phy-otte/shared/Trinity/DataAnalysis/DataSummary/Output/20240419.pdf /data/TrinityLabComputer/DataSummary/SummaryFiles/20240419.pdf\r\n\r\nInactive Modules:\r\n  1) mvapich2\r\n\r\nThe following have been reloaded with a version change:\r\n  1) gcc/10.3.0-o57x6h => gcc/8.3.0-rv4av7\r\n  2) mpc/1.2.1-zoh6w2 => mpc/1.1.0-kyjl4f\r\n  3) mpfr/4.1.0-32gcbv => mpfr/3.1.6-yuvsh4\r\n\r\n\r20240419.pdf                                                              0%    0     0.0KB/s   --:-- ETA\r20240419.pdf                                                            100%   29KB   1.9MB/s   00:00    \r\n' 
2024-04-19 13:30:33,353 - INFO - Most recent file: /data/TrinityLabComputer/DataSummary/SummaryFiles/20240419.pdf
2024-04-19 13:30:34,733 - INFO - successfully sent the mail
2024-04-19 13:30:34,733 - INFO - successfully sent the mail
2024-04-19 13:30:34,733 - INFO - The most recent file was modified today.
2024-04-19 13:37:08,789 - INFO - ./getDataSummary.sh output: b'spawn scp -i /home/sstepanoff3/.ssh/hive sstepanoff3@login-hive.pace.gatech.edu:/storage/hive/project/phy-otte/shared/Trinity/DataAnalysis/DataSummary/Output/20240419.pdf /data/TrinityLabComputer/DataSummary/SummaryFiles/20240419.pdf\r\n\r\nInactive Modules:\r\n  1) mvapich2\r\n\r\nThe following have been reloaded with a version change:\r\n  1) gcc/10.3.0-o57x6h => gcc/8.3.0-rv4av7\r\n  2) mpc/1.2.1-zoh6w2 => mpc/1.1.0-kyjl4f\r\n  3) mpfr/4.1.0-32gcbv => mpfr/3.1.6-yuvsh4\r\n\r\n\r20240419.pdf                                                              0%    0     0.0KB/s   --:-- ETA\r20240419.pdf                                                            100%   29KB   1.7MB/s   00:00    \r\n' 
2024-04-19 13:37:08,789 - INFO - Most recent file: /data/TrinityLabComputer/DataSummary/SummaryFiles/20240419.pdf
2024-04-19 13:37:10,473 - INFO - successfully sent the mail
2024-04-19 13:37:10,473 - INFO - successfully sent the mail
2024-04-19 13:37:10,473 - INFO - The most recent file was modified today.
2024-04-19 13:37:53,289 - INFO - ./getDataSummary.sh output: b'spawn scp -i /home/sstepanoff3/.ssh/hive sstepanoff3@login-hive.pace.gatech.edu:/storage/hive/project/phy-otte/shared/Trinity/DataAnalysis/DataSummary/Output/20240419.pdf /data/TrinityLabComputer/DataSummary/SummaryFiles/20240419.pdf\r\n\r\nInactive Modules:\r\n  1) mvapich2\r\n\r\nThe following have been reloaded with a version change:\r\n  1) gcc/10.3.0-o57x6h => gcc/8.3.0-rv4av7\r\n  2) mpc/1.2.1-zoh6w2 => mpc/1.1.0-kyjl4f\r\n  3) mpfr/4.1.0-32gcbv => mpfr/3.1.6-yuvsh4\r\n\r\n\r20240419.pdf                                                              0%    0     0.0KB/s   --:-- ETA\r20240419.pdf                                                            100%   29KB   2.1MB/s   00:00    \r\n' 
2024-04-19 13:37:53,289 - INFO - Most recent file: /data/TrinityLabComputer/DataSummary/SummaryFiles/20240419.pdf
2024-04-19 13:37:54,400 - INFO - successfully sent the mail
2024-04-19 13:37:54,400 - INFO - successfully sent the mail
2024-04-19 13:37:54,401 - INFO - The most recent file was modified today.
2024-04-20 12:00:02,597 - INFO - ./getDataSummary.sh output: b'spawn scp -i /home/sstepanoff3/.ssh/hive sstepanoff3@login-hive.pace.gatech.edu:/storage/hive/project/phy-otte/shared/Trinity/DataAnalysis/DataSummary/Output/20240420.pdf /data/TrinityLabComputer/DataSummary/SummaryFiles/20240420.pdf\r\n\r\nInactive Modules:\r\n  1) mvapich2\r\n\r\nThe following have been reloaded with a version change:\r\n  1) gcc/10.3.0-o57x6h => gcc/8.3.0-rv4av7\r\n  2) mpc/1.2.1-zoh6w2 => mpc/1.1.0-kyjl4f\r\n  3) mpfr/4.1.0-32gcbv => mpfr/3.1.6-yuvsh4\r\n\r\n\r20240420.pdf                                    0%    0     0.0KB/s   --:-- ETA\r20240420.pdf                                  100%   30KB   6.7MB/s   00:00    \r\n' 
2024-04-20 12:00:02,598 - INFO - Most recent file: /data/TrinityLabComputer/DataSummary/SummaryFiles/20240420.pdf
2024-04-20 12:00:02,598 - INFO - File size too small or none at all
2024-04-20 12:00:02,598 - ERROR - No file for today
2024-04-21 12:00:04,967 - INFO - ./getDataSummary.sh output: b'spawn scp -i /home/sstepanoff3/.ssh/hive sstepanoff3@login-hive.pace.gatech.edu:/storage/hive/project/phy-otte/shared/Trinity/DataAnalysis/DataSummary/Output/20240421.pdf /data/TrinityLabComputer/DataSummary/SummaryFiles/20240421.pdf\r\n\r\nInactive Modules:\r\n  1) mvapich2\r\n\r\nThe following have been reloaded with a version change:\r\n  1) gcc/10.3.0-o57x6h => gcc/8.3.0-rv4av7\r\n  2) mpc/1.2.1-zoh6w2 => mpc/1.1.0-kyjl4f\r\n  3) mpfr/4.1.0-32gcbv => mpfr/3.1.6-yuvsh4\r\n\r\n\r20240421.pdf                                    0%    0     0.0KB/s   --:-- ETA\r20240421.pdf                                  100% 8240   356.1KB/s   00:00    \r\n' 
2024-04-21 12:00:04,969 - INFO - Most recent file: /data/TrinityLabComputer/DataSummary/SummaryFiles/20240421.pdf
2024-04-21 12:00:04,969 - INFO - File size too small or none at all
2024-04-21 12:00:04,969 - ERROR - No file for today
2024-04-22 12:00:03,314 - INFO - ./getDataSummary.sh output: b'spawn scp -i /home/sstepanoff3/.ssh/hive sstepanoff3@login-hive.pace.gatech.edu:/storage/hive/project/phy-otte/shared/Trinity/DataAnalysis/DataSummary/Output/20240422.pdf /data/TrinityLabComputer/DataSummary/SummaryFiles/20240422.pdf\r\n\r\nInactive Modules:\r\n  1) mvapich2\r\n\r\nThe following have been reloaded with a version change:\r\n  1) gcc/10.3.0-o57x6h => gcc/8.3.0-rv4av7\r\n  2) mpc/1.2.1-zoh6w2 => mpc/1.1.0-kyjl4f\r\n  3) mpfr/4.1.0-32gcbv => mpfr/3.1.6-yuvsh4\r\n\r\n\r20240422.pdf                                    0%    0     0.0KB/s   --:-- ETA\r20240422.pdf                                  100%   36KB   2.2MB/s   00:00    \r\n' 
2024-04-22 12:00:03,315 - INFO - Most recent file: /data/TrinityLabComputer/DataSummary/SummaryFiles/20240422.pdf
2024-04-22 12:00:05,767 - INFO - successfully sent the mail
2024-04-22 12:00:05,768 - INFO - successfully sent the mail
2024-04-22 12:00:05,768 - INFO - The most recent file was modified today.
2024-04-23 12:00:02,753 - INFO - ./getDataSummary.sh output: b'spawn scp -i /home/sstepanoff3/.ssh/hive sstepanoff3@login-hive.pace.gatech.edu:/storage/hive/project/phy-otte/shared/Trinity/DataAnalysis/DataSummary/Output/20240423.pdf /data/TrinityLabComputer/DataSummary/SummaryFiles/20240423.pdf\r\n\r\nInactive Modules:\r\n  1) mvapich2\r\n\r\nThe following have been reloaded with a version change:\r\n  1) gcc/10.3.0-o57x6h => gcc/8.3.0-rv4av7\r\n  2) mpc/1.2.1-zoh6w2 => mpc/1.1.0-kyjl4f\r\n  3) mpfr/4.1.0-32gcbv => mpfr/3.1.6-yuvsh4\r\n\r\n\r20240423.pdf                                    0%    0     0.0KB/s   --:-- ETA\r20240423.pdf                                  100%   35KB   1.8MB/s   00:00    \r\n' 
2024-04-23 12:00:02,754 - INFO - Most recent file: /data/TrinityLabComputer/DataSummary/SummaryFiles/20240423.pdf
2024-04-23 12:00:06,521 - INFO - successfully sent the mail
2024-04-23 12:00:06,521 - INFO - successfully sent the mail
2024-04-23 12:00:06,522 - INFO - The most recent file was modified today.
2024-04-24 12:00:05,108 - INFO - ./getDataSummary.sh output: b'spawn scp -i /home/sstepanoff3/.ssh/hive sstepanoff3@login-hive.pace.gatech.edu:/storage/hive/project/phy-otte/shared/Trinity/DataAnalysis/DataSummary/Output/20240424.pdf /data/TrinityLabComputer/DataSummary/SummaryFiles/20240424.pdf\r\n\r\nInactive Modules:\r\n  1) mvapich2\r\n\r\nThe following have been reloaded with a version change:\r\n  1) gcc/10.3.0-o57x6h => gcc/8.3.0-rv4av7\r\n  2) mpc/1.2.1-zoh6w2 => mpc/1.1.0-kyjl4f\r\n  3) mpfr/4.1.0-32gcbv => mpfr/3.1.6-yuvsh4\r\n\r\n\r20240424.pdf                                    0%    0     0.0KB/s   --:-- ETA\r20240424.pdf                                  100% 8240   591.0KB/s   00:00    \r\n' 
2024-04-24 12:00:05,108 - INFO - Most recent file: /data/TrinityLabComputer/DataSummary/SummaryFiles/20240424.pdf
2024-04-24 12:00:05,108 - INFO - File size too small or none at all
2024-04-24 12:00:05,108 - ERROR - No file for today
2024-04-25 12:00:03,944 - INFO - ./getDataSummary.sh output: b'spawn scp -i /home/sstepanoff3/.ssh/hive sstepanoff3@login-hive.pace.gatech.edu:/storage/hive/project/phy-otte/shared/Trinity/DataAnalysis/DataSummary/Output/20240425.pdf /data/TrinityLabComputer/DataSummary/SummaryFiles/20240425.pdf\r\n\r\nInactive Modules:\r\n  1) mvapich2\r\n\r\nThe following have been reloaded with a version change:\r\n  1) gcc/10.3.0-o57x6h => gcc/8.3.0-rv4av7\r\n  2) mpc/1.2.1-zoh6w2 => mpc/1.1.0-kyjl4f\r\n  3) mpfr/4.1.0-32gcbv => mpfr/3.1.6-yuvsh4\r\n\r\n\r20240425.pdf                                    0%    0     0.0KB/s   --:-- ETA\r20240425.pdf                                  100% 8240   538.3KB/s   00:00    \r\n' 
2024-04-25 12:00:03,946 - INFO - Most recent file: /data/TrinityLabComputer/DataSummary/SummaryFiles/20240425.pdf
2024-04-25 12:00:03,946 - INFO - File size too small or none at all
2024-04-25 12:00:03,946 - ERROR - No file for today
2024-04-26 12:00:03,381 - INFO - ./getDataSummary.sh output: b'spawn scp -i /home/sstepanoff3/.ssh/hive sstepanoff3@login-hive.pace.gatech.edu:/storage/hive/project/phy-otte/shared/Trinity/DataAnalysis/DataSummary/Output/20240426.pdf /data/TrinityLabComputer/DataSummary/SummaryFiles/20240426.pdf\r\n\r\nInactive Modules:\r\n  1) mvapich2\r\n\r\nThe following have been reloaded with a version change:\r\n  1) gcc/10.3.0-o57x6h => gcc/8.3.0-rv4av7\r\n  2) mpc/1.2.1-zoh6w2 => mpc/1.1.0-kyjl4f\r\n  3) mpfr/4.1.0-32gcbv => mpfr/3.1.6-yuvsh4\r\n\r\n\r20240426.pdf                                    0%    0     0.0KB/s   --:-- ETA\r20240426.pdf                                  100%   35KB   1.6MB/s   00:00    \r\n' 
2024-04-26 12:00:03,383 - INFO - Most recent file: /data/TrinityLabComputer/DataSummary/SummaryFiles/20240426.pdf
2024-04-26 12:00:05,553 - INFO - successfully sent the mail
2024-04-26 12:00:05,553 - INFO - successfully sent the mail
2024-04-26 12:00:05,553 - INFO - The most recent file was modified today.
2024-04-27 12:00:03,377 - INFO - ./getDataSummary.sh output: b'spawn scp -i /home/sstepanoff3/.ssh/hive sstepanoff3@login-hive.pace.gatech.edu:/storage/hive/project/phy-otte/shared/Trinity/DataAnalysis/DataSummary/Output/20240427.pdf /data/TrinityLabComputer/DataSummary/SummaryFiles/20240427.pdf\r\n\r\nInactive Modules:\r\n  1) mvapich2\r\n\r\nThe following have been reloaded with a version change:\r\n  1) gcc/10.3.0-o57x6h => gcc/8.3.0-rv4av7\r\n  2) mpc/1.2.1-zoh6w2 => mpc/1.1.0-kyjl4f\r\n  3) mpfr/4.1.0-32gcbv => mpfr/3.1.6-yuvsh4\r\n\r\n\r20240427.pdf                                    0%    0     0.0KB/s   --:-- ETA\r20240427.pdf                                  100% 8240   344.4KB/s   00:00    \r\n' 
2024-04-27 12:00:03,378 - INFO - Most recent file: /data/TrinityLabComputer/DataSummary/SummaryFiles/20240427.pdf
2024-04-27 12:00:03,378 - INFO - File size too small or none at all
2024-04-27 12:00:03,378 - ERROR - No file for today
2024-04-28 12:00:02,565 - INFO - ./getDataSummary.sh output: b'spawn scp -i /home/sstepanoff3/.ssh/hive sstepanoff3@login-hive.pace.gatech.edu:/storage/hive/project/phy-otte/shared/Trinity/DataAnalysis/DataSummary/Output/20240428.pdf /data/TrinityLabComputer/DataSummary/SummaryFiles/20240428.pdf\r\n\r\nInactive Modules:\r\n  1) mvapich2\r\n\r\nThe following have been reloaded with a version change:\r\n  1) gcc/10.3.0-o57x6h => gcc/8.3.0-rv4av7\r\n  2) mpc/1.2.1-zoh6w2 => mpc/1.1.0-kyjl4f\r\n  3) mpfr/4.1.0-32gcbv => mpfr/3.1.6-yuvsh4\r\n\r\n\r20240428.pdf                                    0%    0     0.0KB/s   --:-- ETA\r20240428.pdf                                  100% 8240   483.7KB/s   00:00    \r\n' 
2024-04-28 12:00:02,566 - INFO - Most recent file: /data/TrinityLabComputer/DataSummary/SummaryFiles/20240428.pdf
2024-04-28 12:00:02,566 - INFO - File size too small or none at all
2024-04-28 12:00:02,566 - ERROR - No file for today
2024-04-29 12:00:04,360 - INFO - ./getDataSummary.sh output: b'spawn scp -i /home/sstepanoff3/.ssh/hive sstepanoff3@login-hive.pace.gatech.edu:/storage/hive/project/phy-otte/shared/Trinity/DataAnalysis/DataSummary/Output/20240429.pdf /data/TrinityLabComputer/DataSummary/SummaryFiles/20240429.pdf\r\n\r\nInactive Modules:\r\n  1) mvapich2\r\n\r\nThe following have been reloaded with a version change:\r\n  1) gcc/10.3.0-o57x6h => gcc/8.3.0-rv4av7\r\n  2) mpc/1.2.1-zoh6w2 => mpc/1.1.0-kyjl4f\r\n  3) mpfr/4.1.0-32gcbv => mpfr/3.1.6-yuvsh4\r\n\r\n\r20240429.pdf                                    0%    0     0.0KB/s   --:-- ETA\r20240429.pdf                                  100% 3474KB  60.2MB/s   00:00    \r\n' 
2024-04-29 12:00:04,361 - INFO - Most recent file: /data/TrinityLabComputer/DataSummary/SummaryFiles/20240429.pdf
2024-04-29 12:00:13,861 - INFO - successfully sent the mail
2024-04-29 12:00:13,861 - INFO - successfully sent the mail
2024-04-29 12:00:13,862 - INFO - The most recent file was modified today.
2024-04-30 12:47:38,976 - INFO - ./getDataSummary.sh output: b'spawn scp -i /home/sstepanoff3/.ssh/hive sstepanoff3@login-hive.pace.gatech.edu:/storage/hive/project/phy-otte/shared/Trinity/DataAnalysis/DataSummary/Output/20240430.pdf /data/TrinityLabComputer/DataSummary/SummaryFiles/20240430.pdf\r\n\r\nInactive Modules:\r\n  1) mvapich2\r\n\r\nThe following have been reloaded with a version change:\r\n  1) gcc/10.3.0-o57x6h => gcc/8.3.0-rv4av7\r\n  2) mpc/1.2.1-zoh6w2 => mpc/1.1.0-kyjl4f\r\n  3) mpfr/4.1.0-32gcbv => mpfr/3.1.6-yuvsh4\r\n\r\n\r20240430.pdf                                    0%    0     0.0KB/s   --:-- ETA\r20240430.pdf                                  100%  128KB   5.6MB/s   00:00    \r\n' 
2024-04-30 12:47:38,978 - INFO - Most recent file: /data/TrinityLabComputer/DataSummary/SummaryFiles/20240430.pdf
2024-04-30 12:47:39,114 - INFO - Failed to send the mail: name 'password' is not defined
2024-04-30 12:47:39,114 - ERROR - Failed to send the mail: name 'password' is not defined
2024-04-30 12:47:39,114 - INFO - The most recent file was modified today.
2024-04-30 12:48:45,425 - INFO - ./getDataSummary.sh output: b'spawn scp -i /home/sstepanoff3/.ssh/hive sstepanoff3@login-hive.pace.gatech.edu:/storage/hive/project/phy-otte/shared/Trinity/DataAnalysis/DataSummary/Output/20240430.pdf /data/TrinityLabComputer/DataSummary/SummaryFiles/20240430.pdf\r\n\r\nInactive Modules:\r\n  1) mvapich2\r\n\r\nThe following have been reloaded with a version change:\r\n  1) gcc/10.3.0-o57x6h => gcc/8.3.0-rv4av7\r\n  2) mpc/1.2.1-zoh6w2 => mpc/1.1.0-kyjl4f\r\n  3) mpfr/4.1.0-32gcbv => mpfr/3.1.6-yuvsh4\r\n\r\n\r20240430.pdf                                    0%    0     0.0KB/s   --:-- ETA\r20240430.pdf                                  100%  128KB   3.9MB/s   00:00    \r\n' 
2024-04-30 12:48:45,426 - INFO - Most recent file: /data/TrinityLabComputer/DataSummary/SummaryFiles/20240430.pdf
2024-04-30 12:48:45,483 - INFO - Failed to send the mail: (535, b'5.7.8 Username and Password not accepted. For more information, go to\n5.7.8  https://support.google.com/mail/?p=BadCredentials c4-20020a0dda04000000b0061893c5bcf0sm3635054ywe.15 - gsmtp')
2024-04-30 12:48:45,484 - ERROR - Failed to send the mail: (535, b'5.7.8 Username and Password not accepted. For more information, go to\n5.7.8  https://support.google.com/mail/?p=BadCredentials c4-20020a0dda04000000b0061893c5bcf0sm3635054ywe.15 - gsmtp')
2024-04-30 12:48:45,484 - INFO - The most recent file was modified today.
2024-04-30 12:49:21,891 - INFO - ./getDataSummary.sh output: b'spawn scp -i /home/sstepanoff3/.ssh/hive sstepanoff3@login-hive.pace.gatech.edu:/storage/hive/project/phy-otte/shared/Trinity/DataAnalysis/DataSummary/Output/20240430.pdf /data/TrinityLabComputer/DataSummary/SummaryFiles/20240430.pdf\r\n\r\nInactive Modules:\r\n  1) mvapich2\r\n\r\nThe following have been reloaded with a version change:\r\n  1) gcc/10.3.0-o57x6h => gcc/8.3.0-rv4av7\r\n  2) mpc/1.2.1-zoh6w2 => mpc/1.1.0-kyjl4f\r\n  3) mpfr/4.1.0-32gcbv => mpfr/3.1.6-yuvsh4\r\n\r\n\r20240430.pdf                                    0%    0     0.0KB/s   --:-- ETA\r20240430.pdf                                  100%  128KB  13.4MB/s   00:00    \r\n' 
2024-04-30 12:49:21,891 - INFO - Most recent file: /data/TrinityLabComputer/DataSummary/SummaryFiles/20240430.pdf
2024-04-30 12:49:21,963 - INFO - Failed to send the mail: (535, b'5.7.8 Username and Password not accepted. For more information, go to\n5.7.8  https://support.google.com/mail/?p=BadCredentials c2-20020a0df302000000b006145e0aa9c5sm5938907ywf.60 - gsmtp')
2024-04-30 12:49:21,963 - ERROR - Failed to send the mail: (535, b'5.7.8 Username and Password not accepted. For more information, go to\n5.7.8  https://support.google.com/mail/?p=BadCredentials c2-20020a0df302000000b006145e0aa9c5sm5938907ywf.60 - gsmtp')
2024-04-30 12:49:21,963 - INFO - The most recent file was modified today.
2024-04-30 12:53:05,709 - INFO - ./getDataSummary.sh output: b'spawn scp -i /home/sstepanoff3/.ssh/hive sstepanoff3@login-hive.pace.gatech.edu:/storage/hive/project/phy-otte/shared/Trinity/DataAnalysis/DataSummary/Output/20240430.pdf /data/TrinityLabComputer/DataSummary/SummaryFiles/20240430.pdf\r\n\r\nInactive Modules:\r\n  1) mvapich2\r\n\r\nThe following have been reloaded with a version change:\r\n  1) gcc/10.3.0-o57x6h => gcc/8.3.0-rv4av7\r\n  2) mpc/1.2.1-zoh6w2 => mpc/1.1.0-kyjl4f\r\n  3) mpfr/4.1.0-32gcbv => mpfr/3.1.6-yuvsh4\r\n\r\n\r20240430.pdf                                    0%    0     0.0KB/s   --:-- ETA\r20240430.pdf                                  100%  128KB   1.7MB/s   00:00    \r\n' 
2024-04-30 12:53:05,709 - INFO - Most recent file: /data/TrinityLabComputer/DataSummary/SummaryFiles/20240430.pdf
2024-04-30 12:53:45,563 - INFO - ./getDataSummary.sh output: b'spawn scp -i /home/sstepanoff3/.ssh/hive sstepanoff3@login-hive.pace.gatech.edu:/storage/hive/project/phy-otte/shared/Trinity/DataAnalysis/DataSummary/Output/20240430.pdf /data/TrinityLabComputer/DataSummary/SummaryFiles/20240430.pdf\r\n\r\nInactive Modules:\r\n  1) mvapich2\r\n\r\nThe following have been reloaded with a version change:\r\n  1) gcc/10.3.0-o57x6h => gcc/8.3.0-rv4av7\r\n  2) mpc/1.2.1-zoh6w2 => mpc/1.1.0-kyjl4f\r\n  3) mpfr/4.1.0-32gcbv => mpfr/3.1.6-yuvsh4\r\n\r\n\r20240430.pdf                                    0%    0     0.0KB/s   --:-- ETA\r20240430.pdf                                  100%  128KB  13.8MB/s   00:00    \r\n' 
2024-04-30 12:53:45,564 - INFO - Most recent file: /data/TrinityLabComputer/DataSummary/SummaryFiles/20240430.pdf
2024-04-30 12:53:45,730 - INFO - Failed to send the mail: name 'sender_email' is not defined
2024-04-30 12:53:45,730 - ERROR - Failed to send the mail: name 'sender_email' is not defined
2024-04-30 12:53:45,731 - INFO - The most recent file was modified today.
2024-04-30 12:54:37,122 - INFO - ./getDataSummary.sh output: b'spawn scp -i /home/sstepanoff3/.ssh/hive sstepanoff3@login-hive.pace.gatech.edu:/storage/hive/project/phy-otte/shared/Trinity/DataAnalysis/DataSummary/Output/20240430.pdf /data/TrinityLabComputer/DataSummary/SummaryFiles/20240430.pdf\r\n\r\nInactive Modules:\r\n  1) mvapich2\r\n\r\nThe following have been reloaded with a version change:\r\n  1) gcc/10.3.0-o57x6h => gcc/8.3.0-rv4av7\r\n  2) mpc/1.2.1-zoh6w2 => mpc/1.1.0-kyjl4f\r\n  3) mpfr/4.1.0-32gcbv => mpfr/3.1.6-yuvsh4\r\n\r\n\r20240430.pdf                                    0%    0     0.0KB/s   --:-- ETA\r20240430.pdf                                  100%  128KB  14.1MB/s   00:00    \r\n' 
2024-04-30 12:54:37,123 - INFO - Most recent file: /data/TrinityLabComputer/DataSummary/SummaryFiles/20240430.pdf
2024-04-30 13:12:04,964 - INFO - Failed to send the mail: [Errno 101] Network is unreachable
2024-04-30 13:12:04,964 - ERROR - Failed to send the mail: [Errno 101] Network is unreachable
2024-04-30 13:12:04,965 - INFO - The most recent file was modified today.
2024-04-30 13:16:35,424 - INFO - ./getDataSummary.sh output: b'spawn scp -i /home/sstepanoff3/.ssh/hive sstepanoff3@login-hive.pace.gatech.edu:/storage/hive/project/phy-otte/shared/Trinity/DataAnalysis/DataSummary/Output/20240430.pdf /data/TrinityLabComputer/DataSummary/SummaryFiles/20240430.pdf\r\n\r\nInactive Modules:\r\n  1) mvapich2\r\n\r\nThe following have been reloaded with a version change:\r\n  1) gcc/10.3.0-o57x6h => gcc/8.3.0-rv4av7\r\n  2) mpc/1.2.1-zoh6w2 => mpc/1.1.0-kyjl4f\r\n  3) mpfr/4.1.0-32gcbv => mpfr/3.1.6-yuvsh4\r\n\r\n\r20240430.pdf                                    0%    0     0.0KB/s   --:-- ETA\r20240430.pdf                                  100%  128KB   8.2MB/s   00:00    \r\n' 
2024-04-30 13:16:35,425 - INFO - Most recent file: /data/TrinityLabComputer/DataSummary/SummaryFiles/20240430.pdf
2024-04-30 13:16:35,450 - INFO - Failed to send the mail: [Errno -8] Servname not supported for ai_socktype
2024-04-30 13:16:35,450 - ERROR - Failed to send the mail: [Errno -8] Servname not supported for ai_socktype
2024-04-30 13:16:35,451 - INFO - The most recent file was modified today.
2024-04-30 13:34:20,790 - INFO - ./getDataSummary.sh output: b'spawn scp -i /home/sstepanoff3/.ssh/hive sstepanoff3@login-hive.pace.gatech.edu:/storage/hive/project/phy-otte/shared/Trinity/DataAnalysis/DataSummary/Output/20240430.pdf /data/TrinityLabComputer/DataSummary/SummaryFiles/20240430.pdf\r\n\r\nInactive Modules:\r\n  1) mvapich2\r\n\r\nThe following have been reloaded with a version change:\r\n  1) gcc/10.3.0-o57x6h => gcc/8.3.0-rv4av7\r\n  2) mpc/1.2.1-zoh6w2 => mpc/1.1.0-kyjl4f\r\n  3) mpfr/4.1.0-32gcbv => mpfr/3.1.6-yuvsh4\r\n\r\n\r20240430.pdf                                    0%    0     0.0KB/s   --:-- ETA\r20240430.pdf                                  100%  128KB   5.4MB/s   00:00    \r\n' 
2024-04-30 13:34:20,791 - INFO - Most recent file: /data/TrinityLabComputer/DataSummary/SummaryFiles/20240430.pdf
2024-04-30 14:01:14,449 - INFO - ./getDataSummary.sh output: b'spawn scp -i /home/sstepanoff3/.ssh/hive sstepanoff3@login-hive.pace.gatech.edu:/storage/hive/project/phy-otte/shared/Trinity/DataAnalysis/DataSummary/Output/20240430.pdf /data/TrinityLabComputer/DataSummary/SummaryFiles/20240430.pdf\r\n\r\nInactive Modules:\r\n  1) mvapich2\r\n\r\nThe following have been reloaded with a version change:\r\n  1) gcc/10.3.0-o57x6h => gcc/8.3.0-rv4av7\r\n  2) mpc/1.2.1-zoh6w2 => mpc/1.1.0-kyjl4f\r\n  3) mpfr/4.1.0-32gcbv => mpfr/3.1.6-yuvsh4\r\n\r\n\r20240430.pdf                                    0%    0     0.0KB/s   --:-- ETA\r20240430.pdf                                  100%  128KB   2.9MB/s   00:00    \r\n' 
2024-04-30 14:01:14,450 - INFO - Most recent file: /data/TrinityLabComputer/DataSummary/SummaryFiles/20240430.pdf
2024-04-30 14:01:32,792 - INFO - ./getDataSummary.sh output: b'spawn scp -i /home/sstepanoff3/.ssh/hive sstepanoff3@login-hive.pace.gatech.edu:/storage/hive/project/phy-otte/shared/Trinity/DataAnalysis/DataSummary/Output/20240430.pdf /data/TrinityLabComputer/DataSummary/SummaryFiles/20240430.pdf\r\n\r\nInactive Modules:\r\n  1) mvapich2\r\n\r\nThe following have been reloaded with a version change:\r\n  1) gcc/10.3.0-o57x6h => gcc/8.3.0-rv4av7\r\n  2) mpc/1.2.1-zoh6w2 => mpc/1.1.0-kyjl4f\r\n  3) mpfr/4.1.0-32gcbv => mpfr/3.1.6-yuvsh4\r\n\r\n\r20240430.pdf                                    0%    0     0.0KB/s   --:-- ETA\r20240430.pdf                                  100%  128KB  14.6MB/s   00:00    \r\n' 
2024-04-30 14:01:32,793 - INFO - Most recent file: /data/TrinityLabComputer/DataSummary/SummaryFiles/20240430.pdf
2024-04-30 14:09:36,823 - INFO - ./getDataSummary.sh output: b'spawn scp -i /home/sstepanoff3/.ssh/hive sstepanoff3@login-hive.pace.gatech.edu:/storage/hive/project/phy-otte/shared/Trinity/DataAnalysis/DataSummary/Output/20240430.pdf /data/TrinityLabComputer/DataSummary/SummaryFiles/20240430.pdf\r\n\r\nInactive Modules:\r\n  1) mvapich2\r\n\r\nThe following have been reloaded with a version change:\r\n  1) gcc/10.3.0-o57x6h => gcc/8.3.0-rv4av7\r\n  2) mpc/1.2.1-zoh6w2 => mpc/1.1.0-kyjl4f\r\n  3) mpfr/4.1.0-32gcbv => mpfr/3.1.6-yuvsh4\r\n\r\n\r20240430.pdf                                    0%    0     0.0KB/s   --:-- ETA\r20240430.pdf                                  100%  128KB   6.3MB/s   00:00    \r\n' 
2024-04-30 14:09:36,823 - INFO - Most recent file: /data/TrinityLabComputer/DataSummary/SummaryFiles/20240430.pdf
2024-04-30 14:09:37,521 - INFO - The most recent file was modified today.
2024-04-30 14:12:27,892 - INFO - ./getDataSummary.sh output: b'spawn scp -i /home/sstepanoff3/.ssh/hive sstepanoff3@login-hive.pace.gatech.edu:/storage/hive/project/phy-otte/shared/Trinity/DataAnalysis/DataSummary/Output/20240430.pdf /data/TrinityLabComputer/DataSummary/SummaryFiles/20240430.pdf\r\n\r\nInactive Modules:\r\n  1) mvapich2\r\n\r\nThe following have been reloaded with a version change:\r\n  1) gcc/10.3.0-o57x6h => gcc/8.3.0-rv4av7\r\n  2) mpc/1.2.1-zoh6w2 => mpc/1.1.0-kyjl4f\r\n  3) mpfr/4.1.0-32gcbv => mpfr/3.1.6-yuvsh4\r\n\r\n\r20240430.pdf                                    0%    0     0.0KB/s   --:-- ETA\r20240430.pdf                                  100%  128KB  13.5MB/s   00:00    \r\n' 
2024-04-30 14:12:27,892 - INFO - Most recent file: /data/TrinityLabComputer/DataSummary/SummaryFiles/20240430.pdf
2024-04-30 14:12:44,725 - INFO - ./getDataSummary.sh output: b'spawn scp -i /home/sstepanoff3/.ssh/hive sstepanoff3@login-hive.pace.gatech.edu:/storage/hive/project/phy-otte/shared/Trinity/DataAnalysis/DataSummary/Output/20240430.pdf /data/TrinityLabComputer/DataSummary/SummaryFiles/20240430.pdf\r\n\r\nInactive Modules:\r\n  1) mvapich2\r\n\r\nThe following have been reloaded with a version change:\r\n  1) gcc/10.3.0-o57x6h => gcc/8.3.0-rv4av7\r\n  2) mpc/1.2.1-zoh6w2 => mpc/1.1.0-kyjl4f\r\n  3) mpfr/4.1.0-32gcbv => mpfr/3.1.6-yuvsh4\r\n\r\n\r20240430.pdf                                    0%    0     0.0KB/s   --:-- ETA\r20240430.pdf                                  100%  128KB  14.1MB/s   00:00    \r\n' 
2024-04-30 14:12:44,726 - INFO - Most recent file: /data/TrinityLabComputer/DataSummary/SummaryFiles/20240430.pdf
2024-04-30 14:14:16,087 - INFO - ./getDataSummary.sh output: b'spawn scp -i /home/sstepanoff3/.ssh/hive sstepanoff3@login-hive.pace.gatech.edu:/storage/hive/project/phy-otte/shared/Trinity/DataAnalysis/DataSummary/Output/20240430.pdf /data/TrinityLabComputer/DataSummary/SummaryFiles/20240430.pdf\r\n\r\nInactive Modules:\r\n  1) mvapich2\r\n\r\nThe following have been reloaded with a version change:\r\n  1) gcc/10.3.0-o57x6h => gcc/8.3.0-rv4av7\r\n  2) mpc/1.2.1-zoh6w2 => mpc/1.1.0-kyjl4f\r\n  3) mpfr/4.1.0-32gcbv => mpfr/3.1.6-yuvsh4\r\n\r\n\r20240430.pdf                                    0%    0     0.0KB/s   --:-- ETA\r20240430.pdf                                  100%  128KB   4.9MB/s   00:00    \r\n' 
2024-04-30 14:14:16,088 - INFO - Most recent file: /data/TrinityLabComputer/DataSummary/SummaryFiles/20240430.pdf
2024-04-30 14:14:55,016 - INFO - ./getDataSummary.sh output: b'spawn scp -i /home/sstepanoff3/.ssh/hive sstepanoff3@login-hive.pace.gatech.edu:/storage/hive/project/phy-otte/shared/Trinity/DataAnalysis/DataSummary/Output/20240430.pdf /data/TrinityLabComputer/DataSummary/SummaryFiles/20240430.pdf\r\n\r\nInactive Modules:\r\n  1) mvapich2\r\n\r\nThe following have been reloaded with a version change:\r\n  1) gcc/10.3.0-o57x6h => gcc/8.3.0-rv4av7\r\n  2) mpc/1.2.1-zoh6w2 => mpc/1.1.0-kyjl4f\r\n  3) mpfr/4.1.0-32gcbv => mpfr/3.1.6-yuvsh4\r\n\r\n\r20240430.pdf                                    0%    0     0.0KB/s   --:-- ETA\r20240430.pdf                                  100%  128KB  13.8MB/s   00:00    \r\n' 
2024-04-30 14:14:55,017 - INFO - Most recent file: /data/TrinityLabComputer/DataSummary/SummaryFiles/20240430.pdf
2024-04-30 14:15:39,077 - INFO - ./getDataSummary.sh output: b'spawn scp -i /home/sstepanoff3/.ssh/hive sstepanoff3@login-hive.pace.gatech.edu:/storage/hive/project/phy-otte/shared/Trinity/DataAnalysis/DataSummary/Output/20240430.pdf /data/TrinityLabComputer/DataSummary/SummaryFiles/20240430.pdf\r\n\r\nInactive Modules:\r\n  1) mvapich2\r\n\r\nThe following have been reloaded with a version change:\r\n  1) gcc/10.3.0-o57x6h => gcc/8.3.0-rv4av7\r\n  2) mpc/1.2.1-zoh6w2 => mpc/1.1.0-kyjl4f\r\n  3) mpfr/4.1.0-32gcbv => mpfr/3.1.6-yuvsh4\r\n\r\n\r20240430.pdf                                    0%    0     0.0KB/s   --:-- ETA\r20240430.pdf                                  100%  128KB   4.0MB/s   00:00    \r\n' 
2024-04-30 14:15:39,078 - INFO - Most recent file: /data/TrinityLabComputer/DataSummary/SummaryFiles/20240430.pdf
2024-04-30 14:16:08,440 - INFO - ./getDataSummary.sh output: b'spawn scp -i /home/sstepanoff3/.ssh/hive sstepanoff3@login-hive.pace.gatech.edu:/storage/hive/project/phy-otte/shared/Trinity/DataAnalysis/DataSummary/Output/20240430.pdf /data/TrinityLabComputer/DataSummary/SummaryFiles/20240430.pdf\r\n\r\nInactive Modules:\r\n  1) mvapich2\r\n\r\nThe following have been reloaded with a version change:\r\n  1) gcc/10.3.0-o57x6h => gcc/8.3.0-rv4av7\r\n  2) mpc/1.2.1-zoh6w2 => mpc/1.1.0-kyjl4f\r\n  3) mpfr/4.1.0-32gcbv => mpfr/3.1.6-yuvsh4\r\n\r\n\r20240430.pdf                                    0%    0     0.0KB/s   --:-- ETA\r20240430.pdf                                  100%  128KB  13.5MB/s   00:00    \r\n' 
2024-04-30 14:16:08,440 - INFO - Most recent file: /data/TrinityLabComputer/DataSummary/SummaryFiles/20240430.pdf
2024-04-30 14:16:29,234 - INFO - ./getDataSummary.sh output: b'spawn scp -i /home/sstepanoff3/.ssh/hive sstepanoff3@login-hive.pace.gatech.edu:/storage/hive/project/phy-otte/shared/Trinity/DataAnalysis/DataSummary/Output/20240430.pdf /data/TrinityLabComputer/DataSummary/SummaryFiles/20240430.pdf\r\n\r\nInactive Modules:\r\n  1) mvapich2\r\n\r\nThe following have been reloaded with a version change:\r\n  1) gcc/10.3.0-o57x6h => gcc/8.3.0-rv4av7\r\n  2) mpc/1.2.1-zoh6w2 => mpc/1.1.0-kyjl4f\r\n  3) mpfr/4.1.0-32gcbv => mpfr/3.1.6-yuvsh4\r\n\r\n\r20240430.pdf                                    0%    0     0.0KB/s   --:-- ETA\r20240430.pdf                                  100%  128KB  12.2MB/s   00:00    \r\n' 
2024-04-30 14:16:29,234 - INFO - Most recent file: /data/TrinityLabComputer/DataSummary/SummaryFiles/20240430.pdf
2024-04-30 14:19:30,594 - INFO - ./getDataSummary.sh output: b'spawn scp -i /home/sstepanoff3/.ssh/hive sstepanoff3@login-hive.pace.gatech.edu:/storage/hive/project/phy-otte/shared/Trinity/DataAnalysis/DataSummary/Output/20240430.pdf /data/TrinityLabComputer/DataSummary/SummaryFiles/20240430.pdf\r\n\r\nInactive Modules:\r\n  1) mvapich2\r\n\r\nThe following have been reloaded with a version change:\r\n  1) gcc/10.3.0-o57x6h => gcc/8.3.0-rv4av7\r\n  2) mpc/1.2.1-zoh6w2 => mpc/1.1.0-kyjl4f\r\n  3) mpfr/4.1.0-32gcbv => mpfr/3.1.6-yuvsh4\r\n\r\n\r20240430.pdf                                    0%    0     0.0KB/s   --:-- ETA\r20240430.pdf                                  100%  128KB   4.6MB/s   00:00    \r\n' 
2024-04-30 14:19:30,595 - INFO - Most recent file: /data/TrinityLabComputer/DataSummary/SummaryFiles/20240430.pdf
2024-04-30 14:19:42,070 - INFO - ./getDataSummary.sh output: b'spawn scp -i /home/sstepanoff3/.ssh/hive sstepanoff3@login-hive.pace.gatech.edu:/storage/hive/project/phy-otte/shared/Trinity/DataAnalysis/DataSummary/Output/20240430.pdf /data/TrinityLabComputer/DataSummary/SummaryFiles/20240430.pdf\r\n\r\nInactive Modules:\r\n  1) mvapich2\r\n\r\nThe following have been reloaded with a version change:\r\n  1) gcc/10.3.0-o57x6h => gcc/8.3.0-rv4av7\r\n  2) mpc/1.2.1-zoh6w2 => mpc/1.1.0-kyjl4f\r\n  3) mpfr/4.1.0-32gcbv => mpfr/3.1.6-yuvsh4\r\n\r\n\r20240430.pdf                                    0%    0     0.0KB/s   --:-- ETA\r20240430.pdf                                  100%  128KB  13.8MB/s   00:00    \r\n' 
2024-04-30 14:19:42,070 - INFO - Most recent file: /data/TrinityLabComputer/DataSummary/SummaryFiles/20240430.pdf
2024-04-30 14:19:55,140 - INFO - ./getDataSummary.sh output: b'spawn scp -i /home/sstepanoff3/.ssh/hive sstepanoff3@login-hive.pace.gatech.edu:/storage/hive/project/phy-otte/shared/Trinity/DataAnalysis/DataSummary/Output/20240430.pdf /data/TrinityLabComputer/DataSummary/SummaryFiles/20240430.pdf\r\n\r\nInactive Modules:\r\n  1) mvapich2\r\n\r\nThe following have been reloaded with a version change:\r\n  1) gcc/10.3.0-o57x6h => gcc/8.3.0-rv4av7\r\n  2) mpc/1.2.1-zoh6w2 => mpc/1.1.0-kyjl4f\r\n  3) mpfr/4.1.0-32gcbv => mpfr/3.1.6-yuvsh4\r\n\r\n\r20240430.pdf                                    0%    0     0.0KB/s   --:-- ETA\r20240430.pdf                                  100%  128KB  12.9MB/s   00:00    \r\n' 
2024-04-30 14:19:55,140 - INFO - Most recent file: /data/TrinityLabComputer/DataSummary/SummaryFiles/20240430.pdf
2024-04-30 14:21:00,574 - INFO - ./getDataSummary.sh output: b'spawn scp -i /home/sstepanoff3/.ssh/hive sstepanoff3@login-hive.pace.gatech.edu:/storage/hive/project/phy-otte/shared/Trinity/DataAnalysis/DataSummary/Output/20240430.pdf /data/TrinityLabComputer/DataSummary/SummaryFiles/20240430.pdf\r\n\r\nInactive Modules:\r\n  1) mvapich2\r\n\r\nThe following have been reloaded with a version change:\r\n  1) gcc/10.3.0-o57x6h => gcc/8.3.0-rv4av7\r\n  2) mpc/1.2.1-zoh6w2 => mpc/1.1.0-kyjl4f\r\n  3) mpfr/4.1.0-32gcbv => mpfr/3.1.6-yuvsh4\r\n\r\n\r20240430.pdf                                    0%    0     0.0KB/s   --:-- ETA\r20240430.pdf                                  100%  128KB  13.9MB/s   00:00    \r\n' 
2024-04-30 14:21:00,574 - INFO - Most recent file: /data/TrinityLabComputer/DataSummary/SummaryFiles/20240430.pdf
2024-04-30 14:22:17,198 - INFO - ./getDataSummary.sh output: b'spawn scp -i /home/sstepanoff3/.ssh/hive sstepanoff3@login-hive.pace.gatech.edu:/storage/hive/project/phy-otte/shared/Trinity/DataAnalysis/DataSummary/Output/20240430.pdf /data/TrinityLabComputer/DataSummary/SummaryFiles/20240430.pdf\r\n\r\nInactive Modules:\r\n  1) mvapich2\r\n\r\nThe following have been reloaded with a version change:\r\n  1) gcc/10.3.0-o57x6h => gcc/8.3.0-rv4av7\r\n  2) mpc/1.2.1-zoh6w2 => mpc/1.1.0-kyjl4f\r\n  3) mpfr/4.1.0-32gcbv => mpfr/3.1.6-yuvsh4\r\n\r\n\r20240430.pdf                                    0%    0     0.0KB/s   --:-- ETA\r20240430.pdf                                  100%  128KB  13.3MB/s   00:00    \r\n' 
2024-04-30 14:22:17,199 - INFO - Most recent file: /data/TrinityLabComputer/DataSummary/SummaryFiles/20240430.pdf
2024-04-30 14:22:18,231 - INFO - The most recent file was modified today.
2024-04-30 14:26:24,666 - INFO - ./getDataSummary.sh output: b'spawn scp -i /home/sstepanoff3/.ssh/hive sstepanoff3@login-hive.pace.gatech.edu:/storage/hive/project/phy-otte/shared/Trinity/DataAnalysis/DataSummary/Output/20240430.pdf /data/TrinityLabComputer/DataSummary/SummaryFiles/20240430.pdf\r\n\r\nInactive Modules:\r\n  1) mvapich2\r\n\r\nThe following have been reloaded with a version change:\r\n  1) gcc/10.3.0-o57x6h => gcc/8.3.0-rv4av7\r\n  2) mpc/1.2.1-zoh6w2 => mpc/1.1.0-kyjl4f\r\n  3) mpfr/4.1.0-32gcbv => mpfr/3.1.6-yuvsh4\r\n\r\n\r20240430.pdf                                    0%    0     0.0KB/s   --:-- ETA\r20240430.pdf                                  100%  128KB   4.2MB/s   00:00    \r\n' 
2024-04-30 14:26:24,666 - INFO - Most recent file: /data/TrinityLabComputer/DataSummary/SummaryFiles/20240430.pdf
2024-04-30 14:30:39,923 - INFO - ./getDataSummary.sh output: b'spawn scp -i /home/sstepanoff3/.ssh/hive sstepanoff3@login-hive.pace.gatech.edu:/storage/hive/project/phy-otte/shared/Trinity/DataAnalysis/DataSummary/Output/20240430.pdf /data/TrinityLabComputer/DataSummary/SummaryFiles/20240430.pdf\r\n\r\nInactive Modules:\r\n  1) mvapich2\r\n\r\nThe following have been reloaded with a version change:\r\n  1) gcc/10.3.0-o57x6h => gcc/8.3.0-rv4av7\r\n  2) mpc/1.2.1-zoh6w2 => mpc/1.1.0-kyjl4f\r\n  3) mpfr/4.1.0-32gcbv => mpfr/3.1.6-yuvsh4\r\n\r\n\r20240430.pdf                                    0%    0     0.0KB/s   --:-- ETA\r20240430.pdf                                  100%  128KB   5.9MB/s   00:00    \r\n' 
2024-04-30 14:30:39,923 - INFO - Most recent file: /data/TrinityLabComputer/DataSummary/SummaryFiles/20240430.pdf
2024-04-30 14:30:40,867 - INFO - The most recent file was modified today.
2024-04-30 14:34:00,622 - INFO - ./getDataSummary.sh output: b'spawn scp -i /home/sstepanoff3/.ssh/hive sstepanoff3@login-hive.pace.gatech.edu:/storage/hive/project/phy-otte/shared/Trinity/DataAnalysis/DataSummary/Output/20240430.pdf /data/TrinityLabComputer/DataSummary/SummaryFiles/20240430.pdf\r\n\r\nInactive Modules:\r\n  1) mvapich2\r\n\r\nThe following have been reloaded with a version change:\r\n  1) gcc/10.3.0-o57x6h => gcc/8.3.0-rv4av7\r\n  2) mpc/1.2.1-zoh6w2 => mpc/1.1.0-kyjl4f\r\n  3) mpfr/4.1.0-32gcbv => mpfr/3.1.6-yuvsh4\r\n\r\n\r20240430.pdf                                    0%    0     0.0KB/s   --:-- ETA\r20240430.pdf                                  100%  128KB   5.7MB/s   00:00    \r\n' 
2024-04-30 14:34:00,623 - INFO - Most recent file: /data/TrinityLabComputer/DataSummary/SummaryFiles/20240430.pdf
2024-04-30 14:34:01,794 - INFO - The most recent file was modified today.
2024-05-01 12:00:03,194 - INFO - ./getDataSummary.sh output: b'spawn scp -i /home/sstepanoff3/.ssh/hive sstepanoff3@login-hive.pace.gatech.edu:/storage/hive/project/phy-otte/shared/Trinity/DataAnalysis/DataSummary/Output/20240501.pdf /data/TrinityLabComputer/DataSummary/SummaryFiles/20240501.pdf\r\n\r\nInactive Modules:\r\n  1) mvapich2\r\n\r\nThe following have been reloaded with a version change:\r\n  1) gcc/10.3.0-o57x6h => gcc/8.3.0-rv4av7\r\n  2) mpc/1.2.1-zoh6w2 => mpc/1.1.0-kyjl4f\r\n  3) mpfr/4.1.0-32gcbv => mpfr/3.1.6-yuvsh4\r\n\r\n\r20240501.pdf                                    0%    0     0.0KB/s   --:-- ETA\r20240501.pdf                                  100%  125KB   5.3MB/s   00:00    \r\n' 
2024-05-01 12:00:03,194 - INFO - Most recent file: /data/TrinityLabComputer/DataSummary/SummaryFiles/20240501.pdf
2024-05-01 12:00:04,369 - INFO - The most recent file was modified today.
2024-05-02 12:00:03,303 - INFO - ./getDataSummary.sh output: b'spawn scp -i /home/sstepanoff3/.ssh/hive sstepanoff3@login-hive.pace.gatech.edu:/storage/hive/project/phy-otte/shared/Trinity/DataAnalysis/DataSummary/Output/20240502.pdf /data/TrinityLabComputer/DataSummary/SummaryFiles/20240502.pdf\r\n\r\nInactive Modules:\r\n  1) mvapich2\r\n\r\nThe following have been reloaded with a version change:\r\n  1) gcc/10.3.0-o57x6h => gcc/8.3.0-rv4av7\r\n  2) mpc/1.2.1-zoh6w2 => mpc/1.1.0-kyjl4f\r\n  3) mpfr/4.1.0-32gcbv => mpfr/3.1.6-yuvsh4\r\n\r\n\r20240502.pdf                                    0%    0     0.0KB/s   --:-- ETA\r20240502.pdf                                  100% 1683KB  36.0MB/s   00:00    \r\n' 
2024-05-02 12:00:03,303 - INFO - Most recent file: /data/TrinityLabComputer/DataSummary/SummaryFiles/20240502.pdf
2024-05-02 12:00:06,361 - INFO - The most recent file was modified today.
2024-05-03 12:00:02,983 - INFO - ./getDataSummary.sh output: b'spawn scp -i /home/sstepanoff3/.ssh/hive sstepanoff3@login-hive.pace.gatech.edu:/storage/hive/project/phy-otte/shared/Trinity/DataAnalysis/DataSummary/Output/20240503.pdf /data/TrinityLabComputer/DataSummary/SummaryFiles/20240503.pdf\r\n\r\nInactive Modules:\r\n  1) mvapich2\r\n\r\nThe following have been reloaded with a version change:\r\n  1) gcc/10.3.0-o57x6h => gcc/8.3.0-rv4av7\r\n  2) mpc/1.2.1-zoh6w2 => mpc/1.1.0-kyjl4f\r\n  3) mpfr/4.1.0-32gcbv => mpfr/3.1.6-yuvsh4\r\n\r\n\r20240503.pdf                                    0%    0     0.0KB/s   --:-- ETA\r20240503.pdf                                  100%   30KB   3.1MB/s   00:00    \r\n' 
2024-05-03 12:00:02,983 - INFO - Most recent file: /data/TrinityLabComputer/DataSummary/SummaryFiles/20240503.pdf
2024-05-03 12:00:02,983 - INFO - File size too small or none at all
2024-05-03 12:00:02,983 - ERROR - No file for today
2024-05-04 12:00:03,502 - INFO - ./getDataSummary.sh output: b'spawn scp -i /home/sstepanoff3/.ssh/hive sstepanoff3@login-hive.pace.gatech.edu:/storage/hive/project/phy-otte/shared/Trinity/DataAnalysis/DataSummary/Output/20240504.pdf /data/TrinityLabComputer/DataSummary/SummaryFiles/20240504.pdf\r\n\r\nInactive Modules:\r\n  1) mvapich2\r\n\r\nThe following have been reloaded with a version change:\r\n  1) gcc/10.3.0-o57x6h => gcc/8.3.0-rv4av7\r\n  2) mpc/1.2.1-zoh6w2 => mpc/1.1.0-kyjl4f\r\n  3) mpfr/4.1.0-32gcbv => mpfr/3.1.6-yuvsh4\r\n\r\nscp: /storage/hive/project/phy-otte/shared/Trinity/DataAnalysis/DataSummary/Output/20240504.pdf: No such file or directory\r\n' 
2024-05-04 12:00:03,505 - INFO - Most recent file: /data/TrinityLabComputer/DataSummary/SummaryFiles/create.log
2024-05-08 12:00:01,822 - INFO - ./getDataSummary.sh output: b'spawn scp -i /home/sstepanoff3/.ssh/hive sstepanoff3@login-hive.pace.gatech.edu:/storage/hive/project/phy-otte/shared/Trinity/DataAnalysis/DataSummary/Output/20240508.pdf /data/TrinityLabComputer/DataSummary/SummaryFiles/20240508.pdf\r\nssh: Could not resolve hostname login-hive.pace.gatech.edu: Temporary failure in name resolution\r\r\n' 
2024-05-08 12:00:01,870 - INFO - Most recent file: /data/TrinityLabComputer/DataSummary/SummaryFiles/create.log
2024-05-09 12:00:01,598 - INFO - ./getDataSummary.sh output: b'spawn scp -i /home/sstepanoff3/.ssh/hive sstepanoff3@login-hive.pace.gatech.edu:/storage/hive/project/phy-otte/shared/Trinity/DataAnalysis/DataSummary/Output/20240509.pdf /data/TrinityLabComputer/DataSummary/SummaryFiles/20240509.pdf\r\n#####################\r\n\r\nHi PACE Users.  You are seeing this message because PACE is performing our\r\nquarterly maintenance period scheduled to begin at 6:00am on Tuesday\r\nMay 7, 2024, and conclude by 11:59pm on Thursday May 9, 2024.\r\nAccess to the cluster is restricted.  After maintenance has finished, this\r\nmessage will be updated for relevant users with further instructions on how\r\nto log into PACE resources.\r\n\r\nSee our blog at:\r\nhttps://blog.pace.gatech.edu/\r\n\r\n#####################\r\n\r\nConnection closed by 128.61.254.11 port 22\r\r\n' 
2024-05-09 12:00:01,599 - INFO - Most recent file: /data/TrinityLabComputer/DataSummary/SummaryFiles/create.log
2024-05-10 12:00:02,495 - INFO - ./getDataSummary.sh output: b'spawn scp -i /home/sstepanoff3/.ssh/hive sstepanoff3@login-hive.pace.gatech.edu:/storage/hive/project/phy-otte/shared/Trinity/DataAnalysis/DataSummary/Output/20240510.pdf /data/TrinityLabComputer/DataSummary/SummaryFiles/20240510.pdf\r\n\r\nInactive Modules:\r\n  1) mvapich2\r\n\r\nThe following have been reloaded with a version change:\r\n  1) gcc/10.3.0-o57x6h => gcc/8.3.0-rv4av7\r\n  2) mpc/1.2.1-zoh6w2 => mpc/1.1.0-kyjl4f\r\n  3) mpfr/4.1.0-32gcbv => mpfr/3.1.6-yuvsh4\r\n\r\n\r20240510.pdf                                    0%    0     0.0KB/s   --:-- ETA\r20240510.pdf                                  100%  717KB  41.1MB/s   00:00    \r\n' 
2024-05-10 12:00:02,495 - INFO - Most recent file: /data/TrinityLabComputer/DataSummary/SummaryFiles/20240510.pdf
2024-05-10 12:00:04,346 - INFO - The most recent file was modified today.
