Used Storage: 62% Wed Feb 14 22:09:49 2024

Used Storage: 63% Thu Feb 15 17:00:01 2024
Used Storage: 64% Thu Feb 15 22:24:54 2024
Used Storage: 65% Thu Feb 15 22:25:20 2024
Successfully sent email Thu Feb 15 22:25:22 2024
Used Storage: 66% Fri Feb 16 17:00:02 2024
Used Storage: 69% Sat Feb 17 17:00:01 2024
Used Storage: 68% Sun Feb 18 17:00:02 2024
Used Storage: 68% Mon Feb 19 17:00:01 2024
Used Storage: 70% Tue Feb 20 17:00:02 2024
Used Storage: 74% Wed Feb 21 17:00:02 2024
Successfully sent email Wed Feb 21 17:00:09 2024
Used Storage: 71% Thu Feb 22 17:00:01 2024
Successfully sent email Thu Feb 22 17:00:03 2024
Used Storage: 63% Fri Feb 23 17:00:01 2024
Used Storage: 71% Sat Feb 24 17:00:01 2024
Successfully sent email Sat Feb 24 17:00:03 2024
Used Storage: 64% Sun Feb 25 17:00:01 2024
Used Storage: 63% Mon Feb 26 17:00:01 2024
Used Storage: 63% Tue Feb 27 17:00:02 2024
Used Storage: 63% Wed Feb 28 17:00:01 2024
Used Storage: 63% Thu Feb 29 17:00:02 2024
Used Storage: 72% Fri Mar  1 17:00:02 2024
Successfully sent email Fri Mar  1 17:00:04 2024
